
R version 3.3.0 (2016-05-03) -- "Supposedly Educational"
Copyright (C) 2016 The R Foundation for Statistical Computing
Platform: x86_64-pc-linux-gnu (64-bit)

R is free software and comes with ABSOLUTELY NO WARRANTY.
You are welcome to redistribute it under certain conditions.
Type 'license()' or 'licence()' for distribution details.

  Natural language support but running in an English locale

R is a collaborative project with many contributors.
Type 'contributors()' for more information and
'citation()' on how to cite R or R packages in publications.

Type 'demo()' for some demos, 'help()' for on-line help, or
'help.start()' for an HTML browser interface to help.
Type 'q()' to quit R.

> ##g050_meta_analysis_unpaired.r
> ##2016-01-04 fgarcia@cipf.es, antoi@alumni.uv.es
> ##Functional Meta-Analysis of transcriptomic studies
> ##Annotation: KEGG 
> 
> 
> 
> # STEP 1. Preparing input for meta-analysis: LOR and SD matrix
> #################################################################
> ## starting
> date ()
[1] "Sat May 28 19:40:41 2016"
> Sys.info ()[c("nodename", "user")]
        nodename             user 
"fgarcia-laptop"        "fgarcia" 
> commandArgs ()
[1] "/usr/lib/R/bin/exec/R"              "-f"                                
[3] "h050_meta_analysis_unpaired_kegg.r" "--restore"                         
[5] "--save"                             "--no-readline"                     
> R.version.string 
[1] "R version 3.3.0 (2016-05-03)"
> try (source (".job.r")); try (.job)

.job.r has been sourced

$name
[1] "tcga"

$dir
$dir$data
[1] "~/Desktop/phd/02_meta_analysis/tcga/data"

$dir$code
[1] "~/Desktop/phd/02_meta_analysis/tcga"

$dir$scripts
[1] "~/Desktop/phd/02_meta_analysis/tcga/scripts"

$dir$docs
[1] "~/Desktop/phd/02_meta_analysis/tcga/documents"

$dir$rawdat
[1] "~/Desktop/phd/02_meta_analysis/tcga/data/data_raw"

$dir$annotation
[1] "~/Desktop/phd/02_meta_analysis/tcga/data/data_annotation"

$dir$proces
[1] "~/Desktop/phd/02_meta_analysis/tcga/data/data_processed"

$dir$plots
[1] "~/Desktop/phd/02_meta_analysis/tcga/data/results/plots"

$dir$res
[1] "~/Desktop/phd/02_meta_analysis/tcga/data/results/files"


$testmode
[1] FALSE

$dec
[1] "."

$idsep
[1] " /// "

> 
> # clean the working space
> rm (list = ls ())
> 
> 
> ### load libraries
> # We need to install and load these packages:
> library(Biobase); packageDescription("Biobase", fields = "Version")
Loading required package: BiocGenerics
Loading required package: parallel

Attaching package: ‘BiocGenerics’

The following objects are masked from ‘package:parallel’:

    clusterApply, clusterApplyLB, clusterCall, clusterEvalQ,
    clusterExport, clusterMap, parApply, parCapply, parLapply,
    parLapplyLB, parRapply, parSapply, parSapplyLB

The following objects are masked from ‘package:stats’:

    IQR, mad, xtabs

The following objects are masked from ‘package:base’:

    anyDuplicated, append, as.data.frame, as.vector, cbind, colnames,
    do.call, duplicated, eval, evalq, Filter, Find, get, grep, grepl,
    intersect, is.unsorted, lapply, lengths, Map, mapply, match, mget,
    order, paste, pmax, pmax.int, pmin, pmin.int, Position, rank,
    rbind, Reduce, rownames, sapply, setdiff, sort, table, tapply,
    union, unique, unlist, unsplit

Welcome to Bioconductor

    Vignettes contain introductory material; view with
    'browseVignettes()'. To cite Bioconductor, see
    'citation("Biobase")', and for packages 'citation("pkgname")'.

[1] "2.30.0"
> library(metafor); packageDescription("metafor", fields = "Version")
Loading required package: Matrix
Loading 'metafor' package (version 1.9-8). For an overview 
and introduction to the package please type: help(metafor).
[1] "1.9-8"
> library(mdgsa); packageDescription("mdgsa", fields = "Version")
Loading required package: DBI


KEGG.db contains mappings based on older data because the original
  resource was removed from the the public domain before the most
  recent update was produced. This package should now be considered
  deprecated and future versions of Bioconductor may not have it
  available.  Users who want more current data are encouraged to look
  at the KEGGREST or reactome.db packages

[1] "1.2.0"
> #library(RamiGO); packageDescription("RamiGO", fields = "Version")
> library(ggplot2); packageDescription("ggplot2", fields = "Version")
[1] "2.1.0"
> library(reshape); packageDescription("reshape", fields = "Version")

Attaching package: ‘reshape’

The following object is masked from ‘package:Matrix’:

    expand

[1] "0.8.5"
> 
> 
> ### previously for each study, we need results GSA from mdgsa in a file .RData including this structure (dataframe): 
> ####            N        lor        pval      padj        sd          t conv
> #### GO:0000002 12  0.4373106 0.128203007 1.0000000 0.2874434  1.5213797    1
> #### GO:0000018 29  0.2177107 0.238623945 1.0000000 0.1847325  1.1785188    1
> 
> 
> 
> ### load results from gene set analysis for each study
> setwd (file.path (.job$dir$proces, "kegg",  "res_uvgsa_unpaired"))
> ficheros <- dir(pattern= ".RData")
> ficheros
 [1] "blca.RData" "brca.RData" "cesc.RData" "coad.RData" "esca.RData"
 [6] "hnsc.RData" "kich.RData" "kirc.RData" "kirp.RData" "lihc.RData"
[11] "luad.RData" "lusc.RData" "paad.RData" "pcpg.RData" "prad.RData"
[16] "read.RData" "skcm.RData" "stad.RData" "thca.RData" "ucec.RData"
> 
> # we search a list including all unique kegg IDs for all studies
> kegguniq<-NULL
> for (fi in ficheros){
+   load (fi)
+   kegguniq <- c(kegguniq, rownames (res))
+ }
> length (kegguniq)
[1] 5760
> kegguniq <- unique (kegguniq)
> length (kegguniq)
[1] 288
> kegguniq <- sort (kegguniq)
> 
> 
> ### generating matrix with all LOR for all studies
> mat.lor <- matrix (NA, nrow = length (kegguniq), ncol = length (ficheros))
> rownames (mat.lor) <- kegguniq
> colnames (mat.lor) <- strsplit (ficheros, ".RData")
> head (mat.lor[, 1:5])
         blca brca cesc coad esca
hsa00010   NA   NA   NA   NA   NA
hsa00020   NA   NA   NA   NA   NA
hsa00030   NA   NA   NA   NA   NA
hsa00040   NA   NA   NA   NA   NA
hsa00051   NA   NA   NA   NA   NA
hsa00052   NA   NA   NA   NA   NA
> 
> for (fi in ficheros){
+   load (fi)
+   co <- as.character(strsplit (fi, ".RData"))
+   lor <- res$lor
+   names (lor) <- (rownames (res))
+   mat.lor[, co] <- lor[rownames(mat.lor)] 
+ }
> 
> head (mat.lor[, 1:5])
                blca        brca        cesc        coad         esca
hsa00010 -0.08752169 -0.03855868  0.02916150 -0.07289601 -0.019458192
hsa00020 -0.15565964 -0.05418092  0.08552029  0.16836953 -0.063993584
hsa00030 -0.17406597 -0.24946691 -0.10971852 -0.15821872  0.032562590
hsa00040  0.02231373 -0.06491169  0.24851447 -0.37361182  0.122181706
hsa00051 -0.01693013 -0.22276383  0.04138230 -0.16685246  0.002663291
hsa00052 -0.06735666 -0.21526804 -0.13734972 -0.09879236 -0.080109736
> table (is.na(mat.lor))

FALSE 
 5760 
> dim (mat.lor)
[1] 288  20
> summary(mat.lor)
      blca               brca               cesc               coad         
 Min.   :-0.57233   Min.   :-0.54592   Min.   :-0.37493   Min.   :-0.63101  
 1st Qu.:-0.15377   1st Qu.:-0.15537   1st Qu.:-0.12464   1st Qu.:-0.07982  
 Median :-0.07428   Median :-0.06227   Median :-0.02713   Median : 0.05616  
 Mean   :-0.07753   Mean   :-0.07405   Mean   :-0.02992   Mean   : 0.04284  
 3rd Qu.: 0.01228   3rd Qu.: 0.01730   3rd Qu.: 0.05953   3rd Qu.: 0.18570  
 Max.   : 0.36061   Max.   : 0.24496   Max.   : 0.34528   Max.   : 0.66470  
      esca               hnsc              kich               kirc          
 Min.   :-0.53378   Min.   :-0.5761   Min.   :-0.68841   Min.   :-0.770904  
 1st Qu.:-0.18080   1st Qu.:-0.2182   1st Qu.:-0.17836   1st Qu.:-0.116644  
 Median :-0.07037   Median :-0.1038   Median :-0.07039   Median :-0.002263  
 Mean   :-0.07610   Mean   :-0.1096   Mean   :-0.08362   Mean   :-0.023776  
 3rd Qu.: 0.02115   3rd Qu.: 0.0112   3rd Qu.: 0.02474   3rd Qu.: 0.088257  
 Max.   : 0.32887   Max.   : 0.2922   Max.   : 0.36941   Max.   : 0.451326  
      kirp                lihc                luad                lusc         
 Min.   :-0.934042   Min.   :-0.635224   Min.   :-0.525150   Min.   :-0.43172  
 1st Qu.:-0.215769   1st Qu.:-0.108044   1st Qu.:-0.073265   1st Qu.:-0.12853  
 Median :-0.109572   Median :-0.001024   Median :-0.011174   Median :-0.02262  
 Mean   :-0.107356   Mean   :-0.002221   Mean   :-0.007624   Mean   :-0.02396  
 3rd Qu.: 0.004336   3rd Qu.: 0.114804   3rd Qu.: 0.066494   3rd Qu.: 0.06926  
 Max.   : 0.400768   Max.   : 0.481341   Max.   : 0.339617   Max.   : 0.46510  
      paad               pcpg               prad               read          
 Min.   :-0.57541   Min.   :-0.38750   Min.   :-0.65942   Min.   :-0.706100  
 1st Qu.:-0.11542   1st Qu.:-0.07723   1st Qu.:-0.14314   1st Qu.:-0.131797  
 Median :-0.03321   Median : 0.02273   Median :-0.04602   Median : 0.005673  
 Mean   :-0.04247   Mean   : 0.02339   Mean   :-0.06594   Mean   :-0.004934  
 3rd Qu.: 0.04108   3rd Qu.: 0.11545   3rd Qu.: 0.04263   3rd Qu.: 0.133034  
 Max.   : 0.34077   Max.   : 0.58665   Max.   : 0.26775   Max.   : 0.487374  
      skcm                stad                thca               ucec         
 Min.   :-0.702997   Min.   :-0.559084   Min.   :-0.29499   Min.   :-0.48581  
 1st Qu.:-0.231877   1st Qu.:-0.164391   1st Qu.:-0.06104   1st Qu.:-0.21945  
 Median :-0.115682   Median :-0.081970   Median : 0.01950   Median :-0.08211  
 Mean   :-0.116953   Mean   :-0.082091   Mean   : 0.03043   Mean   :-0.09401  
 3rd Qu.:-0.002568   3rd Qu.: 0.007808   3rd Qu.: 0.11864   3rd Qu.: 0.02338  
 Max.   : 0.333150   Max.   : 0.323828   Max.   : 0.53388   Max.   : 0.31637  
> 
> 
> ### generating matrix with all SD for all studies
> mat.sd <- matrix (NA, nrow = length (kegguniq), ncol = length (ficheros))
> rownames (mat.sd) <- kegguniq
> colnames (mat.sd) <- strsplit (ficheros, ".RData")
> head (mat.sd[, 1:5])
         blca brca cesc coad esca
hsa00010   NA   NA   NA   NA   NA
hsa00020   NA   NA   NA   NA   NA
hsa00030   NA   NA   NA   NA   NA
hsa00040   NA   NA   NA   NA   NA
hsa00051   NA   NA   NA   NA   NA
hsa00052   NA   NA   NA   NA   NA
> 
> for (fi in ficheros){
+   load (fi)
+   co <- as.character(strsplit (fi, ".RData"))
+   sd <- res$sd
+   names (sd) <- (rownames (res))
+   head (sd)
+   mat.sd[, co] <- sd[rownames(mat.sd)] 
+ }
> 
> head (mat.sd)
              blca      brca      cesc      coad      esca      hnsc      kich
hsa00010 0.1166638 0.1166280 0.1166277 0.1166166 0.1166224 0.1165371 0.1165860
hsa00020 0.1390996 0.1390376 0.1390876 0.1386932 0.1390270 0.1390002 0.1390072
hsa00030 0.1643436 0.1651731 0.1647729 0.1644354 0.1646757 0.1646384 0.1643072
hsa00040 0.1743327 0.1742860 0.1743131 0.1709338 0.1740475 0.1739585 0.1741509
hsa00051 0.1493699 0.1496361 0.1493779 0.1492646 0.1493700 0.1493690 0.1490796
hsa00052 0.1646974 0.1651404 0.1650571 0.1646032 0.1647311 0.1648428 0.1644609
              kirc      kirp      lihc      luad      lusc      paad      pcpg
hsa00010 0.1166242 0.1166209 0.1166096 0.1166232 0.1166313 0.1166071 0.1166343
hsa00020 0.1389953 0.1389958 0.1389946 0.1390111 0.1390470 0.1389182 0.1390129
hsa00030 0.1638330 0.1651412 0.1646727 0.1646566 0.1646696 0.1646616 0.1648546
hsa00040 0.1738547 0.1742625 0.1709894 0.1743328 0.1737786 0.1742827 0.1743045
hsa00051 0.1492893 0.1494244 0.1493581 0.1493722 0.1493031 0.1495921 0.1494309
hsa00052 0.1646520 0.1647132 0.1647044 0.1646699 0.1646680 0.1646804 0.1651423
              prad      read      skcm      stad      thca      ucec
hsa00010 0.1166152 0.1165951 0.1166206 0.1167236 0.1165981 0.1166214
hsa00020 0.1390704 0.1389929 0.1390013 0.1388466 0.1389835 0.1389973
hsa00030 0.1644628 0.1640706 0.1648487 0.1646652 0.1644886 0.1646696
hsa00040 0.1743316 0.1720903 0.1740875 0.1741236 0.1741982 0.1739373
hsa00051 0.1491877 0.1492185 0.1499253 0.1493696 0.1494608 0.1493700
hsa00052 0.1647295 0.1643097 0.1646789 0.1647003 0.1641239 0.1647143
> table (is.na(mat.sd))

FALSE 
 5760 
> dim (mat.sd)
[1] 288  20
> summary(mat.sd)
      blca              brca              cesc              coad        
 Min.   :0.05896   Min.   :0.05896   Min.   :0.05896   Min.   :0.05896  
 1st Qu.:0.09242   1st Qu.:0.09242   1st Qu.:0.09244   1st Qu.:0.09235  
 Median :0.11473   Median :0.11485   Median :0.11484   Median :0.11478  
 Mean   :0.12627   Mean   :0.12647   Mean   :0.12644   Mean   :0.12615  
 3rd Qu.:0.14902   3rd Qu.:0.14875   3rd Qu.:0.14896   3rd Qu.:0.14771  
 Max.   :0.31628   Max.   :0.31681   Max.   :0.32641   Max.   :0.31271  
      esca              hnsc              kich              kirc        
 Min.   :0.05896   Min.   :0.05895   Min.   :0.05895   Min.   :0.05896  
 1st Qu.:0.09244   1st Qu.:0.09254   1st Qu.:0.09242   1st Qu.:0.09243  
 Median :0.11492   Median :0.11481   Median :0.11484   Median :0.11503  
 Mean   :0.12618   Mean   :0.12626   Mean   :0.12626   Mean   :0.12618  
 3rd Qu.:0.14869   3rd Qu.:0.14802   3rd Qu.:0.14812   3rd Qu.:0.14777  
 Max.   :0.31516   Max.   :0.31640   Max.   :0.31249   Max.   :0.30132  
      kirp              lihc              luad              lusc        
 Min.   :0.05896   Min.   :0.05896   Min.   :0.05896   Min.   :0.05895  
 1st Qu.:0.09249   1st Qu.:0.09238   1st Qu.:0.09243   1st Qu.:0.09245  
 Median :0.11487   Median :0.11486   Median :0.11474   Median :0.11491  
 Mean   :0.12634   Mean   :0.12621   Mean   :0.12622   Mean   :0.12620  
 3rd Qu.:0.14815   3rd Qu.:0.14774   3rd Qu.:0.14783   3rd Qu.:0.14793  
 Max.   :0.31556   Max.   :0.31640   Max.   :0.31582   Max.   :0.31437  
      paad              pcpg              prad              read        
 Min.   :0.05895   Min.   :0.05896   Min.   :0.05895   Min.   :0.05895  
 1st Qu.:0.09248   1st Qu.:0.09243   1st Qu.:0.09243   1st Qu.:0.09233  
 Median :0.11484   Median :0.11511   Median :0.11465   Median :0.11486  
 Mean   :0.12628   Mean   :0.12646   Mean   :0.12616   Mean   :0.12607  
 3rd Qu.:0.14775   3rd Qu.:0.14780   3rd Qu.:0.14786   3rd Qu.:0.14757  
 Max.   :0.31436   Max.   :0.31842   Max.   :0.30775   Max.   :0.31064  
      skcm              stad              thca              ucec        
 Min.   :0.05898   Min.   :0.05896   Min.   :0.05896   Min.   :0.05896  
 1st Qu.:0.09225   1st Qu.:0.09243   1st Qu.:0.09239   1st Qu.:0.09253  
 Median :0.11477   Median :0.11480   Median :0.11494   Median :0.11488  
 Mean   :0.12634   Mean   :0.12622   Mean   :0.12619   Mean   :0.12634  
 3rd Qu.:0.14774   3rd Qu.:0.14927   3rd Qu.:0.14786   3rd Qu.:0.14813  
 Max.   :0.31640   Max.   :0.31580   Max.   :0.31566   Max.   :0.31867  
> 
> 
> ### generating matrix with all adjusted p values for all studies
> mat.adjp <- matrix (NA, nrow = length (kegguniq), ncol = length (ficheros))
> rownames (mat.adjp) <- kegguniq
> colnames (mat.adjp) <- strsplit (ficheros, ".RData")
> head (mat.adjp[, 1:5])
         blca brca cesc coad esca
hsa00010   NA   NA   NA   NA   NA
hsa00020   NA   NA   NA   NA   NA
hsa00030   NA   NA   NA   NA   NA
hsa00040   NA   NA   NA   NA   NA
hsa00051   NA   NA   NA   NA   NA
hsa00052   NA   NA   NA   NA   NA
> 
> for (fi in ficheros){
+   load (fi)
+   co <- as.character(strsplit (fi, ".RData"))
+   adjp <- res$padj
+   names (adjp) <- (rownames (res))
+   head (adjp)
+   mat.adjp[, co] <- adjp[rownames(mat.adjp)] 
+ }
> 
> head (mat.adjp)
         blca brca cesc      coad esca hnsc kich kirc kirp lihc luad lusc paad
hsa00010    1    1    1 1.0000000    1    1    1    1    1    1    1    1    1
hsa00020    1    1    1 1.0000000    1    1    1    1    1    1    1    1    1
hsa00030    1    1    1 1.0000000    1    1    1    1    1    1    1    1    1
hsa00040    1    1    1 0.7742294    1    1    1    1    1    1    1    1    1
hsa00051    1    1    1 1.0000000    1    1    1    1    1    1    1    1    1
hsa00052    1    1    1 1.0000000    1    1    1    1    1    1    1    1    1
         pcpg prad read skcm stad thca ucec
hsa00010    1    1    1    1    1    1    1
hsa00020    1    1    1    1    1    1    1
hsa00030    1    1    1    1    1    1    1
hsa00040    1    1    1    1    1    1    1
hsa00051    1    1    1    1    1    1    1
hsa00052    1    1    1    1    1    1    1
> table (is.na(mat.adjp))

FALSE 
 5760 
> dim (mat.adjp)
[1] 288  20
> table(mat.adjp < 0.05)

FALSE  TRUE 
 5714    46 
> 
> mat.adj2 <- (mat.adjp < 0.05)
> head(mat.adj2)
          blca  brca  cesc  coad  esca  hnsc  kich  kirc  kirp  lihc  luad
hsa00010 FALSE FALSE FALSE FALSE FALSE FALSE FALSE FALSE FALSE FALSE FALSE
hsa00020 FALSE FALSE FALSE FALSE FALSE FALSE FALSE FALSE FALSE FALSE FALSE
hsa00030 FALSE FALSE FALSE FALSE FALSE FALSE FALSE FALSE FALSE FALSE FALSE
hsa00040 FALSE FALSE FALSE FALSE FALSE FALSE FALSE FALSE FALSE FALSE FALSE
hsa00051 FALSE FALSE FALSE FALSE FALSE FALSE FALSE FALSE FALSE FALSE FALSE
hsa00052 FALSE FALSE FALSE FALSE FALSE FALSE FALSE FALSE FALSE FALSE FALSE
          lusc  paad  pcpg  prad  read  skcm  stad  thca  ucec
hsa00010 FALSE FALSE FALSE FALSE FALSE FALSE FALSE FALSE FALSE
hsa00020 FALSE FALSE FALSE FALSE FALSE FALSE FALSE FALSE FALSE
hsa00030 FALSE FALSE FALSE FALSE FALSE FALSE FALSE FALSE FALSE
hsa00040 FALSE FALSE FALSE FALSE FALSE FALSE FALSE FALSE FALSE
hsa00051 FALSE FALSE FALSE FALSE FALSE FALSE FALSE FALSE FALSE
hsa00052 FALSE FALSE FALSE FALSE FALSE FALSE FALSE FALSE FALSE
> total <- apply(mat.adj2, 1, sum)
> head(total)
hsa00010 hsa00020 hsa00030 hsa00040 hsa00051 hsa00052 
       0        0        0        0        0        0 
> summary(total)
   Min. 1st Qu.  Median    Mean 3rd Qu.    Max. 
 0.0000  0.0000  0.0000  0.1597  0.0000  5.0000 
> table(total)
total
  0   1   2   3   4   5 
258  20   7   1   1   1 
> 
> 
> 
> 
> 
> 
> # STEP 2. Meta-analysis for functional terms
> #################################################################
> 
> #In general, we suppose between-study variance is non-zero.
> #there are different methods to estimate this variance:
> #DL (Dersimonian-Laird), REML (Restricted maximum-likelihood, default)....
> #result.lor <- rma(yi = mat.lor[1, ], vi = mat.sd[1, ], method = "DL") 
> # DerSimonian-Laird. Y -> log(OR) V -> var(log(OR)
> 
> #We also evaluate Fixed Effects (FE)
> 
> 
> # explore the function to do the meta-analysis
> #?rma
> 
> # parameters to select
> # methods = c("DL", "HE", "HS", "SJ", "ML", "REML", "EB", "PM", "FE")  #methods for meta-analysis
> methods = c("DL", "HE", "HS", "SJ",                "PM", "FE")  #methods for meta-analysis
> 
> corte = 0.05  #threshold to detect significant results
> or    = 0.5   #threshold to detect OR 
> adj.p.value = "fdr"  # method to adjust p-values
> 
> # preparing a matrix for results
> res <- matrix (NA, nrow = length (methods), ncol = 6)
> colnames(res) <- c("over", "under", "sig.over", "sig.under", "sig.or.over", "sig.or.under")
> rownames(res) <- methods
> res
   over under sig.over sig.under sig.or.over sig.or.under
DL   NA    NA       NA        NA          NA           NA
HE   NA    NA       NA        NA          NA           NA
HS   NA    NA       NA        NA          NA           NA
SJ   NA    NA       NA        NA          NA           NA
PM   NA    NA       NA        NA          NA           NA
FE   NA    NA       NA        NA          NA           NA
> # important: we have to indicate our variability measure is standard deviance and not variance
> # from "sei" (by defalt is "vi"):
> 
> # meta-analysis
> for (i in methods){
+   meta_analisis <- lapply(1:length(rownames(mat.lor)),
+                           function(x){yi = rma(mat.lor[x, ], sei =mat.sd[x, ],
+                                           method = i)})
+   # sometimes for   methods there are converge problems: I have to increase the number of iter
+   #(http://www.metafor-project.org/doku.php/tips:convergence_problems_rma)
+   #   length(meta_analisis)
+   #   meta_analisis[[1]]
+   names (meta_analisis) <- rownames(mat.lor)
+   result_meta <- as.data.frame(do.call("rbind", lapply(meta_analisis,function(x)
+     {c(x$ci.lb, x$b, x$ci.ub, x$pval, x$QE, x$QEp, x$se, x$tau2, x$I2, x$H2) })))
+   colnames(result_meta) <- c("lower_bound", "summary_LOR", "upper_bound", "pvalue", 
+                              "QE", "QEp", "SE", "tau2", "I2", "H2")
+   p.adjust <- p.adjust(result_meta[, 4], method= adj.p.value)  
+   result_meta <- round(cbind (result_meta, p.adjust),5)
+   
+   if (file.exists(file.path (.job$dir$code, "results",  "kegg", "unpaired","files"))){
+     setwd(file.path(.job$dir$code, "results",  "kegg", "unpaired","files"))
+   } else {
+     dir.create(file.path(.job$dir$code, "results",  "kegg", "unpaired","files"), recursive = T)
+     setwd(file.path(.job$dir$code, "results",  "kegg", "unpaired","files"))    
+   }
+   #save  (list = c("meta_analisis", "result_meta"), file = sprintf("meta_result_%s.RData", i))
+   
+   res[i, "over"]      <-  sum(result_meta[, "summary_LOR"] > 0)
+   res[i, "under"]    <-  sum(result_meta[, "summary_LOR"] < 0)
+   res[i,"sig.over"]   <-  sum(result_meta[, "summary_LOR"] > 0 & result_meta[,"p.adjust"] < corte)
+   res[i,"sig.under"] <-  sum(result_meta[, "summary_LOR"] < 0 & result_meta[,"p.adjust"] < corte)
+   res[i,"sig.or.over"]   <-  sum(result_meta[, "summary_LOR"] >  or & result_meta[,"p.adjust"] < corte)
+   res[i,"sig.or.under"] <-  sum(result_meta[, "summary_LOR"] < -or & result_meta[,"p.adjust"] < corte)
+   
+ 
+   # Getting common IDs for all models 
+   if (i == "DL"){
+     DL <- result_meta    
+     DL[,"name"] <- getKEGGnames(substr(rownames(DL),4,8))
+     DL[, "ID"]   <- rownames(DL)
+     DL <- DL[c("ID", "name", "lower_bound", "summary_LOR", "upper_bound", "pvalue",
+                "p.adjust", "QE", "QEp", "SE", "tau2", "I2", "H2" )]
+     write.table(DL, "all.results.DL.txt", sep = "\t", quote = F, row.names = F)
+     DLs = subset(DL, DL[,"p.adjust"] < corte)
+     write.table(DLs, "sig.results.DL.txt", sep = "\t", quote = F, row.names = F)
+     idDL = rownames(DLs)
+    #these lines, only for DL to include in final report
+     DLs_or = DLs[abs(DLs$summary_LOR) > or,]
+     write.table(DLs_or, "sig.or.results.DL.txt", sep = "\t", quote = F, row.names = F)
+ 
+   }
+   if (i == "HE"){
+     HE <- result_meta    
+     HE[,"name"] <- getKEGGnames(substr(rownames(HE),4,8))
+     HE[, "ID"]   <- rownames(HE)
+     HE <- HE[c("ID", "name", "lower_bound", "summary_LOR", "upper_bound", "pvalue",
+                "p.adjust","QE", "QEp", "SE", "tau2", "I2", "H2" )]
+     write.table(HE, "all.results.HE.txt", sep = "\t", quote = F, row.names = F)
+     HEs = subset(HE, HE[,"p.adjust"] < corte)
+     write.table(HEs, "sig.results.HE.txt", sep = "\t", quote = F, row.names = F)
+     idHE = rownames(HEs)
+   }
+   if (i == "HS"){
+     HS <- result_meta
+     HS[,"name"] <- getKEGGnames(substr(rownames(HS),4,8))
+     HS[, "ID"]   <- rownames(HS)
+     HS <- HS[c("ID", "name", "lower_bound", "summary_LOR", "upper_bound", "pvalue",
+                "p.adjust","QE", "QEp", "SE", "tau2", "I2", "H2" )]
+     write.table(HS, "all.results.HS.txt", sep = "\t", quote = F, row.names = F)
+     HSs = subset(HS, HS[,"p.adjust"] < corte)
+     write.table(HSs, "sig.results.HS.txt", sep = "\t", quote = F, row.names = F)
+     idHS = rownames(HSs)
+   }
+   if (i == "SJ"){
+     SJ <- result_meta
+     SJ[,"name"] <- getKEGGnames(substr(rownames(SJ),4,8))
+     SJ[, "ID"]   <- rownames(SJ)
+     SJ <- SJ[c("ID", "name", "lower_bound", "summary_LOR", "upper_bound", "pvalue",
+                "p.adjust","QE", "QEp", "SE", "tau2", "I2", "H2" )]
+     write.table(SJ, "all.results.SJ.txt", sep = "\t", quote = F, row.names = F)
+     SJs = subset(SJ, SJ[,"p.adjust"] < corte)
+     write.table(SJs, "sig.results.SJ.txt", sep = "\t", quote = F, row.names = F)
+     idSJ = rownames(SJs)
+   }
+ #   if (i == "ML"){
+ #     ML <- result_meta
+ #     ML[,"name"] <- getKEGGnames(substr(rownames(ML),4,8))
+ #     ML[, "ID"]   <- rownames(ML)
+ #     ML <- ML[c("ID", "name", "lower_bound", "summary_LOR", "upper_bound", "pvalue",
+ #                "p.adjust","QE", "QEp", "SE", "tau2", "I2", "H2" )]
+ #     write.table(ML, "all.results.ML.txt", sep = "\t", quote = F, row.names = F)
+ #     MLs = subset(ML, ML[,"p.adjust"] < corte)
+ #     write.table(MLs, "sig.results.ML.txt", sep = "\t", quote = F, row.names = F)
+ #     idML = rownames(MLs)
+ #   }
+ #   if (i == "REML"){
+ #     REML <- result_meta
+ #     REML[,"name"] <- getKEGGnames(substr(rownames(REML),4,8))
+ #     REML[, "ID"]   <- rownames(REML)
+ #     REML <- REML[c("ID", "name", "lower_bound", "summary_LOR", "upper_bound", "pvalue",
+ #                    "p.adjust","QE", "QEp", "SE", "tau2", "I2", "H2" )]
+ #     write.table(REML, "all.results.REML.txt", sep = "\t", quote = F, row.names = F)
+ #     REMLs = subset(REML, REML[,"p.adjust"] < corte)
+ #     write.table(REMLs, "sig.results.REML.txt", sep = "\t", quote = F, row.names = F)
+ #     idREML = rownames(REMLs)
+ #   }
+ #   if (i == "EB"){
+ #     EB <- result_meta
+ #     EB[,"name"] <- getKEGGnames(substr(rownames(EB),4,8))
+ #     EB[, "ID"]   <- rownames(EB)
+ #     EB <- EB[c("ID", "name", "lower_bound", "summary_LOR", "upper_bound", "pvalue",
+ #                "p.adjust","QE", "QEp", "SE", "tau2", "I2", "H2" )]
+ #     write.table(EB, "all.results.EB.txt", sep = "\t", quote = F, row.names = F)
+ #     EBs = subset(EB, EB[,"p.adjust"] < corte)
+ #     write.table(EBs, "sig.results.EB.txt", sep = "\t", quote = F, row.names = F)
+ #     idEB = rownames(EBs)
+ #   }
+   if (i == "PM"){
+     PM <- result_meta
+     PM[,"name"] <- getKEGGnames(substr(rownames(PM),4,8))
+     PM[, "ID"]   <- rownames(PM)
+     PM <- PM[c("ID", "name", "lower_bound", "summary_LOR", "upper_bound", "pvalue",
+                "p.adjust","QE", "QEp", "SE", "tau2", "I2", "H2" )]
+     write.table(PM, "all.results.PM.txt", sep = "\t", quote = F, row.names = F)
+     PMs = subset(PM, PM[,"p.adjust"] < corte)
+     write.table(PMs, "sig.results.PM.txt", sep = "\t", quote = F, row.names = F)
+     idPM = rownames(PMs)
+   }
+   if (i == "FE"){
+     FE <- result_meta
+     FE[,"name"] <- getKEGGnames(substr(rownames(FE),4,8))
+     FE[, "ID"]   <- rownames(FE)
+     FE <- FE[c("ID", "name", "lower_bound", "summary_LOR", "upper_bound", "pvalue",
+                "p.adjust","QE", "QEp", "SE", "tau2", "I2", "H2" )]
+     write.table(FE, "all.results.FE.txt", sep = "\t", quote = F, row.names = F)
+     FEs = subset(FE, FE[,"p.adjust"] < corte)
+     write.table(FEs, "sig.results.FE.txt", sep = "\t", quote = F, row.names = F)
+     idFE = rownames(FEs)
+   }
+ }
Using KEGG.db version: 3.2.2
Using KEGG.db version: 3.2.2
Using KEGG.db version: 3.2.2
Using KEGG.db version: 3.2.2
Using KEGG.db version: 3.2.2
Using KEGG.db version: 3.2.2
Warning messages:
1: In getKEGGnames(substr(rownames(DL), 4, 8)) :
  1 KEEGids where not found; missing names generated.
2: In getKEGGnames(substr(rownames(HE), 4, 8)) :
  1 KEEGids where not found; missing names generated.
3: In getKEGGnames(substr(rownames(HS), 4, 8)) :
  1 KEEGids where not found; missing names generated.
4: In getKEGGnames(substr(rownames(SJ), 4, 8)) :
  1 KEEGids where not found; missing names generated.
5: In getKEGGnames(substr(rownames(PM), 4, 8)) :
  1 KEEGids where not found; missing names generated.
6: In getKEGGnames(substr(rownames(FE), 4, 8)) :
  1 KEEGids where not found; missing names generated.
> 
> 
> 
> ##GLOBAL RESULTS
> setwd (file.path (.job$dir$code, "results","kegg","unpaired","files"))
> 
> 
> # A. All results for different models
> print(res)
   over under sig.over sig.under sig.or.over sig.or.under
DL   76   212        8        72           0            0
HE   76   212        8        72           0            0
HS   76   212        9        74           0            0
SJ   76   212        8        57           0            0
PM   76   212        8        72           0            0
FE   76   212       15       106           0            0
> cat ("method\t", file = "res_all.txt")
> write.table (res, file = "res_all.txt",
+              append = TRUE, quote = FALSE, sep = "\t", 
+              row.names = TRUE, col.names = TRUE)
Warning message:
In write.table(res, file = "res_all.txt", append = TRUE, quote = FALSE,  :
  appending column names to file
> 
> 
> # B. Intersection
> # intersectmodels = Reduce(intersect, list(idDL, idHE, idHS, idSJ, idML, idREML, idEB, idPM, idFE))
>  intersectmodels =  Reduce(intersect,  list(idDL, idHE, idHS, idSJ,                 idPM, idFE))
> length(intersectmodels)
[1] 65
> write.table (intersectmodels, file = "res_intersection.txt",
+              quote = FALSE, sep = "\t", row.names = F, col.names = F)
> # # to print in a file:
> # cat(intersectmodels, file = "intersection_models.txt", sep = "\n", append = TRUE) 
> # cat("\nList of identifiers generated from the intersection of  generated models.")
> 
> 
> 
> # C. Union
> #unionmodels = Reduce(c, list(idDL, idHE, idHS, idSJ, idML, idREML, idEB, idPM, idFE))
>  unionmodels = Reduce(c, list(idDL, idHE, idHS, idSJ,               idPM, idFE))
> 
> mat.union <- as.data.frame(table(unionmodels))
> dim(mat.union)
[1] 121   2
> mat.union <- mat.union[order(mat.union$Freq, decreasing = T),]
> cat ("ID\tFreq\n", file = "res_union.txt")
> write.table (mat.union, file = "res_union.txt",append = TRUE,
+              quote = FALSE, sep = "\t", row.names = F, col.names = F)
> 
> 
> 
> 
> # STEP 3. GRAPHICAL REPRESENTATION
> #################################################################
> 
> if (file.exists(file.path (.job$dir$code, "results",  "kegg", "unpaired", "plots"))){
+   setwd(file.path(.job$dir$code, "results",  "kegg", "unpaired", "plots"))
+ } else {
+   dir.create(file.path(.job$dir$code, "results",  "kegg", "unpaired", "plots"), recursive = T)
+   setwd(file.path(.job$dir$code, "results",  "kegg", "unpaired", "plots"))    
+ }
> 
> 
> 
> 
> ## 3.1. plot to evaluate heterogeneity for all models 
> ######################################################
> 
> # methods<-  c(rep("DL", nrow(DL)),rep("HE", nrow(HE)),rep("HS", nrow(HS)),rep("SJ", nrow(SJ)), 
> #             rep("ML", nrow(ML)),rep("REML", nrow(REML)),rep("EB", nrow(EB)),
> #             rep("PM", nrow(PM)),rep("FE", nrow(FE)))
> methods<-  c(rep("DL", nrow(DL)),rep("HE", nrow(HE)),rep("HS", nrow(HS)),rep("SJ", nrow(SJ)), 
+                                                     rep("PM", nrow(PM)),rep("FE", nrow(FE)) )
> # QEp   <- c(DL$QEp, HE$QEp, HS$QEp, SJ$QEp, ML$QEp, REML$QEp, EB$QEp, PM$QEp, FE$QEp)
> QEp      <- c(DL$QEp, HE$QEp, HS$QEp, SJ$QEp,                    PM$QEp, FE$QEp)
> SE       <- c(DL$SE, HE$SE, HS$SE, SJ$SE,                    PM$SE, FE$SE)
> I2       <- c(DL$I2, HE$I2, HS$I2, SJ$I2,                    PM$I2, FE$I2)
> H2       <- c(DL$H2, HE$H2, HS$H2, SJ$H2,                    PM$H2, FE$H2)
> tau2     <- c(DL$tau2, HE$tau2, HS$tau2, SJ$tau2,                   PM$tau2, FE$tau2)
> 
> datos <- data.frame (cbind(as.factor(methods), QEp, SE, I2, H2, tau2))
> head(datos)
  V1     QEp      SE       I2      H2    tau2
1  1 0.99461 0.02608  0.00000 1.00000 0.00000
2  1 0.94697 0.03108  0.00000 1.00000 0.00000
3  1 0.67616 0.03681  0.00000 1.00000 0.00000
4  1 0.30476 0.04142 12.02538 1.13669 0.00413
5  1 0.73270 0.03340  0.00000 1.00000 0.00000
6  1 0.87088 0.03683  0.00000 1.00000 0.00000
> dim(datos)
[1] 1728    6
> summary(datos)
       V1           QEp                 SE                I2        
 Min.   :1.0   Min.   :0.000000   Min.   :0.01318   Min.   : 0.000  
 1st Qu.:2.0   1st Qu.:0.005895   1st Qu.:0.02535   1st Qu.: 0.000  
 Median :3.5   Median :0.343720   Median :0.03200   Median : 7.602  
 Mean   :3.5   Mean   :0.418400   Mean   :0.03375   Mean   :22.926  
 3rd Qu.:5.0   3rd Qu.:0.850507   3rd Qu.:0.04074   3rd Qu.:46.352  
 Max.   :6.0   Max.   :1.000000   Max.   :0.09271   Max.   :90.147  
       H2              tau2        
 Min.   : 1.000   Min.   :0.00000  
 1st Qu.: 1.000   1st Qu.:0.00000  
 Median : 1.082   Median :0.00090  
 Mean   : 1.657   Mean   :0.00764  
 3rd Qu.: 1.864   3rd Qu.:0.01050  
 Max.   :10.149   Max.   :0.10307  
> param <- c("QEp", "SE", "I2", "H2", "tau2")
> x.por <- 3
> y.por <- 2
> 
> 
> # We drawn separately QEp because we need abline for 0.05
> jpeg (filename = "KEGG_het_QEp.jpeg",  
+       width = 480 *x.por ,   height = 480*y.por,
+       pointsize = 150, quality = 100) 
> p <- ggplot(datos, aes(methods, datos[, "QEp"]))
> p <- p + geom_boxplot(col = "blue")
> p <- p + xlab("Métodos") 
> p <- p + ylab("QEp")
> p <- p + theme(axis.title.x= element_text(colour= "black", size = 40 )) #to change size of title in axis x
> p <- p + theme(axis.title.y= element_text(colour= "black", size = 40 )) #to change size of title in axis y
> p <- p + theme(axis.text.x = element_text(colour= "black", size = 30 )) #to change size of numbers
> p <- p + theme(axis.text.y = element_text(colour= "black", size = 30 )) #to change size of numbers
> p <- p + geom_hline(yintercept = 0.05, col = "red")
> print(p)
> dev.off ()
null device 
          1 
> 
> #Now the rest:
> for (i in 2:length(param)){
+   jpeg (filename = paste("KEGG_het_", param[i], ".jpeg", sep = ""),  
+         width = 480 *x.por ,   height = 480*y.por,
+         pointsize = 150, quality = 100) 
+   p <- ggplot(datos, aes(methods, datos[, param[i]]))
+   p <- p + geom_boxplot(col = "blue")
+   p <- p + xlab("Métodos") 
+   p <- p + ylab(param[i])
+   p <- p + theme(axis.title.x= element_text(colour= "black", size = 40 )) #to change size of title in axis x
+   p <- p + theme(axis.title.y= element_text(colour= "black", size = 40 )) #to change size of title in axis y
+   p <- p + theme(axis.text.x = element_text(colour= "black", size = 30 )) #to change size of numbers
+   p <- p + theme(axis.text.y = element_text(colour= "black", size = 30 )) #to change size of numbers
+ #   p <- p + geom_hline(yintercept = 0.05, col = "red")
+   print(p)
+   dev.off ()
+ }
> 
> 
> 
> 
> 
> ## 3.2. plots to explore OUTPUT data: LOR vs. FDR (volcano plot) 
> ######################################################
> 
> # This plot shows final results for each method
> # We want to know the relationship between combined LOR and its SE
> 
> # Select results for a specific method:
> res.method = DL #  results from Dersimonian-Laird method
> 
> summary(res.method[, "summary_LOR"])
     Min.   1st Qu.    Median      Mean   3rd Qu.      Max. 
-0.324600 -0.083880 -0.044120 -0.046350  0.001452  0.156200 
> summary(res.method[, "p.adjust"])
   Min. 1st Qu.  Median    Mean 3rd Qu.    Max. 
0.00000 0.03752 0.21750 0.31940 0.52100 0.98970 
> log10 <- -log(res.method[, "p.adjust"], base = 10)
> summary(log10)
    Min.  1st Qu.   Median     Mean  3rd Qu.     Max. 
0.004492 0.283200 0.662500      Inf 1.427000      Inf 
> corte.logfdr <- 3
> table(log10 > 3)

FALSE  TRUE 
  256    32 
> head(res.method)
               ID                                     name lower_bound
hsa00010 hsa00010             Glycolysis / Gluconeogenesis    -0.07497
hsa00020 hsa00020                Citrate cycle (TCA cycle)    -0.09572
hsa00030 hsa00030                Pentose phosphate pathway    -0.15335
hsa00040 hsa00040 Pentose and glucuronate interconversions    -0.09874
hsa00051 hsa00051          Fructose and mannose metabolism    -0.10079
hsa00052 hsa00052                     Galactose metabolism    -0.12813
         summary_LOR upper_bound  pvalue p.adjust       QE     QEp      SE
hsa00010    -0.02386     0.02725 0.36013  0.48705  6.92259 0.99461 0.02608
hsa00020    -0.03480     0.02611 0.26278  0.40052 10.23276 0.94697 0.03108
hsa00030    -0.08122    -0.00908 0.02734  0.08203 15.71555 0.67616 0.03681
hsa00040    -0.01756     0.06361 0.67149  0.78935 21.59714 0.30476 0.04142
hsa00051    -0.03532     0.03015 0.29036  0.42234 14.84014 0.73270 0.03340
hsa00052    -0.05595     0.01623 0.12872  0.24389 12.33351 0.87088 0.03683
            tau2       I2      H2
hsa00010 0.00000  0.00000 1.00000
hsa00020 0.00000  0.00000 1.00000
hsa00030 0.00000  0.00000 1.00000
hsa00040 0.00413 12.02538 1.13669
hsa00051 0.00000  0.00000 1.00000
hsa00052 0.00000  0.00000 1.00000
> 
> #I assign colors but the plot show other colors by default. I have to adjust it!
> 
> res.method$threshold = rep("white", nrow(res.method))
> sig.up   <- (res.method[, "p.adjust"] < 0.05) & (res.method[, "summary_LOR"] > 0)
> sig.down <- (res.method[, "p.adjust"] < 0.05) & (res.method[, "summary_LOR"] < 0)
> 
> res.method$threshold [sig.up]    <- "blue"
> res.method$threshold [sig.down]  <- "red"
> table(res.method$threshold)

 blue   red white 
    8    72   208 
> res.method2 <- res.method[log10 < corte.logfdr,]
> table(res.method2$threshold)

 blue   red white 
    3    45   208 
> 
> dim(res.method2)
[1] 256  14
> res.method$threshold <- as.factor(res.method$threshold)
> 
> ##Construct the plot object
> x.por <- 3
> y.por <- 3
> jpeg (filename = "volcano_unpaired_kegg.jpeg",  width = 480 *x.por ,   height = 480*y.por, pointsize = 100, quality = 100) 
> g <- ggplot(data=res.method2, aes(x=summary_LOR, y=-log10(p.adjust), colour= threshold)) #generate data
> g <- g + geom_point(alpha=0.8, size=4) 
> g <- g + xlim(c(-0.51, 0.51)) + ylim(c(0, 3.1))
> g <- g + xlab("log2 Odds Ratio") 
> g <- g + theme(axis.title.x= element_text(colour= "black", size = 35 )) #to change size of title in axis x
> g <- g + ylab("-log10 FDR") 
> g <- g + theme(axis.title.y= element_text(colour= "black", size = 35 )) #to change size of title in axis y
> g <- g + labs(title = "Volcano plot")
> g <- g + theme(title= element_text(colour= "black", size = 35 )) #to change size of title 
> g <- g + theme(axis.text.x = element_text(colour= "black", size = 35 )) #to change size of numbers
> g <- g + theme(axis.text.y = element_text(colour= "black", size = 35 )) #to change size of numbers
> g <- g + geom_vline(xintercept= c(0), colour = "black", size = 0.5)
> g <- g + geom_hline(yintercept= -log(0.05, base= 10), colour = "black", size = 0.5)
> g <- g + theme(legend.position = "none") 
> print(g)
> dev.off ()
null device 
          1 
> 
> 
> ## 3.3. plot to evaluate heterogeneity for all models 
> ######################################################
> 
> # methods<-  c(rep("DL", nrow(DL)),rep("HE", nrow(HE)),rep("HS", nrow(HS)),rep("SJ", nrow(SJ)), 
> #             rep("ML", nrow(ML)),rep("REML", nrow(REML)),rep("EB", nrow(EB)),
> #             rep("PM", nrow(PM)),rep("FE", nrow(FE)))
> methods<-  c(rep("DL", nrow(DL)),rep("HE", nrow(HE)),rep("HS", nrow(HS)),rep("SJ", nrow(SJ)), 
+              rep("PM", nrow(PM)),rep("FE", nrow(FE)) )
> # QEp   <- c(DL$QEp, HE$QEp, HS$QEp, SJ$QEp, ML$QEp, REML$QEp, EB$QEp, PM$QEp, FE$QEp)
> QEp      <- c(DL$QEp, HE$QEp, HS$QEp, SJ$QEp,                    PM$QEp, FE$QEp)
> SE       <- c(DL$SE, HE$SE, HS$SE, SJ$SE,                    PM$SE, FE$SE)
> I2       <- c(DL$I2, HE$I2, HS$I2, SJ$I2,                    PM$I2, FE$I2)
> H2       <- c(DL$H2, HE$H2, HS$H2, SJ$H2,                    PM$H2, FE$H2)
> tau2     <- c(DL$tau2, HE$tau2, HS$tau2, SJ$tau2,                   PM$tau2, FE$tau2)
> 
> datos <- data.frame (cbind(as.factor(methods), QEp, SE, I2, H2, tau2))
> head(datos)
  V1     QEp      SE       I2      H2    tau2
1  1 0.99461 0.02608  0.00000 1.00000 0.00000
2  1 0.94697 0.03108  0.00000 1.00000 0.00000
3  1 0.67616 0.03681  0.00000 1.00000 0.00000
4  1 0.30476 0.04142 12.02538 1.13669 0.00413
5  1 0.73270 0.03340  0.00000 1.00000 0.00000
6  1 0.87088 0.03683  0.00000 1.00000 0.00000
> dim(datos)
[1] 1728    6
> summary(datos)
       V1           QEp                 SE                I2        
 Min.   :1.0   Min.   :0.000000   Min.   :0.01318   Min.   : 0.000  
 1st Qu.:2.0   1st Qu.:0.005895   1st Qu.:0.02535   1st Qu.: 0.000  
 Median :3.5   Median :0.343720   Median :0.03200   Median : 7.602  
 Mean   :3.5   Mean   :0.418400   Mean   :0.03375   Mean   :22.926  
 3rd Qu.:5.0   3rd Qu.:0.850507   3rd Qu.:0.04074   3rd Qu.:46.352  
 Max.   :6.0   Max.   :1.000000   Max.   :0.09271   Max.   :90.147  
       H2              tau2        
 Min.   : 1.000   Min.   :0.00000  
 1st Qu.: 1.000   1st Qu.:0.00000  
 Median : 1.082   Median :0.00090  
 Mean   : 1.657   Mean   :0.00764  
 3rd Qu.: 1.864   3rd Qu.:0.01050  
 Max.   :10.149   Max.   :0.10307  
> param <- c("QEp", "SE", "I2", "H2", "tau2")
> x.por <- 3
> y.por <- 2
> 
> 
> # We drawn separately QEp because we need abline for 0.05
> jpeg (filename = "kegg_het_QEp.jpeg",  
+       width = 480 *x.por ,   height = 480*y.por,
+       pointsize = 150, quality = 100) 
> p <- ggplot(datos, aes(methods, datos[, "QEp"]))
> p <- p + geom_boxplot(col = "blue")
> p <- p + xlab("Métodos") 
> p <- p + ylab("QEp")
> p <- p + theme(axis.title.x= element_text(colour= "black", size = 40 )) #to change size of title in axis x
> p <- p + theme(axis.title.y= element_text(colour= "black", size = 40 )) #to change size of title in axis y
> p <- p + theme(axis.text.x = element_text(colour= "black", size = 30 )) #to change size of numbers
> p <- p + theme(axis.text.y = element_text(colour= "black", size = 30 )) #to change size of numbers
> p <- p + geom_hline(yintercept = 0.05, col = "red")
> print(p)
> dev.off ()
null device 
          1 
> 
> #Now the rest:
> for (i in 2:length(param)){
+   jpeg (filename = paste("kegg_het_", param[i], ".jpeg", sep = ""),  
+         width = 480 *x.por ,   height = 480*y.por,
+         pointsize = 150, quality = 100) 
+   p <- ggplot(datos, aes(methods, datos[, param[i]]))
+   p <- p + geom_boxplot(col = "blue")
+   p <- p + xlab("Métodos") 
+   p <- p + ylab(param[i])
+   p <- p + theme(axis.title.x= element_text(colour= "black", size = 40 )) #to change size of title in axis x
+   p <- p + theme(axis.title.y= element_text(colour= "black", size = 40 )) #to change size of title in axis y
+   p <- p + theme(axis.text.x = element_text(colour= "black", size = 30 )) #to change size of numbers
+   p <- p + theme(axis.text.y = element_text(colour= "black", size = 30 )) #to change size of numbers
+   #   p <- p + geom_hline(yintercept = 0.05, col = "red")
+   print(p)
+   dev.off ()
+ }
> 
> 
> 
> 
> 
> 
> 
> ## 3.4. plot to evaluate heterogeneity and biases for each specific model and function
> ###################################################### 
> 
> # Select results for a specific method:
> res.method = DLs # significant results from Dersimonian-Laird method
> metodo <- "DL"   # method to estimate the variability
> 
> sig.fun <- rownames(res.method)
> x.por = 2.5; y.por = 2.5
> 
> 
> if (length(sig.fun) == 0){print ("Not significant results")} else {
+   for (i in 1:length(sig.fun)){
+     #fit the model. It will be used for several plots
+     res <- rma(yi= mat.lor[sig.fun[i],], sei =mat.sd[sig.fun[i],], method = metodo)
+     
+     ## A. FOREST PLOT (detailed infomation of size effect from each study)
+     #   jpeg (filename = paste("kegg_",sig.fun[i],".png",sep =""),
+     #         width = 480 *x.por ,   height = 480*y.por, pointsize = 100, quality = 100) 
+     
+     png (filename = paste("kegg_forest_", sig.fun[i],".png",sep =""),  
+          width = 480 * x.por, height = 480 * y.por, res = 200)
+     par(mar=c(4,4,1,2))
+     forest(res, slab = toupper(substr(colnames(mat.lor),1,4)),
+            xlab="Odds Ratio", cex=0.7,
+            mlab=paste(metodo, "Model for All Studies", sep = " "), col = "red", 
+            main = paste("\n", sig.fun[i], " (", res.method[i,"name"], ")",sep=""))    
+     text( 9,-3, "Odds Ratio [IC 95%]", pos=2, cex = 0.7)
+     dev.off()
+     
+     ## B. FUNNEL  PLOT (detailed infomation of size effect from each study)
+     # A funnel plot shows the observed effect sizes or outcomes on the x-axis against 
+     # some measure of precision of the observed effect sizes or outcomes on the y-axis. 
+     # Based on Sterne and Egger (2001)
+     # http://www.metafor-project.org/doku.php/plots:funnel_plot_variations
+     png (filename = paste("kegg_funnel_",sig.fun[i],".png",sep =""),  
+          width = 480 * x.por, height = 480 * y.por, res = 200)
+     ### set up 2x2 array for plotting
+     par(mfrow=c(2,2))
+     ### draw funnel plots
+     funnel(res, main="Standard Error", back ="darkslategray1",
+            xlab = paste("LOR (", sig.fun[i], ")",sep =""))
+     funnel(res, yaxis="vi", main="Sampling Variance", back ="darkslategray1",
+            xlab = paste("LOR (", sig.fun[i], ")",sep =""))
+     funnel(res, yaxis="seinv", main="Inverse Standard Error", back ="darkslategray1",
+            xlab = paste("LOR (", sig.fun[i], ")",sep =""))
+     funnel(res, yaxis="vinv", main="Inverse Sampling Variance", back ="darkslategray1",
+            xlab = paste("LOR (", sig.fun[i], ")",sep =""))
+     dev.off()
+     
+     #     Some problems with this plot!!
+     #     ## C. FUNNEL PLOT with TRIM and FILL
+     #     # This funnel plot helps to detect asymmetries
+     #     # http://www.metafor-project.org/doku.php/plots:funnel_plot_with_trim_and_fill
+     #     png (filename = paste("go_mf_funnel_tf_",sig.fun[i],".png",sep =""),
+     #          width = 480 * x.por, height = 480 * y.por, res = 200)
+     #     par(mar=c(5,4,1,2))
+     #     ### carry out trim-and-fill analysis
+     #     taf <- trimfill(res)
+     #     ### draw funnel plot with missing studies filled in
+     #     funnel(taf, back ="darkslategray1",xlab = paste("LOR (", sig.fun[i], ")",sep =""))
+     #     dev.off()
+     
+     ## C. RADIAL PLOT 
+     # Radial plots were introduced by Rex Galbraith (1988a, 1988b, 1994) 
+     # and can be useful in the meta-analytic context to examine the data for heterogeneity.
+     # http://www.metafor-project.org/doku.php/plots:radial_plot
+     
+     ### to save as png file
+     png (filename = paste("kegg_radial_",sig.fun[i],".png",sep =""),  
+          width = 480 * x.por, height = 480 * y.por, res = 200)
+     ### adjust margins so the space is better used
+     par(mar=c(5,4,0,2))
+     ### draw radial plot
+     radial(res,back ="darkslategray1",
+            main = paste("\n", sig.fun[i], " (", res.method[i,"name"], ")",sep=""))
+     dev.off()
+     
+     
+     ## D. INFLUENCE PLOT 
+     # That shows various diagnostic measures
+     
+     ### to save as png file
+ #     jpeg (filename = paste("kegg_influ_",sig.fun[i],".jpeg",sep =""),  
+ #           width = 480 *x.por ,   height = 480*y.por,
+ #           pointsize = 50, quality = 100) 
+     png (filename = paste("kegg_influ_",sig.fun[i],".png",sep =""),  
+          width = 480 * x.por, height = 480 * y.por, res = 200)
+     inf <- influence(res)
+     plot(inf, plotfb = T)
+     dev.off()
+   }
+ }
There were 50 or more warnings (use warnings() to see the first 50)
> 
> 
> 
> 
> 
> ## 3.5. sensitivity analysis for a specific model 
> ###################################################### 
> 
> # First we calculate sd of "estimates" for each method:
> 
> methods = c("DL", "HE", "HS", "SJ", "PM", "FE")  
> 
> mat.sen <- as.data.frame(matrix (NA, nrow = nrow(mat.lor), ncol = length (methods)))
> colnames(mat.sen) <- methods
> dim(mat.sen)
[1] 288   6
> head(mat.sen)
  DL HE HS SJ PM FE
1 NA NA NA NA NA NA
2 NA NA NA NA NA NA
3 NA NA NA NA NA NA
4 NA NA NA NA NA NA
5 NA NA NA NA NA NA
6 NA NA NA NA NA NA
> 
> 
> for (i in methods){
+   meta_analisis <- lapply(1:length(rownames(mat.lor)),
+                           function(x){yi = rma(mat.lor[x, ], sei =mat.sd[x, ],
+                                                method = i)})
+   for (j in 1:length(meta_analisis)){
+     mat.sen[j,i]  <- sd(leave1out(meta_analisis[[j]])$se)
+     }
+   print(i)
+ }
[1] "DL"
[1] "HE"
[1] "HS"
[1] "SJ"
[1] "PM"
[1] "FE"
> 
> summary(mat.sen)
       DL                  HE                  HS           
 Min.   :4.100e-08   Min.   :4.070e-08   Min.   :4.070e-08  
 1st Qu.:2.351e-06   1st Qu.:2.351e-06   1st Qu.:2.248e-06  
 Median :6.548e-04   Median :6.564e-04   Median :4.479e-04  
 Mean   :6.895e-04   Mean   :6.897e-04   Mean   :6.341e-04  
 3rd Qu.:1.226e-03   3rd Qu.:1.214e-03   3rd Qu.:1.159e-03  
 Max.   :3.205e-03   Max.   :3.035e-03   Max.   :2.838e-03  
       SJ                  PM                  FE           
 Min.   :4.934e-05   Min.   :4.070e-08   Min.   :4.072e-08  
 1st Qu.:4.098e-04   1st Qu.:2.351e-06   1st Qu.:8.089e-07  
 Median :6.499e-04   Median :6.554e-04   Median :1.874e-06  
 Mean   :7.628e-04   Mean   :6.897e-04   Mean   :4.497e-06  
 3rd Qu.:1.015e-03   3rd Qu.:1.214e-03   3rd Qu.:5.085e-06  
 Max.   :2.655e-03   Max.   :3.138e-03   Max.   :9.206e-05  
> dim(mat.sen)
[1] 288   6
> boxplot(mat.sen)
> #only random effects model:
> mat.sen <- mat.sen[, c("DL", "HE", "HS", "SJ", "PM")]
> 
> gmat.sen  <- mat.sen
> g2mat.sen <- melt(gmat.sen)
Using  as id variables
> head(g2mat.sen)
  variable        value
1       DL 4.160485e-07
2       DL 1.076407e-06
3       DL 3.813195e-06
4       DL 1.223000e-03
5       DL 2.139722e-06
6       DL 2.900665e-06
> colnames(g2mat.sen) <- c("metodo", "ee_lor")
> head(g2mat.sen); dim(g2mat.sen)
  metodo       ee_lor
1     DL 4.160485e-07
2     DL 1.076407e-06
3     DL 3.813195e-06
4     DL 1.223000e-03
5     DL 2.139722e-06
6     DL 2.900665e-06
[1] 1440    2
> 
> setwd(file.path(.job$dir$code, "results",  "kegg", "unpaired", "plots"))
> x.por <- 3
> y.por <- 2
> 
> jpeg (filename = "kegg_unpaired_sens_allmethods.jpeg",  
+       width = 480 *x.por ,   height = 480*y.por,
+       pointsize = 150, quality = 100) 
> p <- ggplot(g2mat.sen, aes(metodo, g2mat.sen[, "ee_lor"]))
> p <- p + geom_boxplot(col = "blue")
> p <- p + xlab("Método") 
> p <- p + ylab("Error estándar del LOR")
> p <- p + theme(axis.title.x= element_text(colour= "black", size = 40 )) #to change size of title in axis x
> p <- p + theme(axis.title.y= element_text(colour= "black", size = 40 )) #to change size of title in axis y
> p <- p + theme(axis.text.x = element_text(colour= "black", size = 20 )) #to change size of numbers
> p <- p + theme(axis.text.y = element_text(colour= "black", size = 20 )) #to change size of numbers
> print(p)
> dev.off ()
pdf 
  2 
> 
> 
> 
> 
> 
> 
> 
> 
> 
> #selecting one method:
> res.method = DLs # significant results from Dersimonian-Laird method
> metodo <- "DL"   # method to estimate the variability
> sig.fun <- rownames(res.method)
> 
> 
> 
> setwd(file.path(.job$dir$code, "results",  "kegg", "unpaired", "files"))   
> 
> if (length(sig.fun) == 0){print ("Not significant results")} else {
+   for (i in 1:length(sig.fun)){
+     #fit the model. It will be used for several plots
+     res <- rma(yi= mat.lor[sig.fun[i],], sei =mat.sd[sig.fun[i],], method = metodo)
+     res.l1out  <- leave1out(meta_analisis[[i]])
+     resu.l1out <- round(print.list.rma(res.l1out),3)
+     studies <- toupper(substr(colnames(mat.lor),1,4))
+     resu.l1out <- cbind(studies,resu.l1out)
+     #head(resu.l1out)
+     write.table(resu.l1out, 
+                 paste("sensi_unpaired_kegg_", sig.fun[i],".txt", sep =""),
+                 quote = F, row.names = F)
+   }
+ }
   estimate     se    zval   pval   ci.lb  ci.ub      Q     Qp
1   -0.0205 0.0268 -0.7668 0.4432 -0.0730 0.0319 6.6092 0.9930
2   -0.0231 0.0268 -0.8631 0.3881 -0.0755 0.0293 6.9059 0.9909
3   -0.0267 0.0268 -0.9963 0.3191 -0.0791 0.0258 6.7050 0.9924
4   -0.0213 0.0268 -0.7955 0.4263 -0.0737 0.0312 6.7365 0.9922
5   -0.0241 0.0268 -0.9006 0.3678 -0.0765 0.0283 6.9211 0.9908
6   -0.0164 0.0268 -0.6135 0.5395 -0.0689 0.0360 5.3744 0.9981
7   -0.0296 0.0268 -1.1052 0.2691 -0.0820 0.0229 6.0139 0.9961
8   -0.0209 0.0268 -0.7821 0.4342 -0.0734 0.0315 6.6810 0.9926
9   -0.0271 0.0268 -1.0132 0.3110 -0.0795 0.0253 6.6285 0.9929
10  -0.0224 0.0268 -0.8358 0.4033 -0.0748 0.0301 6.8595 0.9913
11  -0.0236 0.0268 -0.8811 0.3783 -0.0760 0.0289 6.9202 0.9908
12  -0.0283 0.0268 -1.0592 0.2895 -0.0808 0.0241 6.3630 0.9945
13  -0.0285 0.0268 -1.0666 0.2862 -0.0810 0.0239 6.3130 0.9948
14  -0.0278 0.0268 -1.0390 0.2988 -0.0802 0.0246 6.4902 0.9938
15  -0.0218 0.0268 -0.8143 0.4154 -0.0742 0.0307 6.8021 0.9917
16  -0.0212 0.0268 -0.7942 0.4271 -0.0737 0.0312 6.7314 0.9922
17  -0.0222 0.0268 -0.8281 0.4076 -0.0746 0.0303 6.8409 0.9914
18  -0.0184 0.0268 -0.6866 0.4923 -0.0708 0.0341 6.0773 0.9959
19  -0.0286 0.0268 -1.0689 0.2851 -0.0810 0.0238 6.2969 0.9948
20  -0.0249 0.0268 -0.9292 0.3528 -0.0773 0.0276 6.8948 0.9910
   estimate     se    zval   pval   ci.lb  ci.ub       Q     Qp
1   -0.0285 0.0319 -0.8924 0.3722 -0.0909 0.0340  9.4382 0.9487
2   -0.0338 0.0319 -1.0595 0.2894 -0.0963 0.0287 10.2123 0.9248
3   -0.0411 0.0319 -1.2898 0.1971 -0.1036 0.0214  9.4450 0.9485
4   -0.0455 0.0319 -1.4282 0.1532 -0.1080 0.0170  7.9733 0.9790
5   -0.0333 0.0319 -1.0433 0.2968 -0.0958 0.0292 10.1864 0.9257
6   -0.0348 0.0319 -1.0925 0.2746 -0.0973 0.0277 10.2327 0.9240
7   -0.0394 0.0319 -1.2361 0.2164 -0.1019 0.0231  9.8142 0.9378
8   -0.0383 0.0319 -1.1996 0.2303 -0.1007 0.0242  9.9990 0.9319
9   -0.0354 0.0319 -1.1086 0.2676 -0.0978 0.0271 10.2269 0.9242
10  -0.0359 0.0319 -1.1255 0.2604 -0.0984 0.0266 10.2096 0.9248
11  -0.0388 0.0319 -1.2179 0.2232 -0.1013 0.0237  9.9129 0.9347
12  -0.0440 0.0319 -1.3807 0.1674 -0.1065 0.0185  8.5584 0.9691
13  -0.0289 0.0319 -0.9050 0.3654 -0.0914 0.0336  9.5384 0.9459
14  -0.0346 0.0319 -1.0856 0.2777 -0.0971 0.0279 10.2321 0.9241
15  -0.0307 0.0319 -0.9628 0.3356 -0.0932 0.0318  9.9010 0.9351
16  -0.0362 0.0319 -1.1351 0.2564 -0.0987 0.0263 10.1948 0.9254
17  -0.0297 0.0319 -0.9321 0.3513 -0.0922 0.0328  9.7247 0.9405
18  -0.0246 0.0319 -0.7721 0.4401 -0.0871 0.0379  8.1973 0.9756
19  -0.0297 0.0319 -0.9328 0.3509 -0.0922 0.0328  9.7293 0.9404
20  -0.0328 0.0319 -1.0299 0.3031 -0.0953 0.0297 10.1569 0.9267
   estimate     se    zval   pval   ci.lb   ci.ub       Q     Qp
1   -0.0763 0.0378 -2.0207 0.0433 -0.1503 -0.0023 15.3795 0.6358
2   -0.0724 0.0378 -1.9183 0.0551 -0.1464  0.0016 14.6237 0.6876
3   -0.0797 0.0378 -2.1112 0.0348 -0.1537 -0.0057 15.6841 0.6146
4   -0.0772 0.0378 -2.0430 0.0410 -0.1512 -0.0031 15.4847 0.6285
5   -0.0872 0.0378 -2.3092 0.0209 -0.1612 -0.0132 15.2131 0.6473
6   -0.0773 0.0378 -2.0480 0.0406 -0.1513 -0.0033 15.5042 0.6271
7   -0.0694 0.0378 -1.8386 0.0660 -0.1435  0.0046 13.7767 0.7435
8   -0.0680 0.0378 -1.7998 0.0719 -0.1420  0.0060 13.2835 0.7745
9   -0.0751 0.0378 -1.9886 0.0467 -0.1491 -0.0011 15.1843 0.6493
10  -0.0849 0.0378 -2.2478 0.0246 -0.1589 -0.0109 15.5272 0.6255
11  -0.0873 0.0378 -2.3117 0.0208 -0.1613 -0.0133 15.1973 0.6484
12  -0.0867 0.0378 -2.2952 0.0217 -0.1607 -0.0127 15.2981 0.6414
13  -0.0833 0.0378 -2.2066 0.0273 -0.1573 -0.0093 15.6531 0.6167
14  -0.0980 0.0378 -2.5958 0.0094 -0.1720 -0.0240 11.7441 0.8602
15  -0.0774 0.0378 -2.0498 0.0404 -0.1514 -0.0034 15.5124 0.6265
16  -0.0745 0.0378 -1.9738 0.0484 -0.1486 -0.0005 15.0961 0.6554
17  -0.0922 0.0378 -2.4408 0.0147 -0.1662 -0.0182 14.0295 0.7272
18  -0.0819 0.0378 -2.1687 0.0301 -0.1559 -0.0079 15.7091 0.6128
19  -0.0914 0.0378 -2.4199 0.0155 -0.1654 -0.0174 14.2670 0.7115
20  -0.0841 0.0378 -2.2267 0.0260 -0.1581 -0.0101 15.6002 0.6204
   estimate     se    zval   pval   ci.lb  ci.ub       Q     Qp
1   -0.0199 0.0398 -0.4985 0.6181 -0.0980 0.0582 21.5415 0.2530
2   -0.0153 0.0398 -0.3841 0.7009 -0.0934 0.0628 21.5202 0.2540
3   -0.0317 0.0398 -0.7952 0.4265 -0.1098 0.0464 19.1416 0.3832
4    0.0016 0.0399  0.0403 0.9679 -0.0766 0.0798 17.0275 0.5212
5   -0.0251 0.0399 -0.6300 0.5287 -0.1032 0.0530 20.9167 0.2836
6   -0.0258 0.0399 -0.6474 0.5174 -0.1039 0.0523 20.7829 0.2905
7   -0.0229 0.0398 -0.5738 0.5661 -0.1010 0.0552 21.2686 0.2661
8   -0.0095 0.0399 -0.2373 0.8124 -0.0876 0.0687 20.7256 0.2935
9   -0.0225 0.0398 -0.5650 0.5720 -0.1006 0.0556 21.3117 0.2640
10   0.0031 0.0399  0.0779 0.9379 -0.0751 0.0813 16.2893 0.5724
11  -0.0175 0.0398 -0.4398 0.6601 -0.0956 0.0606 21.5964 0.2504
12  -0.0279 0.0399 -0.6995 0.4842 -0.1060 0.0502 20.3097 0.3157
13  -0.0154 0.0398 -0.3871 0.6987 -0.0935 0.0627 21.5274 0.2536
14  -0.0136 0.0398 -0.3420 0.7324 -0.0917 0.0645 21.3795 0.2607
15  -0.0176 0.0398 -0.4410 0.6592 -0.0957 0.0605 21.5966 0.2504
16  -0.0028 0.0399 -0.0701 0.9441 -0.0809 0.0754 18.8293 0.4024
17  -0.0264 0.0398 -0.6617 0.5082 -0.1045 0.0517 20.6622 0.2968
18  -0.0246 0.0398 -0.6163 0.5377 -0.1027 0.0535 21.0142 0.2787
19  -0.0139 0.0398 -0.3495 0.7267 -0.0920 0.0642 21.4102 0.2592
20  -0.0277 0.0399 -0.6963 0.4863 -0.1059 0.0504 20.3404 0.3140
   estimate     se    zval   pval   ci.lb  ci.ub       Q     Qp
1   -0.0363 0.0343 -1.0588 0.2897 -0.1035 0.0309 14.8242 0.6740
2   -0.0255 0.0343 -0.7438 0.4570 -0.0927 0.0417 13.1887 0.7802
3   -0.0394 0.0343 -1.1484 0.2508 -0.1065 0.0278 14.5626 0.6917
4   -0.0284 0.0343 -0.8282 0.4076 -0.0956 0.0388 14.0227 0.7276
5   -0.0373 0.0343 -1.0889 0.2762 -0.1045 0.0299 14.7721 0.6776
6   -0.0385 0.0343 -1.1248 0.2607 -0.1057 0.0286 14.6627 0.6850
7   -0.0262 0.0343 -0.7652 0.4442 -0.0934 0.0410 13.4387 0.7649
8   -0.0423 0.0343 -1.2334 0.2174 -0.1094 0.0249 14.0184 0.7279
9   -0.0431 0.0343 -1.2590 0.2080 -0.1103 0.0240 13.7964 0.7423
10  -0.0324 0.0343 -0.9448 0.3448 -0.0996 0.0348 14.6932 0.6829
11  -0.0347 0.0343 -1.0116 0.3117 -0.1018 0.0325 14.8329 0.6734
12  -0.0422 0.0343 -1.2315 0.2181 -0.1094 0.0250 14.0331 0.7269
13  -0.0264 0.0343 -0.7718 0.4403 -0.0936 0.0407 13.4961 0.7613
14  -0.0443 0.0343 -1.2938 0.1957 -0.1115 0.0228 13.4537 0.7639
15  -0.0287 0.0343 -0.8378 0.4021 -0.0959 0.0385 14.0998 0.7226
16  -0.0281 0.0343 -0.8210 0.4116 -0.0953 0.0390 13.9643 0.7314
17  -0.0498 0.0343 -1.4520 0.1465 -0.1169 0.0174 11.2664 0.8827
18  -0.0355 0.0343 -1.0361 0.3001 -0.1027 0.0317 14.8395 0.6730
19  -0.0303 0.0343 -0.8853 0.3760 -0.0975 0.0368 14.4173 0.7015
20  -0.0369 0.0343 -1.0752 0.2823 -0.1040 0.0303 14.8003 0.6756
   estimate     se    zval   pval   ci.lb  ci.ub       Q     Qp
1   -0.0553 0.0378 -1.4648 0.1430 -0.1294 0.0187 12.3285 0.8298
2   -0.0476 0.0378 -1.2602 0.2076 -0.1217 0.0264 11.3540 0.8787
3   -0.0517 0.0378 -1.3680 0.1713 -0.1257 0.0224 12.0775 0.8432
4   -0.0537 0.0378 -1.4209 0.1553 -0.1277 0.0204 12.2622 0.8334
5   -0.0547 0.0378 -1.4471 0.1479 -0.1287 0.0194 12.3109 0.8308
6   -0.0482 0.0378 -1.2754 0.2022 -0.1222 0.0259 11.4881 0.8725
7   -0.0487 0.0378 -1.2884 0.1976 -0.1227 0.0254 11.5971 0.8673
8   -0.0488 0.0378 -1.2911 0.1967 -0.1228 0.0253 11.6151 0.8665
9   -0.0565 0.0378 -1.4960 0.1347 -0.1306 0.0175 12.3288 0.8298
10  -0.0640 0.0378 -1.6938 0.0903 -0.1381 0.0101 11.4250 0.8755
11  -0.0636 0.0378 -1.6821 0.0925 -0.1376 0.0105 11.5221 0.8709
12  -0.0607 0.0378 -1.6073 0.1080 -0.1348 0.0133 12.0132 0.8466
13  -0.0612 0.0378 -1.6188 0.1055 -0.1352 0.0129 11.9519 0.8497
14  -0.0685 0.0378 -1.8130 0.0698 -0.1425 0.0056 10.1160 0.9281
15  -0.0527 0.0378 -1.3948 0.1631 -0.1268 0.0214 12.1857 0.8375
16  -0.0472 0.0378 -1.2502 0.2112 -0.1213 0.0268 11.2780 0.8822
17  -0.0580 0.0378 -1.5353 0.1247 -0.1321 0.0160 12.2738 0.8328
18  -0.0554 0.0378 -1.4661 0.1426 -0.1295 0.0187 12.3292 0.8298
19  -0.0710 0.0378 -1.8790 0.0602 -0.1451 0.0031  9.1791 0.9554
20  -0.0515 0.0378 -1.3618 0.1733 -0.1255 0.0226 12.0508 0.8446
   estimate     se    zval   pval   ci.lb  ci.ub       Q     Qp
1   -0.0425 0.0425 -1.0002 0.3172 -0.1259 0.0408 14.9007 0.6688
2   -0.0363 0.0425 -0.8529 0.3937 -0.1196 0.0471 14.9809 0.6633
3   -0.0533 0.0425 -1.2537 0.2099 -0.1367 0.0300 12.7238 0.8077
4   -0.0249 0.0426 -0.5856 0.5581 -0.1083 0.0585 12.9587 0.7940
5   -0.0454 0.0425 -1.0669 0.2860 -0.1288 0.0380 14.5776 0.6907
6   -0.0423 0.0425 -0.9955 0.3195 -0.1257 0.0410 14.9167 0.6677
7   -0.0387 0.0425 -0.9097 0.3630 -0.1221 0.0447 15.0533 0.6583
8   -0.0231 0.0425 -0.5433 0.5869 -0.1065 0.0603 12.3455 0.8289
9   -0.0388 0.0425 -0.9120 0.3618 -0.1222 0.0446 15.0535 0.6583
10  -0.0169 0.0426 -0.3965 0.6918 -0.1004 0.0666  9.9663 0.9330
11  -0.0413 0.0425 -0.9712 0.3314 -0.1247 0.0421 14.9854 0.6630
12  -0.0488 0.0425 -1.1480 0.2510 -0.1322 0.0345 13.9478 0.7325
13  -0.0421 0.0425 -0.9902 0.3221 -0.1255 0.0412 14.9337 0.6665
14  -0.0421 0.0425 -0.9890 0.3227 -0.1254 0.0413 14.9374 0.6663
15  -0.0376 0.0425 -0.8847 0.3763 -0.1210 0.0457 15.0374 0.6594
16  -0.0323 0.0425 -0.7581 0.4484 -0.1156 0.0511 14.5758 0.6909
17  -0.0396 0.0425 -0.9316 0.3516 -0.1230 0.0437 15.0466 0.6588
18  -0.0436 0.0425 -1.0261 0.3048 -0.1270 0.0397 14.7965 0.6759
19  -0.0407 0.0425 -0.9564 0.3389 -0.1240 0.0427 15.0157 0.6609
20  -0.0462 0.0425 -1.0854 0.2778 -0.1295 0.0372 14.4569 0.6989
   estimate     se    zval   pval   ci.lb   ci.ub       Q     Qp
1   -0.0815 0.0468 -1.7402 0.0818 -0.1733  0.0103 11.1608 0.8874
2   -0.0852 0.0468 -1.8207 0.0687 -0.1770  0.0065 11.0923 0.8904
3   -0.0911 0.0468 -1.9464 0.0516 -0.1829  0.0006 10.4651 0.9157
4   -0.0912 0.0468 -1.9476 0.0515 -0.1830  0.0006 10.4568 0.9160
5   -0.0815 0.0468 -1.7395 0.0819 -0.1732  0.0103 11.1603 0.8874
6   -0.0679 0.0469 -1.4487 0.1474 -0.1597  0.0240  9.3057 0.9522
7   -0.0806 0.0468 -1.7205 0.0853 -0.1723  0.0112 11.1380 0.8884
8   -0.0846 0.0468 -1.8062 0.0709 -0.1763  0.0072 11.1237 0.8890
9   -0.0672 0.0469 -1.4328 0.1519 -0.1590  0.0247  9.1278 0.9567
10  -0.0763 0.0468 -1.6285 0.1034 -0.1680  0.0155 10.8262 0.9016
11  -0.0928 0.0468 -1.9830 0.0474 -0.1846 -0.0011 10.1641 0.9264
12  -0.0883 0.0468 -1.8863 0.0593 -0.1801  0.0034 10.8443 0.9008
13  -0.0819 0.0468 -1.7501 0.0801 -0.1737  0.0098 11.1663 0.8872
14  -0.0794 0.0468 -1.6963 0.0898 -0.1712  0.0123 11.0884 0.8906
15  -0.0846 0.0468 -1.8077 0.0706 -0.1764  0.0071 11.1208 0.8892
16  -0.0950 0.0468 -2.0289 0.0425 -0.1868 -0.0032  9.7089 0.9410
17  -0.0702 0.0468 -1.4994 0.1338 -0.1619  0.0216  9.7776 0.9389
18  -0.0772 0.0468 -1.6485 0.0992 -0.1690  0.0146 10.9239 0.8976
19  -0.0936 0.0468 -1.9991 0.0456 -0.1854 -0.0018 10.0148 0.9314
20  -0.0773 0.0468 -1.6515 0.0986 -0.1691  0.0144 10.9350 0.8971
   estimate     se    zval   pval   ci.lb   ci.ub       Q     Qp
1   -0.2331 0.0433 -5.3857 0.0000 -0.3180 -0.1483 14.4884 0.6967
2   -0.2336 0.0433 -5.3980 0.0000 -0.3185 -0.1488 14.5658 0.6915
3   -0.2361 0.0433 -5.4585 0.0000 -0.3209 -0.1513 14.8781 0.6703
4   -0.2282 0.0433 -5.2742 0.0000 -0.3130 -0.1434 13.4181 0.7662
5   -0.2398 0.0433 -5.5404 0.0000 -0.3246 -0.1550 15.1076 0.6546
6   -0.2407 0.0433 -5.5623 0.0000 -0.3255 -0.1559 15.1196 0.6537
7   -0.2584 0.0433 -5.9722 0.0000 -0.3432 -0.1736 11.8158 0.8566
8   -0.2370 0.0433 -5.4776 0.0000 -0.3217 -0.1522 14.9550 0.6651
9   -0.2314 0.0433 -5.3438 0.0000 -0.3162 -0.1465 14.1781 0.7174
10  -0.2338 0.0433 -5.4024 0.0000 -0.3186 -0.1490 14.5897 0.6899
11  -0.2423 0.0433 -5.5988 0.0000 -0.3271 -0.1575 15.0986 0.6552
12  -0.2484 0.0433 -5.7411 0.0000 -0.3332 -0.1636 14.5091 0.6954
13  -0.2574 0.0433 -5.9502 0.0000 -0.3422 -0.1726 12.1638 0.8387
14  -0.2453 0.0433 -5.6693 0.0000 -0.3301 -0.1605 14.9086 0.6682
15  -0.2445 0.0433 -5.6508 0.0000 -0.3293 -0.1597 14.9782 0.6635
16  -0.2284 0.0433 -5.2761 0.0000 -0.3132 -0.1435 13.4729 0.7628
17  -0.2460 0.0433 -5.6845 0.0000 -0.3308 -0.1612 14.8408 0.6729
18  -0.2373 0.0433 -5.4835 0.0000 -0.3222 -0.1525 14.9895 0.6627
19  -0.2539 0.0433 -5.8686 0.0000 -0.3387 -0.1691 13.2889 0.7741
20  -0.2415 0.0433 -5.5819 0.0000 -0.3263 -0.1567 15.1152 0.6540
   estimate     se    zval   pval   ci.lb   ci.ub      Q     Qp
1   -0.0658 0.0262 -2.5099 0.0121 -0.1172 -0.0144 7.2643 0.9877
2   -0.0655 0.0262 -2.4981 0.0125 -0.1169 -0.0141 7.2723 0.9876
3   -0.0697 0.0262 -2.6593 0.0078 -0.1212 -0.0183 6.6810 0.9926
4   -0.0673 0.0262 -2.5674 0.0102 -0.1187 -0.0159 7.1453 0.9888
5   -0.0677 0.0262 -2.5800 0.0099 -0.1191 -0.0163 7.1017 0.9892
6   -0.0652 0.0262 -2.4850 0.0130 -0.1166 -0.0138 7.2747 0.9876
7   -0.0595 0.0262 -2.2688 0.0233 -0.1109 -0.0081 6.3227 0.9947
8   -0.0611 0.0262 -2.3299 0.0198 -0.1125 -0.0097 6.7812 0.9918
9   -0.0581 0.0262 -2.2154 0.0267 -0.1095 -0.0067 5.8049 0.9969
10  -0.0596 0.0262 -2.2717 0.0231 -0.1110 -0.0082 6.3503 0.9946
11  -0.0692 0.0262 -2.6364 0.0084 -0.1206 -0.0177 6.8280 0.9915
12  -0.0726 0.0262 -2.7692 0.0056 -0.1240 -0.0212 5.6813 0.9973
13  -0.0684 0.0262 -2.6067 0.0091 -0.1198 -0.0170 6.9883 0.9902
14  -0.0618 0.0262 -2.3550 0.0185 -0.1132 -0.0104 6.9261 0.9907
15  -0.0647 0.0262 -2.4657 0.0137 -0.1161 -0.0133 7.2657 0.9877
16  -0.0662 0.0262 -2.5252 0.0116 -0.1176 -0.0148 7.2456 0.9879
17  -0.0655 0.0262 -2.4958 0.0126 -0.1169 -0.0141 7.2732 0.9876
18  -0.0650 0.0262 -2.4795 0.0132 -0.1164 -0.0136 7.2736 0.9876
19  -0.0676 0.0262 -2.5756 0.0100 -0.1190 -0.0161 7.1177 0.9891
20  -0.0641 0.0262 -2.4450 0.0145 -0.1155 -0.0127 7.2394 0.9879
   estimate     se    zval   pval   ci.lb   ci.ub      Q     Qp
1   -0.2059 0.0513 -4.0150 0.0001 -0.3064 -0.1054 9.3532 0.9510
2   -0.2064 0.0513 -4.0246 0.0001 -0.3069 -0.1059 9.3983 0.9498
3   -0.2151 0.0513 -4.1941 0.0000 -0.3156 -0.1146 9.5840 0.9446
4   -0.2204 0.0513 -4.2966 0.0000 -0.3209 -0.1198 9.1337 0.9566
5   -0.2122 0.0513 -4.1373 0.0000 -0.3127 -0.1117 9.6502 0.9427
6   -0.2030 0.0513 -3.9562 0.0001 -0.3035 -0.1024 9.0222 0.9592
7   -0.2400 0.0513 -4.6786 0.0000 -0.3406 -0.1395 3.7987 0.9998
8   -0.2116 0.0513 -4.1247 0.0000 -0.3121 -0.1110 9.6479 0.9428
9   -0.2106 0.0513 -4.1066 0.0000 -0.3111 -0.1101 9.6326 0.9432
10  -0.2074 0.0513 -4.0429 0.0001 -0.3080 -0.1069 9.4830 0.9475
11  -0.2069 0.0513 -4.0350 0.0001 -0.3074 -0.1064 9.4386 0.9487
12  -0.2200 0.0513 -4.2897 0.0000 -0.3205 -0.1195 9.1778 0.9555
13  -0.2182 0.0513 -4.2537 0.0000 -0.3187 -0.1176 9.3729 0.9505
14  -0.2059 0.0513 -4.0136 0.0001 -0.3065 -0.1054 9.3649 0.9507
15  -0.2071 0.0513 -4.0382 0.0001 -0.3075 -0.1066 9.4532 0.9483
16  -0.2152 0.0513 -4.1959 0.0000 -0.3157 -0.1147 9.5780 0.9448
17  -0.2045 0.0513 -3.9842 0.0001 -0.3050 -0.1039 9.2159 0.9545
18  -0.2056 0.0513 -4.0088 0.0001 -0.3061 -0.1051 9.3194 0.9519
19  -0.2153 0.0513 -4.1986 0.0000 -0.3158 -0.1148 9.5719 0.9450
20  -0.2114 0.0513 -4.1231 0.0000 -0.3119 -0.1109 9.6462 0.9428
   estimate     se   zval   pval   ci.lb  ci.ub       Q     Qp
1    0.0324 0.0434 0.7468 0.4552 -0.0527 0.1176 18.8088 0.4037
2    0.0308 0.0434 0.7084 0.4787 -0.0544 0.1159 18.7371 0.4082
3    0.0178 0.0434 0.4096 0.6821 -0.0673 0.1029 16.0810 0.5869
4    0.0472 0.0434 1.0868 0.2771 -0.0379 0.1324 16.8803 0.5314
5    0.0352 0.0434 0.8099 0.4180 -0.0500 0.1203 18.7983 0.4043
6    0.0316 0.0434 0.7263 0.4677 -0.0536 0.1167 18.7778 0.4056
7    0.0160 0.0434 0.3676 0.7132 -0.0692 0.1011 15.5149 0.6264
8    0.0465 0.0434 1.0708 0.2843 -0.0386 0.1317 17.0737 0.5180
9    0.0255 0.0434 0.5864 0.5576 -0.0597 0.1106 18.1178 0.4479
10   0.0439 0.0434 1.0098 0.3126 -0.0413 0.1290 17.7165 0.4745
11   0.0299 0.0434 0.6878 0.4916 -0.0553 0.1150 18.6743 0.4121
12   0.0248 0.0434 0.5705 0.5683 -0.0604 0.1099 17.9935 0.4561
13   0.0346 0.0434 0.7965 0.4258 -0.0505 0.1197 18.8139 0.4034
14   0.0330 0.0434 0.7598 0.4473 -0.0521 0.1182 18.8196 0.4030
15   0.0417 0.0434 0.9587 0.3377 -0.0435 0.1268 18.1447 0.4462
16   0.0484 0.0434 1.1139 0.2653 -0.0368 0.1335 16.5185 0.5564
17   0.0470 0.0434 1.0820 0.2793 -0.0381 0.1322 16.9343 0.5276
18   0.0365 0.0434 0.8395 0.4012 -0.0487 0.1216 18.7388 0.4081
19   0.0303 0.0434 0.6963 0.4862 -0.0549 0.1154 18.7026 0.4103
20   0.0199 0.0434 0.4582 0.6468 -0.0652 0.1050 16.8167 0.5357
   estimate     se    zval   pval   ci.lb   ci.ub      Q     Qp
1   -0.1165 0.0443 -2.6317 0.0085 -0.2033 -0.0297 8.3566 0.9728
2   -0.1081 0.0443 -2.4425 0.0146 -0.1948 -0.0214 7.0524 0.9897
3   -0.1221 0.0443 -2.7574 0.0058 -0.2089 -0.0353 8.4008 0.9721
4   -0.1252 0.0443 -2.8273 0.0047 -0.2120 -0.0384 8.1525 0.9763
5   -0.1175 0.0443 -2.6544 0.0079 -0.2043 -0.0308 8.4111 0.9719
6   -0.1137 0.0443 -2.5684 0.0102 -0.2005 -0.0269 8.0952 0.9772
7   -0.1124 0.0443 -2.5383 0.0111 -0.1992 -0.0256 7.9074 0.9800
8   -0.1208 0.0443 -2.7283 0.0064 -0.2076 -0.0340 8.4465 0.9712
9   -0.1206 0.0443 -2.7222 0.0065 -0.2073 -0.0338 8.4519 0.9711
10  -0.1303 0.0443 -2.9429 0.0033 -0.2171 -0.0435 7.3151 0.9872
11  -0.1238 0.0443 -2.7950 0.0052 -0.2106 -0.0370 8.2913 0.9740
12  -0.1241 0.0443 -2.8014 0.0051 -0.2109 -0.0373 8.2672 0.9744
13  -0.1227 0.0443 -2.7696 0.0056 -0.2094 -0.0359 8.3715 0.9726
14  -0.1336 0.0443 -3.0185 0.0025 -0.2204 -0.0469 6.4684 0.9939
15  -0.1143 0.0443 -2.5827 0.0098 -0.2011 -0.0276 8.1630 0.9761
16  -0.1161 0.0443 -2.6223 0.0087 -0.2029 -0.0293 8.3278 0.9733
17  -0.1117 0.0443 -2.5241 0.0116 -0.1985 -0.0250 7.8059 0.9814
18  -0.1143 0.0443 -2.5815 0.0098 -0.2011 -0.0275 8.1639 0.9761
19  -0.1296 0.0443 -2.9271 0.0034 -0.2164 -0.0428 7.4608 0.9856
20  -0.1167 0.0443 -2.6358 0.0084 -0.2035 -0.0299 8.3677 0.9726
   estimate     se    zval   pval   ci.lb  ci.ub      Q     Qp
1   -0.0654 0.0527 -1.2410 0.2146 -0.1688 0.0379 7.3929 0.9864
2   -0.0531 0.0527 -1.0074 0.3138 -0.1563 0.0502 6.1097 0.9957
3   -0.0726 0.0527 -1.3766 0.1686 -0.1759 0.0308 7.1033 0.9892
4   -0.0635 0.0527 -1.2046 0.2284 -0.1668 0.0398 7.3455 0.9869
5   -0.0721 0.0527 -1.3677 0.1714 -0.1754 0.0312 7.1451 0.9888
6   -0.0626 0.0527 -1.1883 0.2347 -0.1660 0.0407 7.3067 0.9873
7   -0.0613 0.0527 -1.1628 0.2449 -0.1646 0.0420 7.2254 0.9881
8   -0.0614 0.0527 -1.1655 0.2438 -0.1648 0.0419 7.2360 0.9880
9   -0.0665 0.0527 -1.2622 0.2069 -0.1699 0.0368 7.3961 0.9863
10  -0.0796 0.0527 -1.5098 0.1311 -0.1829 0.0237 6.1079 0.9957
11  -0.0731 0.0527 -1.3873 0.1654 -0.1765 0.0302 7.0500 0.9897
12  -0.0711 0.0527 -1.3481 0.1776 -0.1744 0.0323 7.2255 0.9881
13  -0.0587 0.0527 -1.1131 0.2657 -0.1621 0.0447 7.0001 0.9901
14  -0.0781 0.0527 -1.4821 0.1383 -0.1814 0.0252 6.3685 0.9945
15  -0.0620 0.0527 -1.1754 0.2398 -0.1653 0.0414 7.2686 0.9877
16  -0.0531 0.0527 -1.0068 0.3140 -0.1564 0.0503 6.1774 0.9954
17  -0.0641 0.0527 -1.2164 0.2238 -0.1674 0.0392 7.3663 0.9867
18  -0.0675 0.0527 -1.2797 0.2007 -0.1708 0.0359 7.3853 0.9865
19  -0.0617 0.0527 -1.1712 0.2415 -0.1651 0.0416 7.2551 0.9878
20  -0.0761 0.0527 -1.4434 0.1489 -0.1794 0.0272 6.6901 0.9925
   estimate     se    zval   pval   ci.lb  ci.ub       Q     Qp
1   -0.0229 0.0318 -0.7179 0.4728 -0.0852 0.0395 23.4480 0.1740
2   -0.0122 0.0318 -0.3843 0.7007 -0.0746 0.0502 21.9092 0.2360
3   -0.0287 0.0318 -0.9032 0.3664 -0.0911 0.0336 22.3768 0.2157
4   -0.0072 0.0318 -0.2246 0.8223 -0.0696 0.0553 19.6395 0.3535
5   -0.0271 0.0318 -0.8525 0.3939 -0.0895 0.0353 22.8074 0.1981
6   -0.0311 0.0318 -0.9781 0.3280 -0.0935 0.0313 21.5542 0.2524
7   -0.0214 0.0318 -0.6715 0.5019 -0.0838 0.0410 23.5004 0.1721
8   -0.0112 0.0318 -0.3509 0.7257 -0.0736 0.0512 21.5211 0.2539
9   -0.0187 0.0318 -0.5866 0.5575 -0.0811 0.0437 23.3728 0.1767
10  -0.0104 0.0318 -0.3260 0.7444 -0.0728 0.0520 21.1980 0.2695
11  -0.0268 0.0318 -0.8408 0.4005 -0.0891 0.0356 22.8927 0.1947
12  -0.0353 0.0318 -1.1079 0.2679 -0.0977 0.0271 19.6286 0.3541
13  -0.0236 0.0318 -0.7426 0.4577 -0.0860 0.0387 23.3850 0.1762
14  -0.0236 0.0318 -0.7418 0.4582 -0.0860 0.0388 23.3873 0.1761
15  -0.0112 0.0318 -0.3521 0.7248 -0.0736 0.0512 21.5275 0.2536
16  -0.0098 0.0318 -0.3067 0.7591 -0.0722 0.0526 20.9346 0.2827
17  -0.0275 0.0318 -0.8645 0.3873 -0.0899 0.0349 22.7142 0.2018
18  -0.0256 0.0318 -0.8051 0.4208 -0.0880 0.0368 23.1160 0.1862
19  -0.0238 0.0318 -0.7462 0.4556 -0.0861 0.0386 23.3738 0.1766
20  -0.0263 0.0318 -0.8264 0.4086 -0.0887 0.0361 22.9885 0.1910
   estimate     se   zval   pval  ci.lb  ci.ub       Q     Qp
1    0.0608 0.0228 2.6645 0.0077 0.0161 0.1055 94.9551 0.0000
2    0.0684 0.0228 2.9959 0.0027 0.0236 0.1131 94.0956 0.0000
3    0.0521 0.0228 2.2810 0.0225 0.0073 0.0968 90.5223 0.0000
4    0.0882 0.0228 3.8642 0.0001 0.0435 0.1330 71.2414 0.0000
5    0.0494 0.0228 2.1630 0.0305 0.0046 0.0941 88.0329 0.0000
6    0.0521 0.0228 2.2836 0.0224 0.0074 0.0969 90.5329 0.0000
7    0.0676 0.0228 2.9618 0.0031 0.0229 0.1123 94.3891 0.0000
8    0.0698 0.0228 3.0589 0.0022 0.0251 0.1145 93.4323 0.0000
9    0.0534 0.0228 2.3410 0.0192 0.0087 0.0982 91.5656 0.0000
10   0.0850 0.0228 3.7216 0.0002 0.0402 0.1297 77.0786 0.0000
11   0.0633 0.0228 2.7716 0.0056 0.0185 0.1080 95.1613 0.0000
12   0.0516 0.0228 2.2604 0.0238 0.0069 0.0964 90.1226 0.0000
13   0.0643 0.0228 2.8171 0.0048 0.0196 0.1090 95.1093 0.0000
14   0.0656 0.0228 2.8735 0.0041 0.0208 0.1103 94.9288 0.0000
15   0.0711 0.0228 3.1174 0.0018 0.0264 0.1159 92.6745 0.0000
16   0.0788 0.0228 3.4538 0.0006 0.0341 0.1236 85.6836 0.0000
17   0.0493 0.0228 2.1611 0.0307 0.0046 0.0941 87.9235 0.0000
18   0.0549 0.0228 2.4045 0.0162 0.0101 0.0996 92.5655 0.0000
19   0.0669 0.0228 2.9298 0.0034 0.0221 0.1116 94.6209 0.0000
20   0.0498 0.0228 2.1831 0.0290 0.0051 0.0946 88.3943 0.0000
   estimate     se    zval   pval   ci.lb   ci.ub       Q     Qp
1   -0.1266 0.0488 -2.5914 0.0096 -0.2223 -0.0308 19.5065 0.3613
2   -0.1368 0.0488 -2.8002 0.0051 -0.2325 -0.0410 20.8267 0.2882
3   -0.1324 0.0489 -2.7092 0.0067 -0.2282 -0.0366 20.4796 0.3065
4   -0.1546 0.0488 -3.1641 0.0016 -0.2503 -0.0588 18.9404 0.3955
5   -0.1295 0.0489 -2.6492 0.0081 -0.2252 -0.0337 20.0679 0.3290
6   -0.1324 0.0489 -2.7103 0.0067 -0.2282 -0.0367 20.4860 0.3061
7   -0.1189 0.0489 -2.4326 0.0150 -0.2147 -0.0231 17.4764 0.4906
8   -0.1620 0.0488 -3.3165 0.0009 -0.2577 -0.0662 16.5368 0.5551
9   -0.1381 0.0489 -2.8267 0.0047 -0.2338 -0.0423 20.8700 0.2860
10  -0.1458 0.0488 -2.9840 0.0028 -0.2415 -0.0500 20.5397 0.3033
11  -0.1417 0.0488 -2.9013 0.0037 -0.2375 -0.0460 20.8370 0.2877
12  -0.1258 0.0489 -2.5748 0.0100 -0.2216 -0.0300 19.3671 0.3696
13  -0.1457 0.0488 -2.9826 0.0029 -0.2414 -0.0500 20.5468 0.3029
14  -0.1466 0.0488 -3.0016 0.0027 -0.2424 -0.0509 20.4409 0.3086
15  -0.1392 0.0488 -2.8503 0.0044 -0.2349 -0.0435 20.8834 0.2853
16  -0.1547 0.0488 -3.1660 0.0015 -0.2504 -0.0589 18.9172 0.3969
17  -0.1400 0.0488 -2.8668 0.0041 -0.2358 -0.0443 20.8799 0.2855
18  -0.1336 0.0489 -2.7354 0.0062 -0.2294 -0.0379 20.6068 0.2997
19  -0.1573 0.0488 -3.2210 0.0013 -0.2530 -0.0616 18.1515 0.4457
20  -0.1256 0.0489 -2.5707 0.0102 -0.2214 -0.0298 19.3283 0.3719
   estimate     se   zval   pval   ci.lb  ci.ub       Q     Qp
1    0.0235 0.0183 1.2890 0.1974 -0.0122 0.0593 54.7980 0.0000
2    0.0283 0.0183 1.5489 0.1214 -0.0075 0.0641 54.7255 0.0000
3    0.0214 0.0183 1.1734 0.2406 -0.0144 0.0572 53.9615 0.0000
4    0.0382 0.0183 2.0919 0.0364  0.0024 0.0740 45.8371 0.0003
5    0.0204 0.0183 1.1189 0.2632 -0.0154 0.0562 53.3822 0.0000
6    0.0213 0.0183 1.1664 0.2435 -0.0145 0.0571 53.8936 0.0000
7    0.0309 0.0183 1.6917 0.0907 -0.0049 0.0667 53.5351 0.0000
8    0.0426 0.0183 2.3351 0.0195  0.0068 0.0784 38.1430 0.0037
9    0.0247 0.0183 1.3552 0.1753 -0.0110 0.0605 55.0363 0.0000
10   0.0281 0.0183 1.5412 0.1233 -0.0076 0.0639 54.7666 0.0000
11   0.0245 0.0183 1.3419 0.1796 -0.0113 0.0603 55.0024 0.0000
12   0.0194 0.0183 1.0617 0.2884 -0.0164 0.0552 52.6467 0.0000
13   0.0224 0.0183 1.2283 0.2193 -0.0134 0.0582 54.4265 0.0000
14   0.0144 0.0183 0.7878 0.4308 -0.0214 0.0502 47.3312 0.0002
15   0.0325 0.0183 1.7816 0.0748 -0.0033 0.0683 52.3669 0.0000
16   0.0340 0.0183 1.8626 0.0625 -0.0018 0.0698 51.0360 0.0001
17   0.0202 0.0183 1.1072 0.2682 -0.0156 0.0560 53.2388 0.0000
18   0.0225 0.0183 1.2297 0.2188 -0.0133 0.0582 54.4362 0.0000
19   0.0288 0.0183 1.5749 0.1153 -0.0070 0.0645 54.5699 0.0000
20   0.0174 0.0183 0.9522 0.3410 -0.0184 0.0532 50.8748 0.0001
   estimate     se   zval   pval  ci.lb  ci.ub       Q     Qp
1    0.0814 0.0245 3.3252 0.0009 0.0334 0.1294 50.1780 0.0001
2    0.0851 0.0245 3.4768 0.0005 0.0371 0.1331 49.7547 0.0001
3    0.0792 0.0245 3.2346 0.0012 0.0312 0.1272 49.9912 0.0001
4    0.1006 0.0245 4.1082 0.0000 0.0526 0.1486 38.1788 0.0037
5    0.0757 0.0245 3.0920 0.0020 0.0277 0.1237 49.0375 0.0001
6    0.0704 0.0245 2.8743 0.0040 0.0224 0.1184 46.0461 0.0003
7    0.0811 0.0245 3.3136 0.0009 0.0331 0.1291 50.1724 0.0001
8    0.0950 0.0245 3.8809 0.0001 0.0470 0.1430 44.1340 0.0006
9    0.0705 0.0245 2.8797 0.0040 0.0225 0.1185 46.1290 0.0003
10   0.0909 0.0245 3.7110 0.0002 0.0429 0.1388 47.2879 0.0002
11   0.0874 0.0245 3.5685 0.0004 0.0394 0.1353 49.0502 0.0001
12   0.0720 0.0245 2.9399 0.0033 0.0240 0.1200 47.1411 0.0002
13   0.0714 0.0245 2.9149 0.0036 0.0234 0.1194 46.7294 0.0002
14   0.0806 0.0245 3.2911 0.0010 0.0326 0.1286 50.1460 0.0001
15   0.0825 0.0245 3.3716 0.0007 0.0346 0.1305 50.1465 0.0001
16   0.0942 0.0245 3.8478 0.0001 0.0462 0.1422 44.8365 0.0004
17   0.0765 0.0245 3.1227 0.0018 0.0285 0.1244 49.3060 0.0001
18   0.0746 0.0245 3.0458 0.0023 0.0266 0.1226 48.5569 0.0001
19   0.0909 0.0245 3.7134 0.0002 0.0429 0.1389 47.2515 0.0002
20   0.0713 0.0245 2.9104 0.0036 0.0233 0.1193 46.6733 0.0002
   estimate     se    zval   pval   ci.lb   ci.ub       Q     Qp
1   -0.0815 0.0325 -2.5032 0.0123 -0.1452 -0.0177 36.9137 0.0054
2   -0.0900 0.0325 -2.7652 0.0057 -0.1538 -0.0262 36.5875 0.0059
3   -0.0820 0.0325 -2.5186 0.0118 -0.1457 -0.0182 36.9699 0.0053
4   -0.0899 0.0325 -2.7615 0.0058 -0.1536 -0.0261 36.6116 0.0059
5   -0.0769 0.0325 -2.3639 0.0181 -0.1407 -0.0131 35.9786 0.0071
6   -0.0710 0.0326 -2.1815 0.0291 -0.1348 -0.0072 33.6366 0.0140
7   -0.0786 0.0325 -2.4156 0.0157 -0.1424 -0.0148 36.4046 0.0063
8   -0.0792 0.0325 -2.4354 0.0149 -0.1430 -0.0155 36.5490 0.0060
9   -0.0714 0.0326 -2.1946 0.0282 -0.1352 -0.0076 33.8395 0.0132
10  -0.0934 0.0325 -2.8712 0.0041 -0.1572 -0.0297 35.6763 0.0078
11  -0.0950 0.0325 -2.9206 0.0035 -0.1588 -0.0313 35.0994 0.0092
12  -0.0851 0.0325 -2.6138 0.0090 -0.1488 -0.0213 37.1108 0.0051
13  -0.0913 0.0325 -2.8051 0.0050 -0.1551 -0.0275 36.2969 0.0065
14  -0.1095 0.0325 -3.3682 0.0008 -0.1733 -0.0458 25.1510 0.1208
15  -0.0726 0.0325 -2.2325 0.0256 -0.1364 -0.0089 34.3219 0.0115
16  -0.0900 0.0325 -2.7649 0.0057 -0.1538 -0.0262 36.5894 0.0059
17  -0.0703 0.0325 -2.1595 0.0308 -0.1340 -0.0065 33.1832 0.0159
18  -0.0842 0.0325 -2.5867 0.0097 -0.1479 -0.0204 37.1078 0.0051
19  -0.1007 0.0325 -3.0947 0.0020 -0.1645 -0.0369 32.2633 0.0205
20  -0.0815 0.0325 -2.5042 0.0123 -0.1453 -0.0177 36.9183 0.0054
   estimate     se    zval   pval   ci.lb   ci.ub       Q     Qp
1   -0.0985 0.0354 -2.7823 0.0054 -0.1680 -0.0291 11.0314 0.8930
2   -0.0980 0.0354 -2.7680 0.0056 -0.1675 -0.0286 10.9695 0.8956
3   -0.1095 0.0354 -3.0907 0.0020 -0.1789 -0.0400 10.3659 0.9193
4   -0.0960 0.0354 -2.7093 0.0067 -0.1654 -0.0265 10.6386 0.9091
5   -0.0999 0.0354 -2.8214 0.0048 -0.1693 -0.0305 11.1577 0.8875
6   -0.1000 0.0354 -2.8226 0.0048 -0.1694 -0.0306 11.1603 0.8874
7   -0.1117 0.0354 -3.1532 0.0016 -0.1811 -0.0423  9.7672 0.9392
8   -0.0967 0.0354 -2.7300 0.0063 -0.1661 -0.0273 10.7684 0.9039
9   -0.1062 0.0354 -2.9976 0.0027 -0.1756 -0.0367 10.9686 0.8957
10  -0.0931 0.0354 -2.6276 0.0086 -0.1625 -0.0237  9.9435 0.9337
11  -0.1007 0.0354 -2.8423 0.0045 -0.1701 -0.0312 11.1999 0.8857
12  -0.1053 0.0354 -2.9723 0.0030 -0.1747 -0.0359 11.0720 0.8913
13  -0.1038 0.0354 -2.9319 0.0034 -0.1732 -0.0344 11.1844 0.8864
14  -0.1142 0.0354 -3.2255 0.0013 -0.1837 -0.0448  8.8804 0.9624
15  -0.0952 0.0354 -2.6877 0.0072 -0.1646 -0.0258 10.4742 0.9153
16  -0.0930 0.0354 -2.6242 0.0087 -0.1624 -0.0235  9.9241 0.9344
17  -0.1021 0.0354 -2.8821 0.0040 -0.1715 -0.0327 11.2327 0.8842
18  -0.1005 0.0354 -2.8379 0.0045 -0.1699 -0.0311 11.1923 0.8860
19  -0.1069 0.0354 -3.0178 0.0025 -0.1763 -0.0375 10.8671 0.8999
20  -0.1108 0.0354 -3.1277 0.0018 -0.1802 -0.0414 10.0306 0.9309
   estimate     se    zval   pval   ci.lb   ci.ub       Q     Qp
1   -0.0622 0.0335 -1.8560 0.0634 -0.1280  0.0035 11.2742 0.8824
2   -0.0622 0.0335 -1.8561 0.0634 -0.1280  0.0035 11.2742 0.8824
3   -0.0705 0.0335 -2.1030 0.0355 -0.1362 -0.0048 10.0971 0.9287
4   -0.0650 0.0335 -1.9386 0.0525 -0.1307  0.0007 11.1524 0.8878
5   -0.0601 0.0335 -1.7926 0.0730 -0.1258  0.0056 11.1825 0.8865
6   -0.0598 0.0335 -1.7834 0.0745 -0.1255  0.0059 11.1559 0.8876
7   -0.0560 0.0335 -1.6707 0.0948 -0.1218  0.0097 10.5580 0.9122
8   -0.0516 0.0335 -1.5382 0.1240 -0.1173  0.0141  9.1801 0.9554
9   -0.0605 0.0335 -1.8054 0.0710 -0.1263  0.0052 11.2138 0.8851
10  -0.0501 0.0335 -1.4927 0.1355 -0.1158  0.0157  8.5788 0.9687
11  -0.0711 0.0335 -2.1198 0.0340 -0.1368 -0.0054  9.9292 0.9342
12  -0.0685 0.0335 -2.0437 0.0410 -0.1343 -0.0028 10.6028 0.9104
13  -0.0635 0.0335 -1.8923 0.0585 -0.1292  0.0023 11.2543 0.8833
14  -0.0718 0.0335 -2.1412 0.0323 -0.1375 -0.0061  9.6990 0.9413
15  -0.0598 0.0335 -1.7842 0.0744 -0.1256  0.0059 11.1583 0.8875
16  -0.0630 0.0335 -1.8798 0.0601 -0.1288  0.0027 11.2670 0.8827
17  -0.0596 0.0335 -1.7784 0.0753 -0.1254  0.0061 11.1396 0.8883
18  -0.0597 0.0335 -1.7799 0.0751 -0.1254  0.0060 11.1446 0.8881
19  -0.0689 0.0335 -2.0554 0.0398 -0.1346 -0.0032 10.5144 0.9138
20  -0.0636 0.0335 -1.8977 0.0577 -0.1294  0.0021 11.2468 0.8836
   estimate     se    zval   pval   ci.lb   ci.ub       Q     Qp
1   -0.0504 0.0254 -1.9846 0.0472 -0.1003 -0.0006 19.8502 0.3413
2   -0.0472 0.0254 -1.8569 0.0633 -0.0970  0.0026 19.5471 0.3589
3   -0.0587 0.0254 -2.3094 0.0209 -0.1085 -0.0089 17.6790 0.4770
4   -0.0438 0.0254 -1.7234 0.0848 -0.0936  0.0060 18.5337 0.4211
5   -0.0507 0.0254 -1.9965 0.0459 -0.1006 -0.0009 19.8452 0.3416
6   -0.0507 0.0254 -1.9954 0.0460 -0.1005 -0.0009 19.8459 0.3416
7   -0.0490 0.0254 -1.9264 0.0541 -0.0988  0.0009 19.7930 0.3446
8   -0.0372 0.0254 -1.4632 0.1434 -0.0870  0.0126 14.5204 0.6946
9   -0.0489 0.0254 -1.9229 0.0545 -0.0987  0.0009 19.7852 0.3450
10  -0.0438 0.0254 -1.7234 0.0848 -0.0936  0.0060 18.5362 0.4209
11  -0.0502 0.0254 -1.9752 0.0482 -0.1000 -0.0004 19.8501 0.3413
12  -0.0632 0.0254 -2.4870 0.0129 -0.1130 -0.0134 14.7166 0.6813
13  -0.0551 0.0254 -2.1675 0.0302 -0.1049 -0.0053 19.1479 0.3828
14  -0.0571 0.0254 -2.2477 0.0246 -0.1069 -0.0073 18.4175 0.4285
15  -0.0511 0.0254 -2.0123 0.0442 -0.1010 -0.0013 19.8298 0.3425
16  -0.0436 0.0254 -1.7159 0.0862 -0.0934  0.0062 18.4604 0.4257
17  -0.0517 0.0254 -2.0337 0.0420 -0.1015 -0.0019 19.7930 0.3446
18  -0.0498 0.0254 -1.9608 0.0499 -0.0997 -0.0000 19.8432 0.3417
19  -0.0474 0.0254 -1.8631 0.0625 -0.0972  0.0025 19.5774 0.3571
20  -0.0568 0.0254 -2.2356 0.0254 -0.1066 -0.0070 18.5437 0.4204
   estimate     se    zval   pval   ci.lb  ci.ub      Q     Qp
1   -0.0292 0.0637 -0.4583 0.6467 -0.1541 0.0957 6.9355 0.9907
2   -0.0273 0.0637 -0.4279 0.6687 -0.1522 0.0976 6.9102 0.9909
3   -0.0412 0.0637 -0.6473 0.5174 -0.1661 0.0836 6.2487 0.9951
4   -0.0347 0.0637 -0.5442 0.5863 -0.1596 0.0902 6.8077 0.9917
5   -0.0203 0.0637 -0.3183 0.7503 -0.1452 0.1046 6.5148 0.9936
6   -0.0283 0.0637 -0.4438 0.6572 -0.1532 0.0966 6.9280 0.9907
7   -0.0124 0.0637 -0.1943 0.8459 -0.1373 0.1125 5.4730 0.9979
8   -0.0248 0.0637 -0.3897 0.6968 -0.1498 0.1001 6.8263 0.9915
9   -0.0198 0.0637 -0.3110 0.7558 -0.1447 0.1051 6.4660 0.9939
10  -0.0398 0.0637 -0.6248 0.5321 -0.1647 0.0851 6.4200 0.9942
11  -0.0362 0.0637 -0.5676 0.5703 -0.1611 0.0887 6.7216 0.9923
12  -0.0463 0.0637 -0.7268 0.4674 -0.1712 0.0786 5.5594 0.9977
13  -0.0252 0.0637 -0.3962 0.6920 -0.1502 0.0997 6.8444 0.9914
14  -0.0419 0.0637 -0.6573 0.5110 -0.1668 0.0830 6.1840 0.9954
15  -0.0279 0.0637 -0.4372 0.6620 -0.1528 0.0971 6.9219 0.9908
16  -0.0245 0.0637 -0.3840 0.7010 -0.1494 0.1005 6.8091 0.9916
17  -0.0184 0.0637 -0.2880 0.7734 -0.1433 0.1066 6.3186 0.9947
18  -0.0336 0.0637 -0.5276 0.5978 -0.1585 0.0913 6.8555 0.9913
19  -0.0254 0.0637 -0.3983 0.6904 -0.1503 0.0995 6.8503 0.9913
20  -0.0342 0.0637 -0.5374 0.5910 -0.1592 0.0907 6.8286 0.9915
   estimate     se    zval   pval   ci.lb   ci.ub       Q     Qp
1   -0.1251 0.0273 -4.5774 0.0000 -0.1787 -0.0716 42.1795 0.0010
2   -0.1308 0.0273 -4.7838 0.0000 -0.1844 -0.0772 42.2869 0.0010
3   -0.1305 0.0273 -4.7727 0.0000 -0.1841 -0.0769 42.3246 0.0010
4   -0.1492 0.0273 -5.4561 0.0000 -0.2028 -0.0956 30.8293 0.0301
5   -0.1164 0.0273 -4.2558 0.0000 -0.1700 -0.0628 38.6656 0.0032
6   -0.1159 0.0273 -4.2392 0.0000 -0.1694 -0.0623 38.2635 0.0036
7   -0.1265 0.0273 -4.6252 0.0000 -0.1801 -0.0729 42.3611 0.0010
8   -0.1303 0.0273 -4.7650 0.0000 -0.1839 -0.0767 42.3480 0.0010
9   -0.1199 0.0273 -4.3839 0.0000 -0.1735 -0.0663 40.5409 0.0018
10  -0.1340 0.0273 -4.8996 0.0000 -0.1876 -0.0804 41.5980 0.0013
11  -0.1333 0.0273 -4.8736 0.0000 -0.1868 -0.0797 41.7996 0.0012
12  -0.1286 0.0273 -4.7042 0.0000 -0.1822 -0.0750 42.4493 0.0010
13  -0.1225 0.0273 -4.4804 0.0000 -0.1761 -0.0689 41.5475 0.0013
14  -0.1381 0.0273 -5.0518 0.0000 -0.1917 -0.0845 39.8784 0.0022
15  -0.1385 0.0273 -5.0649 0.0000 -0.1921 -0.0849 39.6885 0.0023
16  -0.1428 0.0273 -5.2208 0.0000 -0.1964 -0.0892 36.8911 0.0054
17  -0.1136 0.0273 -4.1546 0.0000 -0.1672 -0.0600 36.6092 0.0059
18  -0.1200 0.0273 -4.3879 0.0000 -0.1736 -0.0664 40.5900 0.0017
19  -0.1294 0.0273 -4.7312 0.0000 -0.1830 -0.0758 42.4222 0.0010
20  -0.1212 0.0273 -4.4330 0.0000 -0.1748 -0.0676 41.0763 0.0015
   estimate     se    zval   pval   ci.lb   ci.ub       Q     Qp
1   -0.1637 0.0299 -5.4723 0.0000 -0.2223 -0.1050 12.3247 0.8300
2   -0.1617 0.0299 -5.4084 0.0000 -0.2204 -0.1031 12.0425 0.8450
3   -0.1713 0.0299 -5.7271 0.0000 -0.2299 -0.1127 11.8263 0.8561
4   -0.1650 0.0299 -5.5156 0.0000 -0.2236 -0.1063 12.4236 0.8246
5   -0.1648 0.0299 -5.5099 0.0000 -0.2234 -0.1062 12.4147 0.8251
6   -0.1637 0.0299 -5.4739 0.0000 -0.2223 -0.1051 12.3309 0.8297
7   -0.1675 0.0299 -5.6021 0.0000 -0.2261 -0.1089 12.3952 0.8262
8   -0.1588 0.0299 -5.3105 0.0000 -0.2174 -0.1002 11.2926 0.8815
9   -0.1603 0.0299 -5.3603 0.0000 -0.2189 -0.1017 11.7257 0.8611
10  -0.1545 0.0299 -5.1638 0.0000 -0.2131 -0.0958  9.4989 0.9470
11  -0.1659 0.0299 -5.5468 0.0000 -0.2245 -0.1073 12.4476 0.8233
12  -0.1678 0.0299 -5.6105 0.0000 -0.2264 -0.1092 12.3767 0.8272
13  -0.1723 0.0299 -5.7600 0.0000 -0.2309 -0.1136 11.5720 0.8685
14  -0.1770 0.0299 -5.9179 0.0000 -0.2356 -0.1184  9.7494 0.9398
15  -0.1652 0.0299 -5.5224 0.0000 -0.2238 -0.1065 12.4317 0.8242
16  -0.1624 0.0299 -5.4292 0.0000 -0.2210 -0.1038 12.1589 0.8389
17  -0.1709 0.0299 -5.7164 0.0000 -0.2296 -0.1123 11.8994 0.8524
18  -0.1624 0.0299 -5.4307 0.0000 -0.2210 -0.1038 12.1606 0.8388
19  -0.1747 0.0299 -5.8435 0.0000 -0.2334 -0.1161 10.7323 0.9054
20  -0.1702 0.0299 -5.6917 0.0000 -0.2288 -0.1116 12.0507 0.8446
   estimate     se    zval   pval   ci.lb   ci.ub       Q     Qp
1   -0.3128 0.0383 -8.1585 0.0000 -0.3880 -0.2377 19.7271 0.3484
2   -0.3192 0.0383 -8.3262 0.0000 -0.3943 -0.2440 21.2150 0.2687
3   -0.3221 0.0383 -8.4068 0.0000 -0.3972 -0.2470 21.5329 0.2534
4   -0.3432 0.0383 -8.9513 0.0000 -0.4183 -0.2681 16.9561 0.5261
5   -0.3163 0.0384 -8.2459 0.0000 -0.3915 -0.2412 20.7084 0.2944
6   -0.3156 0.0384 -8.2293 0.0000 -0.3908 -0.2405 20.5333 0.3036
7   -0.3370 0.0383 -8.7907 0.0000 -0.4122 -0.2619 19.5414 0.3592
8   -0.3369 0.0383 -8.7881 0.0000 -0.4121 -0.2618 19.5760 0.3572
9   -0.3212 0.0383 -8.3767 0.0000 -0.3964 -0.2460 21.4640 0.2567
10  -0.3230 0.0383 -8.4258 0.0000 -0.3981 -0.2479 21.5873 0.2508
11  -0.3141 0.0383 -8.1927 0.0000 -0.3892 -0.2390 20.1102 0.3266
12  -0.3191 0.0383 -8.3229 0.0000 -0.3942 -0.2439 21.1958 0.2696
13  -0.3333 0.0383 -8.6921 0.0000 -0.4084 -0.2581 20.6178 0.2991
14  -0.3336 0.0383 -8.7036 0.0000 -0.4088 -0.2585 20.5197 0.3043
15  -0.3277 0.0383 -8.5488 0.0000 -0.4028 -0.2526 21.4986 0.2550
16  -0.3359 0.0383 -8.7607 0.0000 -0.4111 -0.2608 19.9088 0.3380
17  -0.3200 0.0383 -8.3445 0.0000 -0.3952 -0.2448 21.3353 0.2628
18  -0.3123 0.0383 -8.1468 0.0000 -0.3875 -0.2372 19.5566 0.3583
19  -0.3311 0.0383 -8.6364 0.0000 -0.4063 -0.2560 21.0566 0.2766
20  -0.3185 0.0383 -8.3126 0.0000 -0.3936 -0.2434 21.1033 0.2742
   estimate     se    zval   pval   ci.lb   ci.ub       Q     Qp
1   -0.1598 0.0340 -4.7035 0.0000 -0.2264 -0.0932 10.2238 0.9244
2   -0.1615 0.0340 -4.7533 0.0000 -0.2281 -0.0949 10.7383 0.9051
3   -0.1636 0.0340 -4.8165 0.0000 -0.2302 -0.0971 11.2235 0.8846
4   -0.1753 0.0340 -5.1582 0.0000 -0.2419 -0.1087 11.0991 0.8901
5   -0.1639 0.0340 -4.8242 0.0000 -0.2305 -0.0973 11.2789 0.8821
6   -0.1657 0.0340 -4.8745 0.0000 -0.2323 -0.0990 11.5416 0.8700
7   -0.1762 0.0340 -5.1844 0.0000 -0.2428 -0.1096 10.8963 0.8987
8   -0.1781 0.0340 -5.2404 0.0000 -0.2447 -0.1115 10.3705 0.9191
9   -0.1764 0.0340 -5.1886 0.0000 -0.2430 -0.1097 10.8610 0.9002
10  -0.1769 0.0340 -5.2042 0.0000 -0.2435 -0.1103 10.7248 0.9057
11  -0.1635 0.0340 -4.8113 0.0000 -0.2301 -0.0969 11.2036 0.8855
12  -0.1663 0.0340 -4.8929 0.0000 -0.2329 -0.0997 11.6086 0.8668
13  -0.1744 0.0340 -5.1319 0.0000 -0.2411 -0.1078 11.2750 0.8823
14  -0.1765 0.0340 -5.1926 0.0000 -0.2431 -0.1099 10.8265 0.9016
15  -0.1684 0.0340 -4.9535 0.0000 -0.2350 -0.1017 11.7435 0.8602
16  -0.1685 0.0340 -4.9567 0.0000 -0.2351 -0.1019 11.7467 0.8600
17  -0.1687 0.0340 -4.9634 0.0000 -0.2353 -0.1021 11.7508 0.8598
18  -0.1617 0.0340 -4.7609 0.0000 -0.2283 -0.0951 10.7776 0.9036
19  -0.1733 0.0340 -5.0983 0.0000 -0.2399 -0.1067 11.4602 0.8738
20  -0.1644 0.0340 -4.8389 0.0000 -0.2310 -0.0978 11.3640 0.8783
   estimate     se    zval   pval   ci.lb   ci.ub       Q     Qp
1   -0.2367 0.0429 -5.5149 0.0000 -0.3208 -0.1526 19.7750 0.3456
2   -0.2379 0.0429 -5.5415 0.0000 -0.3220 -0.1537 19.9728 0.3344
3   -0.2393 0.0429 -5.5785 0.0000 -0.3234 -0.1552 20.1729 0.3232
4   -0.2601 0.0429 -6.0557 0.0000 -0.3443 -0.1759 18.0949 0.4494
5   -0.2322 0.0429 -5.4115 0.0000 -0.3163 -0.1481 18.7307 0.4086
6   -0.2371 0.0429 -5.5236 0.0000 -0.3212 -0.1530 19.8404 0.3419
7   -0.2522 0.0429 -5.8725 0.0000 -0.3364 -0.1680 19.9724 0.3344
8   -0.2601 0.0429 -6.0570 0.0000 -0.3443 -0.1760 18.0766 0.4506
9   -0.2490 0.0429 -5.7990 0.0000 -0.3332 -0.1648 20.3558 0.3131
10  -0.2568 0.0429 -5.9793 0.0000 -0.3410 -0.1726 19.0393 0.3894
11  -0.2447 0.0429 -5.6976 0.0000 -0.3289 -0.1605 20.5284 0.3039
12  -0.2369 0.0429 -5.5198 0.0000 -0.3210 -0.1528 19.7931 0.3446
13  -0.2440 0.0430 -5.6808 0.0000 -0.3282 -0.1598 20.5191 0.3044
14  -0.2642 0.0429 -6.1519 0.0000 -0.3484 -0.1800 16.5746 0.5525
15  -0.2400 0.0429 -5.5871 0.0000 -0.3241 -0.1558 20.2576 0.3185
16  -0.2447 0.0430 -5.6981 0.0000 -0.3289 -0.1606 20.5287 0.3039
17  -0.2430 0.0429 -5.6572 0.0000 -0.3271 -0.1588 20.4848 0.3062
18  -0.2294 0.0429 -5.3490 0.0000 -0.3135 -0.1454 17.7810 0.4702
19  -0.2568 0.0429 -5.9783 0.0000 -0.3409 -0.1726 19.0498 0.3888
20  -0.2351 0.0429 -5.4781 0.0000 -0.3192 -0.1510 19.4333 0.3656
   estimate     se    zval   pval   ci.lb   ci.ub       Q     Qp
1   -0.0858 0.0304 -2.8219 0.0048 -0.1454 -0.0262 22.9250 0.1935
2   -0.0869 0.0304 -2.8577 0.0043 -0.1465 -0.0273 22.8031 0.1983
3   -0.0941 0.0304 -3.0957 0.0020 -0.1537 -0.0345 20.6853 0.2956
4   -0.0744 0.0304 -2.4461 0.0144 -0.1340 -0.0148 21.1251 0.2731
5   -0.0841 0.0304 -2.7658 0.0057 -0.1437 -0.0245 23.0123 0.1901
6   -0.0827 0.0304 -2.7202 0.0065 -0.1423 -0.0231 22.9905 0.1910
7   -0.0959 0.0304 -3.1536 0.0016 -0.1555 -0.0363 19.8366 0.3421
8   -0.0709 0.0304 -2.3296 0.0198 -0.1305 -0.0112 19.4335 0.3656
9   -0.0885 0.0304 -2.9111 0.0036 -0.1481 -0.0289 22.5258 0.2095
10  -0.0693 0.0304 -2.2795 0.0226 -0.1290 -0.0097 18.5842 0.4178
11  -0.0796 0.0304 -2.6190 0.0088 -0.1392 -0.0200 22.6435 0.2047
12  -0.0908 0.0304 -2.9845 0.0028 -0.1503 -0.0312 21.9576 0.2339
13  -0.0869 0.0304 -2.8583 0.0043 -0.1465 -0.0273 22.8007 0.1984
14  -0.0883 0.0304 -2.9047 0.0037 -0.1479 -0.0287 22.5653 0.2079
15  -0.0846 0.0304 -2.7832 0.0054 -0.1442 -0.0250 22.9987 0.1906
16  -0.0734 0.0304 -2.4143 0.0158 -0.1331 -0.0138 20.7374 0.2929
17  -0.0855 0.0304 -2.8115 0.0049 -0.1451 -0.0259 22.9506 0.1925
18  -0.0823 0.0304 -2.7077 0.0068 -0.1419 -0.0227 22.9700 0.1917
19  -0.0768 0.0304 -2.5253 0.0116 -0.1364 -0.0172 21.9642 0.2336
20  -0.0944 0.0304 -3.1053 0.0019 -0.1540 -0.0348 20.5529 0.3026
   estimate     se    zval   pval   ci.lb   ci.ub      Q     Qp
1   -0.1721 0.0692 -2.4856 0.0129 -0.3077 -0.0364 5.5196 0.9978
2   -0.1651 0.0692 -2.3868 0.0170 -0.3007 -0.0295 5.3785 0.9981
3   -0.1842 0.0692 -2.6605 0.0078 -0.3198 -0.0485 4.7926 0.9991
4   -0.1636 0.0692 -2.3622 0.0182 -0.2993 -0.0279 5.2991 0.9983
5   -0.1675 0.0692 -2.4196 0.0155 -0.3031 -0.0318 5.4745 0.9979
6   -0.1687 0.0692 -2.4371 0.0148 -0.3044 -0.0330 5.5043 0.9978
7   -0.1677 0.0692 -2.4216 0.0155 -0.3034 -0.0320 5.4813 0.9979
8   -0.1719 0.0692 -2.4833 0.0130 -0.3076 -0.0362 5.5208 0.9978
9   -0.1731 0.0692 -2.5011 0.0124 -0.3088 -0.0375 5.5048 0.9978
10  -0.1843 0.0692 -2.6620 0.0078 -0.3200 -0.0486 4.7821 0.9992
11  -0.1833 0.0692 -2.6484 0.0081 -0.3190 -0.0477 4.8830 0.9990
12  -0.1844 0.0692 -2.6636 0.0077 -0.3201 -0.0487 4.7692 0.9992
13  -0.1591 0.0692 -2.2976 0.0216 -0.2948 -0.0234 4.9388 0.9990
14  -0.1772 0.0692 -2.5597 0.0105 -0.3129 -0.0415 5.3612 0.9982
15  -0.1642 0.0692 -2.3722 0.0177 -0.2999 -0.0285 5.3378 0.9982
16  -0.1580 0.0693 -2.2813 0.0225 -0.2938 -0.0223 4.8394 0.9991
17  -0.1608 0.0692 -2.3234 0.0202 -0.2965 -0.0252 5.0919 0.9987
18  -0.1635 0.0692 -2.3620 0.0182 -0.2992 -0.0278 5.2967 0.9983
19  -0.1745 0.0692 -2.5207 0.0117 -0.3102 -0.0388 5.4720 0.9979
20  -0.1756 0.0692 -2.5368 0.0112 -0.3113 -0.0399 5.4337 0.9980
   estimate     se    zval   pval   ci.lb   ci.ub      Q     Qp
1   -0.0632 0.0322 -1.9644 0.0495 -0.1263 -0.0001 7.5848 0.9842
2   -0.0612 0.0322 -1.9029 0.0571 -0.1243  0.0018 7.4714 0.9855
3   -0.0673 0.0322 -2.0901 0.0366 -0.1304 -0.0042 7.3457 0.9869
4   -0.0565 0.0322 -1.7560 0.0791 -0.1196  0.0066 6.5914 0.9931
5   -0.0609 0.0322 -1.8928 0.0584 -0.1240  0.0022 7.4385 0.9859
6   -0.0648 0.0322 -2.0120 0.0442 -0.1278 -0.0017 7.5686 0.9844
7   -0.0698 0.0322 -2.1672 0.0302 -0.1328 -0.0067 6.8863 0.9911
8   -0.0548 0.0322 -1.7018 0.0888 -0.1179  0.0083 6.0430 0.9960
9   -0.0672 0.0322 -2.0865 0.0369 -0.1302 -0.0041 7.3614 0.9867
10  -0.0571 0.0322 -1.7752 0.0759 -0.1202  0.0059 6.7577 0.9920
11  -0.0622 0.0322 -1.9331 0.0532 -0.1253  0.0009 7.5461 0.9847
12  -0.0666 0.0322 -2.0683 0.0386 -0.1297 -0.0035 7.4324 0.9859
13  -0.0715 0.0322 -2.2202 0.0264 -0.1345 -0.0084 6.4327 0.9941
14  -0.0691 0.0322 -2.1465 0.0318 -0.1322 -0.0060 7.0325 0.9898
15  -0.0625 0.0322 -1.9423 0.0521 -0.1256  0.0006 7.5615 0.9845
16  -0.0609 0.0322 -1.8932 0.0583 -0.1240  0.0021 7.4403 0.9859
17  -0.0653 0.0322 -2.0295 0.0424 -0.1284 -0.0022 7.5399 0.9847
18  -0.0601 0.0322 -1.8683 0.0617 -0.1232  0.0029 7.3414 0.9869
19  -0.0634 0.0322 -1.9697 0.0489 -0.1265 -0.0003 7.5875 0.9842
20  -0.0700 0.0322 -2.1736 0.0297 -0.1330 -0.0069 6.8373 0.9914
   estimate     se    zval   pval   ci.lb   ci.ub       Q     Qp
1   -0.1545 0.0555 -2.7867 0.0053 -0.2632 -0.0458 16.5494 0.5543
2   -0.1478 0.0554 -2.6663 0.0077 -0.2565 -0.0392 16.7229 0.5422
3   -0.1516 0.0555 -2.7347 0.0062 -0.2603 -0.0430 16.6965 0.5441
4   -0.1361 0.0555 -2.4535 0.0141 -0.2448 -0.0274 15.6299 0.6184
5   -0.1434 0.0555 -2.5851 0.0097 -0.2521 -0.0347 16.5130 0.5568
6   -0.1412 0.0555 -2.5460 0.0109 -0.2500 -0.0325 16.3265 0.5698
7   -0.1403 0.0555 -2.5288 0.0114 -0.2490 -0.0316 16.2212 0.5771
8   -0.1470 0.0555 -2.6508 0.0080 -0.2557 -0.0383 16.7047 0.5435
9   -0.1447 0.0555 -2.6086 0.0091 -0.2534 -0.0360 16.6038 0.5505
10  -0.1560 0.0555 -2.8131 0.0049 -0.2647 -0.0473 16.4330 0.5624
11  -0.1613 0.0555 -2.9079 0.0036 -0.2700 -0.0526 15.7838 0.6076
12  -0.1471 0.0555 -2.6520 0.0080 -0.2557 -0.0384 16.7052 0.5435
13  -0.1682 0.0555 -3.0338 0.0024 -0.2769 -0.0595 14.3602 0.7053
14  -0.1761 0.0554 -3.1769 0.0015 -0.2848 -0.0675 11.9485 0.8499
15  -0.1324 0.0555 -2.3865 0.0170 -0.2412 -0.0237 14.9535 0.6652
16  -0.1354 0.0555 -2.4399 0.0147 -0.2442 -0.0266 15.5326 0.6251
17  -0.1382 0.0555 -2.4900 0.0128 -0.2469 -0.0294 15.9544 0.5957
18  -0.1390 0.0555 -2.5052 0.0122 -0.2477 -0.0303 16.0668 0.5879
19  -0.1608 0.0555 -2.8993 0.0037 -0.2695 -0.0521 15.8575 0.6025
20  -0.1628 0.0555 -2.9351 0.0033 -0.2715 -0.0541 15.5308 0.6253
   estimate     se    zval   pval   ci.lb   ci.ub       Q     Qp
1   -0.1443 0.0378 -3.8152 0.0001 -0.2184 -0.0702 13.8948 0.7359
2   -0.1438 0.0378 -3.8012 0.0001 -0.2179 -0.0696 13.8269 0.7403
3   -0.1551 0.0378 -4.1000 0.0000 -0.2292 -0.0809 13.5321 0.7590
4   -0.1558 0.0378 -4.1197 0.0000 -0.2300 -0.0817 13.3874 0.7681
5   -0.1533 0.0378 -4.0519 0.0001 -0.2274 -0.0791 13.8211 0.7407
6   -0.1461 0.0378 -3.8621 0.0001 -0.2202 -0.0719 14.0602 0.7252
7   -0.1372 0.0378 -3.6265 0.0003 -0.2114 -0.0631 12.4015 0.8258
8   -0.1446 0.0378 -3.8239 0.0001 -0.2188 -0.0705 13.9350 0.7333
9   -0.1355 0.0378 -3.5843 0.0003 -0.2096 -0.0614 11.7716 0.8588
10  -0.1400 0.0378 -3.7038 0.0002 -0.2141 -0.0659 13.1100 0.7850
11  -0.1532 0.0378 -4.0505 0.0001 -0.2273 -0.0791 13.8281 0.7402
12  -0.1588 0.0378 -4.1991 0.0000 -0.2330 -0.0847 12.6464 0.8121
13  -0.1512 0.0378 -3.9987 0.0001 -0.2254 -0.0771 14.0332 0.7269
14  -0.1657 0.0378 -4.3804 0.0000 -0.2398 -0.0915  9.9968 0.9320
15  -0.1425 0.0378 -3.7679 0.0002 -0.2166 -0.0684 13.6347 0.7526
16  -0.1504 0.0378 -3.9766 0.0001 -0.2245 -0.0763 14.0879 0.7233
17  -0.1492 0.0378 -3.9443 0.0001 -0.2233 -0.0750 14.1332 0.7204
18  -0.1494 0.0378 -3.9495 0.0001 -0.2235 -0.0752 14.1286 0.7207
19  -0.1425 0.0378 -3.7665 0.0002 -0.2166 -0.0683 13.6376 0.7524
20  -0.1510 0.0378 -3.9924 0.0001 -0.2251 -0.0769 14.0509 0.7258
   estimate     se    zval   pval   ci.lb  ci.ub       Q     Qp
1   -0.0873 0.0660 -1.3225 0.1860 -0.2167 0.0421 17.9904 0.4563
2   -0.0822 0.0660 -1.2452 0.2131 -0.2116 0.0472 18.0577 0.4519
3   -0.0831 0.0660 -1.2593 0.2079 -0.2125 0.0463 18.0635 0.4515
4   -0.0584 0.0661 -0.8833 0.3771 -0.1878 0.0711 15.2548 0.6444
5   -0.0819 0.0660 -1.2409 0.2147 -0.2113 0.0475 18.0545 0.4521
6   -0.0946 0.0660 -1.4330 0.1519 -0.2240 0.0348 17.4763 0.4906
7   -0.0852 0.0660 -1.2899 0.1971 -0.2146 0.0442 18.0482 0.4525
8   -0.0762 0.0660 -1.1544 0.2483 -0.2057 0.0532 17.8335 0.4667
9   -0.0810 0.0660 -1.2263 0.2201 -0.2104 0.0484 18.0378 0.4532
10  -0.0878 0.0660 -1.3301 0.1835 -0.2172 0.0416 17.9709 0.4576
11  -0.0966 0.0660 -1.4626 0.1436 -0.2260 0.0328 17.2571 0.5055
12  -0.0977 0.0660 -1.4798 0.1389 -0.2271 0.0317 17.1119 0.5154
13  -0.0965 0.0660 -1.4613 0.1439 -0.2258 0.0329 17.2635 0.5051
14  -0.1113 0.0660 -1.6880 0.0914 -0.2406 0.0179 14.3030 0.7091
15  -0.0602 0.0661 -0.9109 0.3623 -0.1898 0.0694 15.7263 0.6116
16  -0.0489 0.0662 -0.7395 0.4596 -0.1786 0.0807 13.0195 0.7904
17  -0.0756 0.0660 -1.1444 0.2525 -0.2050 0.0538 17.7850 0.4699
18  -0.0754 0.0660 -1.1415 0.2537 -0.2048 0.0540 17.7721 0.4708
19  -0.0941 0.0660 -1.4255 0.1540 -0.2235 0.0353 17.5271 0.4872
20  -0.0924 0.0660 -1.3989 0.1618 -0.2217 0.0370 17.6874 0.4764
   estimate     se    zval   pval   ci.lb   ci.ub       Q     Qp
1   -0.0895 0.0307 -2.9137 0.0036 -0.1496 -0.0293 13.0141 0.7907
2   -0.0829 0.0307 -2.6991 0.0070 -0.1430 -0.0227 12.1869 0.8374
3   -0.0920 0.0307 -2.9983 0.0027 -0.1522 -0.0319 12.8332 0.8014
4   -0.0822 0.0307 -2.6787 0.0074 -0.1424 -0.0221 12.0201 0.8462
5   -0.0941 0.0307 -3.0640 0.0022 -0.1542 -0.0339 12.4947 0.8207
6   -0.0958 0.0307 -3.1215 0.0018 -0.1560 -0.0357 12.0569 0.8443
7   -0.0830 0.0307 -2.7032 0.0069 -0.1432 -0.0228 12.2227 0.8355
8   -0.0823 0.0307 -2.6797 0.0074 -0.1425 -0.0221 12.0326 0.8456
9   -0.0891 0.0307 -2.9014 0.0037 -0.1492 -0.0289 13.0165 0.7906
10  -0.0774 0.0307 -2.5212 0.0117 -0.1376 -0.0172 10.1512 0.9269
11  -0.0922 0.0307 -3.0031 0.0027 -0.1524 -0.0320 12.8141 0.8025
12  -0.0952 0.0307 -3.0996 0.0019 -0.1553 -0.0350 12.2389 0.8347
13  -0.0973 0.0307 -3.1681 0.0015 -0.1574 -0.0371 11.6051 0.8669
14  -0.0968 0.0307 -3.1518 0.0016 -0.1569 -0.0366 11.7723 0.8588
15  -0.0835 0.0307 -2.7185 0.0066 -0.1436 -0.0233 12.3421 0.8291
16  -0.0851 0.0307 -2.7710 0.0056 -0.1453 -0.0249 12.6723 0.8107
17  -0.0921 0.0307 -3.0002 0.0027 -0.1523 -0.0319 12.8259 0.8018
18  -0.0879 0.0307 -2.8639 0.0042 -0.1481 -0.0278 12.9867 0.7924
19  -0.0892 0.0307 -2.9040 0.0037 -0.1493 -0.0290 13.0165 0.7906
20  -0.0948 0.0307 -3.0884 0.0020 -0.1550 -0.0346 12.3247 0.8300
   estimate     se    zval   pval   ci.lb  ci.ub       Q     Qp
1   -0.0061 0.0316 -0.1932 0.8468 -0.0679 0.0558 21.5780 0.2513
2   -0.0013 0.0316 -0.0400 0.9681 -0.0631 0.0606 21.4995 0.2550
3   -0.0107 0.0316 -0.3406 0.7334 -0.0726 0.0511 20.7655 0.2914
4    0.0128 0.0316  0.4068 0.6841 -0.0490 0.0747 15.9515 0.5959
5   -0.0109 0.0316 -0.3464 0.7290 -0.0728 0.0509 20.7175 0.2939
6   -0.0063 0.0316 -0.1984 0.8427 -0.0681 0.0556 21.5641 0.2519
7   -0.0017 0.0316 -0.0529 0.9578 -0.0635 0.0602 21.5422 0.2529
8    0.0047 0.0316  0.1481 0.8823 -0.0572 0.0665 20.1255 0.3258
9   -0.0047 0.0316 -0.1505 0.8804 -0.0666 0.0571 21.6505 0.2479
10   0.0036 0.0316  0.1155 0.9080 -0.0582 0.0655 20.4614 0.3075
11  -0.0047 0.0316 -0.1505 0.8804 -0.0666 0.0571 21.6506 0.2479
12  -0.0107 0.0316 -0.3402 0.7337 -0.0726 0.0511 20.7709 0.2911
13  -0.0049 0.0316 -0.1546 0.8771 -0.0667 0.0570 21.6467 0.2480
14  -0.0165 0.0316 -0.5217 0.6019 -0.0783 0.0454 18.5735 0.4185
15   0.0003 0.0316  0.0110 0.9912 -0.0615 0.0622 21.2647 0.2663
16   0.0110 0.0316  0.3479 0.7279 -0.0509 0.0729 17.1469 0.5130
17  -0.0148 0.0316 -0.4685 0.6394 -0.0766 0.0471 19.3572 0.3701
18  -0.0059 0.0316 -0.1879 0.8509 -0.0678 0.0559 21.5909 0.2507
19  -0.0045 0.0316 -0.1440 0.8855 -0.0664 0.0573 21.6552 0.2477
20  -0.0103 0.0316 -0.3276 0.7432 -0.0722 0.0515 20.8728 0.2859
   estimate     se    zval   pval   ci.lb   ci.ub       Q     Qp
1   -0.0903 0.0295 -3.0642 0.0022 -0.1481 -0.0325 33.8529 0.0131
2   -0.0981 0.0295 -3.3274 0.0009 -0.1558 -0.0403 33.3961 0.0149
3   -0.0911 0.0295 -3.0909 0.0020 -0.1488 -0.0333 33.9325 0.0128
4   -0.0940 0.0295 -3.1904 0.0014 -0.1518 -0.0363 33.9794 0.0127
5   -0.0904 0.0295 -3.0687 0.0022 -0.1482 -0.0327 33.8676 0.0131
6   -0.0868 0.0295 -2.9460 0.0032 -0.1446 -0.0291 33.1571 0.0160
7   -0.0793 0.0295 -2.6910 0.0071 -0.1371 -0.0215 29.7646 0.0398
8   -0.0810 0.0295 -2.7469 0.0060 -0.1387 -0.0232 30.7324 0.0309
9   -0.0874 0.0295 -2.9657 0.0030 -0.1451 -0.0296 33.3093 0.0153
10  -0.0986 0.0295 -3.3446 0.0008 -0.1563 -0.0408 33.2701 0.0155
11  -0.1025 0.0295 -3.4785 0.0005 -0.1603 -0.0448 31.8822 0.0227
12  -0.0980 0.0295 -3.3259 0.0009 -0.1558 -0.0403 33.4064 0.0149
13  -0.1108 0.0295 -3.7605 0.0002 -0.1686 -0.0531 26.6230 0.0863
14  -0.1111 0.0295 -3.7701 0.0002 -0.1688 -0.0533 26.3256 0.0925
15  -0.0817 0.0295 -2.7734 0.0055 -0.1395 -0.0240 31.1170 0.0279
16  -0.0877 0.0295 -2.9768 0.0029 -0.1455 -0.0300 33.3962 0.0149
17  -0.0868 0.0295 -2.9456 0.0032 -0.1446 -0.0290 33.1491 0.0160
18  -0.0889 0.0295 -3.0178 0.0025 -0.1467 -0.0312 33.6457 0.0139
19  -0.1029 0.0295 -3.4930 0.0005 -0.1607 -0.0452 31.6897 0.0239
20  -0.0905 0.0295 -3.0705 0.0021 -0.1482 -0.0327 33.8749 0.0131
   estimate     se    zval   pval   ci.lb   ci.ub       Q     Qp
1   -0.2190 0.0434 -5.0485 0.0000 -0.3040 -0.1340 12.0901 0.8426
2   -0.2090 0.0433 -4.8224 0.0000 -0.2940 -0.1241 10.5354 0.9130
3   -0.2255 0.0434 -5.1989 0.0000 -0.3105 -0.1405 11.9303 0.8508
4   -0.2208 0.0434 -5.0906 0.0000 -0.3058 -0.1358 12.1364 0.8401
5   -0.2195 0.0434 -5.0603 0.0000 -0.3046 -0.1345 12.1113 0.8414
6   -0.2198 0.0434 -5.0655 0.0000 -0.3048 -0.1347 12.1177 0.8411
7   -0.2178 0.0434 -5.0179 0.0000 -0.3028 -0.1327 12.0193 0.8462
8   -0.2278 0.0434 -5.2503 0.0000 -0.3128 -0.1427 11.6645 0.8641
9   -0.2290 0.0434 -5.2781 0.0000 -0.3140 -0.1439 11.4795 0.8729
10  -0.2237 0.0434 -5.1566 0.0000 -0.3087 -0.1387 12.0652 0.8439
11  -0.2217 0.0434 -5.1094 0.0000 -0.3067 -0.1366 12.1339 0.8402
12  -0.2323 0.0434 -5.3541 0.0000 -0.3173 -0.1472 10.8111 0.9022
13  -0.2342 0.0434 -5.3981 0.0000 -0.3192 -0.1492 10.3186 0.9210
14  -0.2320 0.0434 -5.3480 0.0000 -0.3170 -0.1470 10.8733 0.8997
15  -0.2042 0.0434 -4.7047 0.0000 -0.2892 -0.1191  9.1281 0.9567
16  -0.2149 0.0434 -4.9513 0.0000 -0.2999 -0.1298 11.7303 0.8608
17  -0.2117 0.0434 -4.8772 0.0000 -0.2967 -0.1266 11.2043 0.8855
18  -0.2158 0.0434 -4.9741 0.0000 -0.3008 -0.1308 11.8343 0.8557
19  -0.2266 0.0434 -5.2226 0.0000 -0.3116 -0.1415 11.8197 0.8564
20  -0.2171 0.0434 -5.0031 0.0000 -0.3021 -0.1320 11.9647 0.8491
   estimate     se    zval   pval   ci.lb   ci.ub       Q     Qp
1   -0.0548 0.0356 -1.5420 0.1231 -0.1246  0.0149 24.1501 0.1502
2   -0.0655 0.0356 -1.8401 0.0658 -0.1352  0.0043 24.1107 0.1514
3   -0.0543 0.0356 -1.5270 0.1268 -0.1240  0.0154 24.0545 0.1532
4   -0.0745 0.0356 -2.0934 0.0363 -0.1442 -0.0047 21.2890 0.2651
5   -0.0553 0.0356 -1.5557 0.1198 -0.1251  0.0144 24.2275 0.1477
6   -0.0531 0.0356 -1.4924 0.1356 -0.1228  0.0166 23.8094 0.1614
7   -0.0609 0.0356 -1.7106 0.0872 -0.1306  0.0089 24.5641 0.1374
8   -0.0642 0.0356 -1.8054 0.0710 -0.1339  0.0055 24.2977 0.1455
9   -0.0568 0.0356 -1.5966 0.1103 -0.1265  0.0129 24.4100 0.1420
10  -0.0748 0.0356 -2.1035 0.0354 -0.1445 -0.0051 21.1102 0.2739
11  -0.0538 0.0356 -1.5130 0.1303 -0.1235  0.0159 23.9629 0.1562
12  -0.0548 0.0356 -1.5400 0.1236 -0.1245  0.0149 24.1385 0.1505
13  -0.0636 0.0356 -1.7882 0.0737 -0.1333  0.0061 24.3725 0.1432
14  -0.0479 0.0355 -1.3470 0.1780 -0.1176  0.0218 22.1901 0.2237
15  -0.0637 0.0356 -1.7903 0.0734 -0.1334  0.0060 24.3642 0.1435
16  -0.0674 0.0356 -1.8957 0.0580 -0.1372  0.0023 23.7122 0.1647
17  -0.0512 0.0356 -1.4384 0.1503 -0.1209  0.0186 23.3303 0.1782
18  -0.0555 0.0356 -1.5592 0.1190 -0.1252  0.0143 24.2450 0.1472
19  -0.0815 0.0356 -2.2898 0.0220 -0.1512 -0.0117 17.3930 0.4963
20  -0.0471 0.0356 -1.3249 0.1852 -0.1168  0.0226 21.8967 0.2366
   estimate     se    zval   pval   ci.lb  ci.ub       Q     Qp
1   -0.0137 0.0359 -0.3804 0.7036 -0.0840 0.0567 19.8370 0.3421
2   -0.0300 0.0359 -0.8365 0.4029 -0.1004 0.0403 17.0313 0.5210
3   -0.0106 0.0359 -0.2950 0.7680 -0.0809 0.0598 19.4334 0.3656
4   -0.0263 0.0359 -0.7316 0.4644 -0.0966 0.0441 18.4249 0.4280
5   -0.0060 0.0359 -0.1671 0.8673 -0.0763 0.0643 18.2844 0.4371
6   -0.0043 0.0359 -0.1209 0.9038 -0.0747 0.0660 17.7183 0.4744
7   -0.0146 0.0359 -0.4073 0.6838 -0.0850 0.0557 19.9032 0.3383
8   -0.0131 0.0359 -0.3657 0.7146 -0.0835 0.0572 19.7884 0.3449
9   -0.0227 0.0359 -0.6337 0.5263 -0.0931 0.0476 19.3152 0.3727
10  -0.0290 0.0359 -0.8071 0.4196 -0.0993 0.0414 17.4750 0.4907
11  -0.0209 0.0359 -0.5833 0.5597 -0.0913 0.0494 19.6235 0.3544
12  -0.0146 0.0359 -0.4060 0.6848 -0.0849 0.0558 19.9006 0.3384
13  -0.0246 0.0359 -0.6842 0.4938 -0.0949 0.0458 18.9062 0.3976
14  -0.0102 0.0359 -0.2848 0.7758 -0.0806 0.0601 19.3652 0.3697
15  -0.0158 0.0359 -0.4395 0.6603 -0.0861 0.0546 19.9447 0.3359
16  -0.0175 0.0359 -0.4871 0.6262 -0.0878 0.0529 19.9299 0.3368
17  -0.0072 0.0359 -0.1996 0.8418 -0.0775 0.0632 18.6413 0.4142
18  -0.0046 0.0359 -0.1275 0.8985 -0.0749 0.0658 17.8046 0.4686
19  -0.0300 0.0359 -0.8345 0.4040 -0.1003 0.0404 17.0918 0.5168
20  -0.0115 0.0359 -0.3192 0.7496 -0.0818 0.0589 19.5769 0.3571
   estimate     se    zval   pval   ci.lb   ci.ub       Q     Qp
1   -0.0604 0.0299 -2.0184 0.0436 -0.1191 -0.0017 15.3323 0.6390
2   -0.0493 0.0299 -1.6452 0.0999 -0.1079  0.0094 11.9763 0.8485
3   -0.0670 0.0299 -2.2378 0.0252 -0.1257 -0.0083 14.6984 0.6826
4   -0.0565 0.0299 -1.8869 0.0592 -0.1152  0.0022 14.7894 0.6764
5   -0.0600 0.0299 -2.0044 0.0450 -0.1187 -0.0013 15.3074 0.6408
6   -0.0619 0.0299 -2.0680 0.0386 -0.1206 -0.0032 15.3576 0.6373
7   -0.0512 0.0299 -1.7091 0.0874 -0.1099  0.0075 12.9786 0.7928
8   -0.0550 0.0299 -1.8367 0.0663 -0.1137  0.0037 14.4013 0.7026
9   -0.0662 0.0299 -2.2122 0.0270 -0.1249 -0.0076 14.8717 0.6708
10  -0.0637 0.0299 -2.1264 0.0335 -0.1223 -0.0050 15.2610 0.6440
11  -0.0593 0.0299 -1.9803 0.0477 -0.1180 -0.0006 15.2461 0.6450
12  -0.0680 0.0299 -2.2708 0.0232 -0.1267 -0.0093 14.4368 0.7002
13  -0.0635 0.0299 -2.1200 0.0340 -0.1221 -0.0048 15.2783 0.6428
14  -0.0739 0.0299 -2.4690 0.0135 -0.1326 -0.0152 11.9368 0.8505
15  -0.0623 0.0299 -2.0804 0.0375 -0.1210 -0.0036 15.3484 0.6379
16  -0.0564 0.0299 -1.8852 0.0594 -0.1151  0.0022 14.7784 0.6771
17  -0.0674 0.0299 -2.2519 0.0243 -0.1261 -0.0087 14.5917 0.6898
18  -0.0594 0.0299 -1.9832 0.0473 -0.1181 -0.0007 15.2547 0.6444
19  -0.0600 0.0299 -2.0048 0.0450 -0.1187 -0.0013 15.3083 0.6407
20  -0.0697 0.0299 -2.3273 0.0199 -0.1284 -0.0110 13.8872 0.7364
   estimate     se    zval   pval   ci.lb  ci.ub      Q     Qp
1   -0.0103 0.0419 -0.2464 0.8054 -0.0925 0.0719 9.2605 0.9534
2   -0.0183 0.0419 -0.4364 0.6625 -0.1005 0.0639 8.7497 0.9653
3   -0.0239 0.0419 -0.5690 0.5694 -0.1060 0.0583 7.5277 0.9849
4   -0.0160 0.0419 -0.3813 0.7030 -0.0982 0.0662 9.0476 0.9586
5   -0.0033 0.0419 -0.0780 0.9378 -0.0855 0.0789 8.5085 0.9701
6   -0.0006 0.0419 -0.0141 0.9887 -0.0828 0.0816 7.9364 0.9796
7   -0.0127 0.0419 -0.3024 0.7623 -0.0949 0.0695 9.2605 0.9534
8   -0.0102 0.0419 -0.2433 0.8078 -0.0924 0.0720 9.2569 0.9535
9   -0.0202 0.0419 -0.4815 0.6301 -0.1024 0.0620 8.4150 0.9718
10  -0.0108 0.0419 -0.2575 0.7968 -0.0930 0.0714 9.2705 0.9531
11  -0.0098 0.0419 -0.2349 0.8143 -0.0920 0.0723 9.2450 0.9538
12  -0.0191 0.0419 -0.4566 0.6479 -0.1013 0.0630 8.6128 0.9680
13  -0.0085 0.0419 -0.2037 0.8386 -0.0907 0.0736 9.1763 0.9555
14  -0.0142 0.0419 -0.3385 0.7350 -0.0964 0.0680 9.1939 0.9551
15  -0.0123 0.0419 -0.2945 0.7684 -0.0945 0.0698 9.2682 0.9532
16  -0.0176 0.0419 -0.4202 0.6743 -0.0998 0.0646 8.8511 0.9631
17   0.0032 0.0419  0.0769 0.9387 -0.0790 0.0854 6.8119 0.9916
18  -0.0113 0.0419 -0.2698 0.7873 -0.0935 0.0709 9.2758 0.9530
19  -0.0064 0.0419 -0.1534 0.8781 -0.0886 0.0758 8.9832 0.9601
20  -0.0077 0.0419 -0.1828 0.8549 -0.0899 0.0745 9.1086 0.9572
   estimate     se    zval   pval   ci.lb   ci.ub       Q     Qp
1   -0.0623 0.0395 -1.5800 0.1141 -0.1397  0.0150 16.9743 0.5249
2   -0.0585 0.0395 -1.4835 0.1379 -0.1359  0.0188 16.9720 0.5250
3   -0.0566 0.0395 -1.4353 0.1512 -0.1340  0.0207 16.8309 0.5348
4   -0.0728 0.0395 -1.8457 0.0649 -0.1502  0.0045 15.0615 0.6577
5   -0.0559 0.0395 -1.4159 0.1568 -0.1332  0.0215 16.7493 0.5404
6   -0.0519 0.0395 -1.3156 0.1883 -0.1292  0.0254 16.0778 0.5871
7   -0.0517 0.0395 -1.3110 0.1899 -0.1291  0.0256 16.0387 0.5898
8   -0.0642 0.0395 -1.6270 0.1037 -0.1415  0.0131 16.8407 0.5341
9   -0.0576 0.0395 -1.4595 0.1444 -0.1349  0.0197 16.9135 0.5291
10  -0.0819 0.0395 -2.0769 0.0378 -0.1593 -0.0046 11.0771 0.8911
11  -0.0654 0.0395 -1.6578 0.0973 -0.1428  0.0119 16.7053 0.5434
12  -0.0609 0.0395 -1.5429 0.1229 -0.1382  0.0165 17.0176 0.5219
13  -0.0684 0.0395 -1.7327 0.0832 -0.1457  0.0090 16.2182 0.5773
14  -0.0725 0.0394 -1.8373 0.0662 -0.1498  0.0048 15.1473 0.6518
15  -0.0599 0.0395 -1.5175 0.1291 -0.1372  0.0175 17.0155 0.5220
16  -0.0562 0.0395 -1.4230 0.1547 -0.1335  0.0212 16.7819 0.5381
17  -0.0524 0.0395 -1.3278 0.1843 -0.1297  0.0249 16.1762 0.5803
18  -0.0612 0.0395 -1.5513 0.1208 -0.1386  0.0161 17.0126 0.5222
19  -0.0481 0.0395 -1.2197 0.2226 -0.1255  0.0292 15.0631 0.6576
20  -0.0508 0.0395 -1.2870 0.1981 -0.1281  0.0265 15.8092 0.6059
   estimate     se    zval   pval   ci.lb  ci.ub       Q     Qp
1   -0.0634 0.0407 -1.5602 0.1187 -0.1431 0.0162 12.4844 0.8212
2   -0.0683 0.0407 -1.6807 0.0928 -0.1480 0.0114 12.2719 0.8329
3   -0.0689 0.0407 -1.6937 0.0903 -0.1485 0.0108 12.2144 0.8360
4   -0.0719 0.0407 -1.7692 0.0769 -0.1516 0.0078 11.7463 0.8601
5   -0.0580 0.0406 -1.4263 0.1538 -0.1376 0.0217 12.0367 0.8453
6   -0.0551 0.0406 -1.3551 0.1754 -0.1347 0.0246 11.5060 0.8717
7   -0.0612 0.0407 -1.5047 0.1324 -0.1408 0.0185 12.3873 0.8266
8   -0.0526 0.0407 -1.2948 0.1954 -0.1323 0.0270 10.9223 0.8976
9   -0.0608 0.0407 -1.4963 0.1346 -0.1405 0.0188 12.3612 0.8280
10  -0.0708 0.0407 -1.7428 0.0814 -0.1505 0.0088 11.9359 0.8505
11  -0.0700 0.0407 -1.7229 0.0849 -0.1497 0.0096 12.0602 0.8441
12  -0.0709 0.0407 -1.7443 0.0811 -0.1506 0.0088 11.9256 0.8511
13  -0.0723 0.0407 -1.7783 0.0754 -0.1520 0.0074 11.6744 0.8636
14  -0.0747 0.0406 -1.8366 0.0663 -0.1543 0.0050 11.1333 0.8886
15  -0.0673 0.0407 -1.6550 0.0979 -0.1470 0.0124 12.3658 0.8278
16  -0.0623 0.0407 -1.5325 0.1254 -0.1420 0.0174 12.4513 0.8231
17  -0.0456 0.0406 -1.1215 0.2621 -0.1252 0.0341  8.2512 0.9747
18  -0.0583 0.0407 -1.4342 0.1515 -0.1380 0.0214 12.0857 0.8428
19  -0.0670 0.0407 -1.6479 0.0994 -0.1467 0.0127 12.3872 0.8266
20  -0.0622 0.0407 -1.5301 0.1260 -0.1419 0.0175 12.4467 0.8233
   estimate     se    zval   pval   ci.lb   ci.ub       Q     Qp
1   -0.0615 0.0360 -1.7091 0.0874 -0.1319  0.0090 17.3972 0.4960
2   -0.0572 0.0360 -1.5898 0.1119 -0.1276  0.0133 16.4866 0.5586
3   -0.0616 0.0360 -1.7126 0.0868 -0.1320  0.0089 17.4135 0.4949
4   -0.0799 0.0360 -2.2211 0.0263 -0.1504 -0.0094 14.8282 0.6737
5   -0.0647 0.0360 -1.7992 0.0720 -0.1352  0.0058 17.7031 0.4754
6   -0.0606 0.0360 -1.6850 0.0920 -0.1311  0.0099 17.2607 0.5053
7   -0.0515 0.0359 -1.4334 0.1517 -0.1220  0.0189 14.3999 0.7027
8   -0.0697 0.0360 -1.9381 0.0526 -0.1402  0.0008 17.5372 0.4865
9   -0.0539 0.0360 -1.5003 0.1335 -0.1244  0.0165 15.4353 0.6319
10  -0.0782 0.0360 -2.1744 0.0297 -0.1487 -0.0077 15.4835 0.6285
11  -0.0659 0.0360 -1.8321 0.0669 -0.1364  0.0046 17.7335 0.4733
12  -0.0681 0.0360 -1.8928 0.0584 -0.1385  0.0024 17.6758 0.4772
13  -0.0747 0.0360 -2.0765 0.0378 -0.1451 -0.0042 16.6052 0.5504
14  -0.0725 0.0360 -2.0151 0.0439 -0.1429 -0.0020 17.1131 0.5153
15  -0.0694 0.0360 -1.9312 0.0535 -0.1399  0.0010 17.5636 0.4847
16  -0.0727 0.0360 -2.0218 0.0432 -0.1432 -0.0022 17.0656 0.5186
17  -0.0599 0.0360 -1.6652 0.0959 -0.1303  0.0106 17.1265 0.5144
18  -0.0653 0.0360 -1.8169 0.0692 -0.1358  0.0051 17.7249 0.4739
19  -0.0755 0.0360 -2.1004 0.0357 -0.1460 -0.0051 16.3671 0.5669
20  -0.0597 0.0360 -1.6615 0.0966 -0.1302  0.0107 17.0998 0.5163
   estimate     se    zval   pval   ci.lb   ci.ub       Q     Qp
1   -0.0675 0.0283 -2.3835 0.0171 -0.1230 -0.0120 27.2830 0.0738
2   -0.0758 0.0283 -2.6777 0.0074 -0.1314 -0.0203 26.2266 0.0947
3   -0.0713 0.0283 -2.5170 0.0118 -0.1268 -0.0158 27.2328 0.0747
4   -0.0818 0.0283 -2.8877 0.0039 -0.1373 -0.0263 23.3675 0.1769
5   -0.0613 0.0283 -2.1637 0.0305 -0.1168 -0.0058 25.8246 0.1038
6   -0.0638 0.0283 -2.2515 0.0244 -0.1193 -0.0083 26.6319 0.0862
7   -0.0690 0.0283 -2.4348 0.0149 -0.1245 -0.0135 27.3480 0.0727
8   -0.0553 0.0283 -1.9522 0.0509 -0.1108  0.0002 22.4679 0.2119
9   -0.0535 0.0283 -1.8899 0.0588 -0.1091  0.0020 21.3223 0.2635
10  -0.0709 0.0283 -2.5047 0.0123 -0.1265 -0.0154 27.2673 0.0741
11  -0.0730 0.0283 -2.5761 0.0100 -0.1285 -0.0175 26.9830 0.0793
12  -0.0660 0.0283 -2.3315 0.0197 -0.1216 -0.0105 27.1104 0.0769
13  -0.0775 0.0283 -2.7376 0.0062 -0.1331 -0.0220 25.5878 0.1096
14  -0.0771 0.0283 -2.7235 0.0065 -0.1327 -0.0216 25.7503 0.1056
15  -0.0654 0.0283 -2.3091 0.0209 -0.1209 -0.0099 26.9982 0.0790
16  -0.0767 0.0283 -2.7084 0.0068 -0.1322 -0.0212 25.9187 0.1016
17  -0.0632 0.0283 -2.2322 0.0256 -0.1187 -0.0077 26.4756 0.0894
18  -0.0636 0.0283 -2.2455 0.0247 -0.1191 -0.0081 26.5879 0.0871
19  -0.0799 0.0283 -2.8201 0.0048 -0.1354 -0.0244 24.4732 0.1401
20  -0.0700 0.0283 -2.4711 0.0135 -0.1255 -0.0145 27.3304 0.0730
   estimate     se    zval   pval   ci.lb  ci.ub       Q     Qp
1   -0.0082 0.0247 -0.3310 0.7407 -0.0566 0.0402 36.7678 0.0056
2   -0.0089 0.0247 -0.3602 0.7187 -0.0573 0.0395 36.6586 0.0058
3   -0.0130 0.0247 -0.5261 0.5988 -0.0614 0.0354 35.3863 0.0084
4   -0.0204 0.0247 -0.8242 0.4098 -0.0688 0.0281 30.3650 0.0340
5   -0.0006 0.0247 -0.0249 0.9801 -0.0490 0.0478 35.8577 0.0074
6   -0.0045 0.0247 -0.1830 0.8548 -0.0529 0.0439 36.7962 0.0056
7    0.0131 0.0247  0.5310 0.5954 -0.0353 0.0615 24.6089 0.1361
8   -0.0056 0.0247 -0.2251 0.8219 -0.0540 0.0429 36.8772 0.0054
9    0.0004 0.0247  0.0170 0.9864 -0.0480 0.0488 35.4419 0.0083
10  -0.0101 0.0247 -0.4100 0.6818 -0.0586 0.0383 36.3938 0.0063
11  -0.0133 0.0247 -0.5387 0.5901 -0.0617 0.0351 35.2509 0.0088
12  -0.0011 0.0247 -0.0464 0.9630 -0.0496 0.0473 36.0450 0.0070
13  -0.0015 0.0247 -0.0598 0.9523 -0.0499 0.0469 36.1519 0.0067
14  -0.0089 0.0247 -0.3612 0.7180 -0.0573 0.0395 36.6545 0.0058
15  -0.0132 0.0247 -0.5338 0.5935 -0.0616 0.0352 35.3025 0.0087
16  -0.0191 0.0247 -0.7745 0.4386 -0.0676 0.0293 31.4361 0.0256
17   0.0050 0.0247  0.2029 0.8392 -0.0434 0.0534 32.7272 0.0180
18  -0.0045 0.0247 -0.1826 0.8551 -0.0529 0.0439 36.7949 0.0056
19  -0.0033 0.0247 -0.1336 0.8937 -0.0517 0.0451 36.6108 0.0059
20  -0.0069 0.0247 -0.2796 0.7798 -0.0553 0.0415 36.8767 0.0054
   estimate     se   zval   pval   ci.lb  ci.ub       Q     Qp
1    0.0830 0.0434 1.9121 0.0559 -0.0021 0.1681 17.7592 0.4716
2    0.0845 0.0434 1.9477 0.0515 -0.0005 0.1696 17.8941 0.4627
3    0.0760 0.0434 1.7508 0.0800 -0.0091 0.1610 16.4653 0.5601
4    0.0917 0.0434 2.1121 0.0347  0.0066 0.1767 17.8732 0.4640
5    0.0960 0.0434 2.2114 0.0270  0.0109 0.1810 17.3361 0.5001
6    0.0903 0.0434 2.0818 0.0374  0.0053 0.1754 17.9585 0.4584
7    0.0936 0.0434 2.1562 0.0311  0.0085 0.1786 17.6832 0.4767
8    0.0954 0.0434 2.1976 0.0280  0.0103 0.1804 17.4338 0.4935
9    0.0775 0.0434 1.7865 0.0740 -0.0075 0.1626 16.8650 0.5324
10   0.0857 0.0434 1.9755 0.0482  0.0007 0.1708 17.9679 0.4578
11   0.0747 0.0434 1.7212 0.0852 -0.0104 0.1598 16.1586 0.5815
12   0.0798 0.0434 1.8377 0.0661 -0.0053 0.1648 17.3118 0.5018
13   0.0885 0.0434 2.0403 0.0413  0.0035 0.1736 18.0159 0.4546
14   0.0888 0.0434 2.0454 0.0408  0.0037 0.1738 18.0126 0.4548
15   0.1052 0.0434 2.4253 0.0153  0.0202 0.1903 14.8357 0.6732
16   0.0966 0.0434 2.2265 0.0260  0.0116 0.1817 17.2195 0.5081
17   0.1100 0.0434 2.5336 0.0113  0.0249 0.1951 12.9204 0.7963
18   0.0866 0.0434 1.9963 0.0459  0.0016 0.1717 18.0015 0.4556
19   0.0764 0.0434 1.7589 0.0786 -0.0087 0.1614 16.6076 0.5502
20   0.0787 0.0434 1.8130 0.0698 -0.0064 0.1637 17.1042 0.5160
   estimate     se    zval   pval   ci.lb  ci.ub       Q     Qp
1   -0.0186 0.0234 -0.7940 0.4272 -0.0644 0.0273 21.9814 0.2328
2   -0.0304 0.0234 -1.3014 0.1931 -0.0763 0.0154 20.4604 0.3075
3   -0.0225 0.0234 -0.9643 0.3349 -0.0684 0.0233 22.6178 0.2057
4   -0.0236 0.0234 -1.0111 0.3119 -0.0695 0.0222 22.5896 0.2069
5   -0.0216 0.0234 -0.9236 0.3557 -0.0674 0.0242 22.5709 0.2076
6   -0.0267 0.0234 -1.1427 0.2531 -0.0726 0.0191 22.0405 0.2302
7   -0.0172 0.0234 -0.7372 0.4610 -0.0631 0.0286 21.5105 0.2544
8   -0.0211 0.0234 -0.9038 0.3661 -0.0670 0.0247 22.5242 0.2095
9   -0.0180 0.0234 -0.7718 0.4402 -0.0639 0.0278 21.8122 0.2404
10  -0.0118 0.0234 -0.5027 0.6152 -0.0576 0.0341 18.1969 0.4428
11  -0.0168 0.0234 -0.7188 0.4723 -0.0626 0.0290 21.3316 0.2630
12  -0.0201 0.0234 -0.8600 0.3898 -0.0659 0.0257 22.3651 0.2162
13  -0.0316 0.0234 -1.3524 0.1762 -0.0775 0.0142 19.7332 0.3480
14  -0.0219 0.0234 -0.9371 0.3487 -0.0677 0.0239 22.5939 0.2067
15  -0.0199 0.0234 -0.8500 0.3953 -0.0657 0.0260 22.3177 0.2182
16  -0.0281 0.0234 -1.2014 0.2296 -0.0739 0.0177 21.5727 0.2515
17  -0.0266 0.0234 -1.1360 0.2560 -0.0724 0.0193 22.0855 0.2282
18  -0.0207 0.0234 -0.8844 0.3765 -0.0665 0.0252 22.4633 0.2121
19  -0.0369 0.0234 -1.5769 0.1148 -0.0827 0.0090 15.3435 0.6383
20  -0.0207 0.0234 -0.8839 0.3768 -0.0665 0.0252 22.4615 0.2121
   estimate     se    zval   pval   ci.lb  ci.ub      Q     Qp
1   -0.0134 0.0329 -0.4090 0.6825 -0.0778 0.0510 7.3128 0.9872
2   -0.0120 0.0329 -0.3662 0.7142 -0.0764 0.0524 7.5255 0.9849
3   -0.0114 0.0329 -0.3472 0.7284 -0.0758 0.0530 7.5962 0.9841
4   -0.0100 0.0329 -0.3031 0.7618 -0.0743 0.0544 7.7053 0.9827
5   -0.0130 0.0329 -0.3961 0.6920 -0.0774 0.0514 7.3847 0.9865
6   -0.0116 0.0329 -0.3517 0.7250 -0.0759 0.0528 7.5807 0.9842
7   -0.0025 0.0329 -0.0762 0.9393 -0.0669 0.0619 7.0350 0.9898
8   -0.0137 0.0329 -0.4160 0.6774 -0.0781 0.0507 7.2713 0.9876
9    0.0007 0.0329  0.0207 0.9835 -0.0637 0.0651 6.1197 0.9957
10  -0.0081 0.0329 -0.2460 0.8057 -0.0725 0.0563 7.7307 0.9824
11  -0.0093 0.0329 -0.2837 0.7766 -0.0737 0.0551 7.7285 0.9824
12  -0.0090 0.0329 -0.2744 0.7837 -0.0734 0.0554 7.7343 0.9823
13   0.0018 0.0329  0.0555 0.9557 -0.0626 0.0662 5.6962 0.9973
14  -0.0121 0.0329 -0.3688 0.7123 -0.0765 0.0523 7.5146 0.9850
15  -0.0035 0.0329 -0.1070 0.9148 -0.0679 0.0609 7.2472 0.9879
16  -0.0080 0.0329 -0.2436 0.8075 -0.0724 0.0564 7.7289 0.9824
17  -0.0027 0.0329 -0.0810 0.9354 -0.0670 0.0617 7.0702 0.9895
18  -0.0125 0.0329 -0.3801 0.7039 -0.0769 0.0519 7.4645 0.9856
19  -0.0126 0.0329 -0.3820 0.7024 -0.0769 0.0518 7.4555 0.9857
20  -0.0103 0.0329 -0.3123 0.7548 -0.0746 0.0541 7.6890 0.9829
   estimate     se    zval   pval   ci.lb  ci.ub       Q     Qp
1   -0.0004 0.0307 -0.0135 0.9892 -0.0606 0.0598 20.4674 0.3071
2    0.0003 0.0307  0.0093 0.9926 -0.0599 0.0605 20.5118 0.3048
3   -0.0053 0.0307 -0.1739 0.8620 -0.0656 0.0549 19.5655 0.3578
4    0.0136 0.0307  0.4415 0.6589 -0.0467 0.0738 17.4316 0.4936
5    0.0021 0.0307  0.0685 0.9454 -0.0581 0.0623 20.5302 0.3038
6   -0.0051 0.0307 -0.1667 0.8676 -0.0654 0.0551 19.6283 0.3541
7    0.0031 0.0307  0.0994 0.9208 -0.0572 0.0633 20.4840 0.3062
8    0.0020 0.0307  0.0659 0.9475 -0.0582 0.0623 20.5323 0.3037
9   -0.0000 0.0307 -0.0013 0.9990 -0.0603 0.0602 20.4937 0.3057
10   0.0151 0.0307  0.4911 0.6234 -0.0451 0.0753 16.5997 0.5508
11   0.0010 0.0307  0.0330 0.9737 -0.0592 0.0612 20.5360 0.3035
12  -0.0082 0.0307 -0.2679 0.7888 -0.0685 0.0520 18.5693 0.4188
13  -0.0034 0.0307 -0.1108 0.9118 -0.0636 0.0568 20.0442 0.3303
14  -0.0124 0.0307 -0.4041 0.6861 -0.0726 0.0478 16.4287 0.5627
15   0.0058 0.0307  0.1894 0.8498 -0.0544 0.0661 20.1324 0.3254
16   0.0143 0.0307  0.4662 0.6411 -0.0459 0.0746 17.0295 0.5211
17   0.0010 0.0307  0.0323 0.9742 -0.0592 0.0612 20.5356 0.3035
18   0.0048 0.0307  0.1555 0.8765 -0.0555 0.0650 20.3031 0.3160
19   0.0066 0.0307  0.2143 0.8303 -0.0536 0.0668 19.9786 0.3340
20  -0.0060 0.0307 -0.1948 0.8455 -0.0662 0.0542 19.3723 0.3692
   estimate     se   zval   pval   ci.lb  ci.ub       Q     Qp
1    0.0258 0.0450 0.5750 0.5653 -0.0623 0.1140 11.6522 0.8647
2    0.0321 0.0450 0.7136 0.4755 -0.0560 0.1202 11.9452 0.8501
3    0.0257 0.0450 0.5707 0.5682 -0.0625 0.1138 11.6295 0.8658
4    0.0481 0.0450 1.0689 0.2851 -0.0401 0.1362  9.2208 0.9544
5    0.0258 0.0450 0.5734 0.5664 -0.0623 0.1139 11.6447 0.8650
6    0.0242 0.0450 0.5391 0.5898 -0.0639 0.1124 11.4520 0.8742
7    0.0235 0.0450 0.5223 0.6015 -0.0646 0.1116 11.3430 0.8792
8    0.0355 0.0450 0.7890 0.4301 -0.0526 0.1236 11.7811 0.8583
9    0.0251 0.0450 0.5583 0.5766 -0.0630 0.1132 11.5649 0.8689
10   0.0425 0.0450 0.9460 0.3441 -0.0456 0.1307 10.7116 0.9062
11   0.0284 0.0450 0.6307 0.5283 -0.0598 0.1165 11.8623 0.8543
12   0.0219 0.0450 0.4861 0.6269 -0.0663 0.1100 11.0672 0.8915
13   0.0363 0.0450 0.8065 0.4200 -0.0519 0.1244 11.7105 0.8618
14   0.0327 0.0450 0.7266 0.4674 -0.0554 0.1208 11.9331 0.8507
15   0.0358 0.0450 0.7954 0.4264 -0.0524 0.1239 11.7564 0.8596
16   0.0443 0.0450 0.9859 0.3242 -0.0438 0.1325 10.2907 0.9220
17   0.0292 0.0450 0.6492 0.5162 -0.0589 0.1173 11.9048 0.8521
18   0.0250 0.0450 0.5561 0.5781 -0.0631 0.1131 11.5531 0.8694
19   0.0437 0.0450 0.9722 0.3310 -0.0444 0.1318 10.4406 0.9166
20   0.0214 0.0450 0.4750 0.6348 -0.0668 0.1095 10.9673 0.8957
   estimate     se    zval   pval   ci.lb  ci.ub      Q     Qp
1   -0.0747 0.0434 -1.7215 0.0852 -0.1597 0.0103 2.6906 1.0000
2   -0.0722 0.0434 -1.6646 0.0960 -0.1573 0.0128 2.6116 1.0000
3   -0.0811 0.0434 -1.8685 0.0617 -0.1661 0.0040 2.2932 1.0000
4   -0.0725 0.0434 -1.6712 0.0947 -0.1576 0.0125 2.6281 1.0000
5   -0.0761 0.0434 -1.7532 0.0796 -0.1611 0.0090 2.6781 1.0000
6   -0.0744 0.0434 -1.7147 0.0864 -0.1594 0.0106 2.6880 1.0000
7   -0.0715 0.0434 -1.6476 0.0994 -0.1565 0.0136 2.5640 1.0000
8   -0.0792 0.0434 -1.8247 0.0680 -0.1642 0.0059 2.5021 1.0000
9   -0.0730 0.0434 -1.6835 0.0923 -0.1581 0.0120 2.6524 1.0000
10  -0.0733 0.0434 -1.6903 0.0910 -0.1584 0.0117 2.6636 1.0000
11  -0.0760 0.0434 -1.7521 0.0798 -0.1611 0.0090 2.6792 1.0000
12  -0.0819 0.0434 -1.8865 0.0592 -0.1669 0.0032 2.1857 1.0000
13  -0.0767 0.0434 -1.7681 0.0770 -0.1618 0.0083 2.6584 1.0000
14  -0.0744 0.0434 -1.7153 0.0863 -0.1595 0.0106 2.6883 1.0000
15  -0.0736 0.0434 -1.6956 0.0900 -0.1586 0.0115 2.6710 1.0000
16  -0.0697 0.0434 -1.6064 0.1082 -0.1548 0.0153 2.4003 1.0000
17  -0.0763 0.0434 -1.7583 0.0787 -0.1613 0.0088 2.6724 1.0000
18  -0.0758 0.0434 -1.7471 0.0806 -0.1608 0.0092 2.6836 1.0000
19  -0.0667 0.0434 -1.5360 0.1245 -0.1517 0.0184 1.9648 1.0000
20  -0.0800 0.0434 -1.8445 0.0651 -0.1651 0.0050 2.4175 1.0000
   estimate     se    zval   pval   ci.lb   ci.ub       Q     Qp
1   -0.1344 0.0313 -4.2887 0.0000 -0.1959 -0.0730 19.4508 0.3646
2   -0.1327 0.0313 -4.2358 0.0000 -0.1941 -0.0713 18.7696 0.4061
3   -0.1409 0.0313 -4.4942 0.0000 -0.2023 -0.0794 20.6677 0.2965
4   -0.1511 0.0314 -4.8205 0.0000 -0.2126 -0.0897 19.1128 0.3849
5   -0.1375 0.0314 -4.3861 0.0000 -0.1990 -0.0761 20.2507 0.3189
6   -0.1398 0.0314 -4.4575 0.0000 -0.2012 -0.0783 20.5794 0.3012
7   -0.1415 0.0314 -4.5130 0.0000 -0.2030 -0.0801 20.6952 0.2951
8   -0.1362 0.0314 -4.3450 0.0000 -0.1977 -0.0748 19.9714 0.3344
9   -0.1351 0.0313 -4.3113 0.0000 -0.1966 -0.0737 19.6652 0.3520
10  -0.1515 0.0314 -4.8329 0.0000 -0.2130 -0.0901 18.9697 0.3937
11  -0.1437 0.0314 -4.5844 0.0000 -0.2052 -0.0823 20.6638 0.2967
12  -0.1464 0.0314 -4.6685 0.0000 -0.2078 -0.0849 20.3661 0.3126
13  -0.1552 0.0314 -4.9493 0.0000 -0.2166 -0.0937 17.3308 0.5005
14  -0.1572 0.0314 -5.0123 0.0000 -0.2186 -0.0957 16.2132 0.5777
15  -0.1385 0.0313 -4.4193 0.0000 -0.2000 -0.0771 20.4209 0.3096
16  -0.1375 0.0314 -4.3857 0.0000 -0.1990 -0.0761 20.2487 0.3190
17  -0.1400 0.0314 -4.4656 0.0000 -0.2015 -0.0786 20.6026 0.2999
18  -0.1362 0.0314 -4.3452 0.0000 -0.1977 -0.0748 19.9639 0.3349
19  -0.1532 0.0314 -4.8844 0.0000 -0.2146 -0.0917 18.3114 0.4353
20  -0.1368 0.0314 -4.3625 0.0000 -0.1982 -0.0753 20.0947 0.3275
   estimate     se    zval   pval   ci.lb   ci.ub       Q     Qp
1   -0.1362 0.0359 -3.7874 0.0002 -0.2066 -0.0657 28.9157 0.0494
2   -0.1461 0.0360 -4.0645 0.0000 -0.2166 -0.0757 30.3942 0.0338
3   -0.1427 0.0359 -3.9692 0.0001 -0.2131 -0.0722 30.2293 0.0353
4   -0.1520 0.0360 -4.2266 0.0000 -0.2224 -0.0815 29.8337 0.0391
5   -0.1354 0.0359 -3.7658 0.0002 -0.2058 -0.0649 28.6609 0.0527
6   -0.1364 0.0359 -3.7940 0.0001 -0.2068 -0.0659 28.9784 0.0486
7   -0.1479 0.0360 -4.1150 0.0000 -0.2184 -0.0775 30.3322 0.0343
8   -0.1451 0.0360 -4.0370 0.0001 -0.2156 -0.0747 30.3856 0.0339
9   -0.1460 0.0360 -4.0623 0.0000 -0.2165 -0.0756 30.3946 0.0338
10  -0.1499 0.0360 -4.1699 0.0000 -0.2204 -0.0795 30.1491 0.0360
11  -0.1486 0.0360 -4.1327 0.0000 -0.2190 -0.0781 30.2861 0.0348
12  -0.1514 0.0360 -4.2124 0.0000 -0.2219 -0.0810 29.9246 0.0382
13  -0.1716 0.0359 -4.7723 0.0000 -0.2420 -0.1011 20.2312 0.3200
14  -0.1604 0.0359 -4.4626 0.0000 -0.2309 -0.0900 27.1409 0.0764
15  -0.1353 0.0359 -3.7663 0.0002 -0.2058 -0.0649 28.6375 0.0530
16  -0.1476 0.0360 -4.1064 0.0000 -0.2181 -0.0772 30.3497 0.0342
17  -0.1321 0.0359 -3.6744 0.0002 -0.2025 -0.0616 27.3949 0.0719
18  -0.1342 0.0360 -3.7308 0.0002 -0.2046 -0.0637 28.2794 0.0579
19  -0.1625 0.0360 -4.5186 0.0000 -0.2329 -0.0920 26.1805 0.0957
20  -0.1372 0.0359 -3.8157 0.0001 -0.2076 -0.0667 29.2038 0.0459
   estimate     se    zval   pval   ci.lb  ci.ub       Q     Qp
1    0.0107 0.0419  0.2545 0.7991 -0.0715 0.0929 19.1214 0.3844
2    0.0209 0.0419  0.4996 0.6173 -0.0612 0.1031 18.6491 0.4137
3    0.0105 0.0419  0.2512 0.8017 -0.0716 0.0927 19.1112 0.3850
4    0.0181 0.0419  0.4317 0.6659 -0.0641 0.1003 19.0215 0.3905
5    0.0226 0.0419  0.5392 0.5898 -0.0596 0.1048 18.3495 0.4329
6    0.0166 0.0419  0.3962 0.6919 -0.0656 0.0988 19.1423 0.3831
7    0.0130 0.0419  0.3110 0.7558 -0.0691 0.0952 19.2261 0.3780
8    0.0288 0.0419  0.6860 0.4927 -0.0534 0.1110 16.7029 0.5436
9    0.0127 0.0419  0.3039 0.7612 -0.0694 0.0949 19.2200 0.3784
10   0.0103 0.0419  0.2467 0.8051 -0.0718 0.0925 19.0971 0.3859
11   0.0061 0.0419  0.1457 0.8841 -0.0761 0.0883 18.5595 0.4194
12  -0.0088 0.0420 -0.2104 0.8334 -0.0911 0.0734 13.5833 0.7558
13   0.0008 0.0419  0.0189 0.9849 -0.0814 0.0830 17.3231 0.5010
14  -0.0039 0.0419 -0.0938 0.9253 -0.0860 0.0782 15.5293 0.6254
15   0.0219 0.0419  0.5217 0.6019 -0.0603 0.1041 18.4879 0.4240
16   0.0207 0.0419  0.4926 0.6223 -0.0615 0.1028 18.6974 0.4107
17   0.0262 0.0419  0.6251 0.5319 -0.0560 0.1084 17.4826 0.4902
18   0.0202 0.0419  0.4808 0.6306 -0.0620 0.1023 18.7719 0.4060
19   0.0118 0.0419  0.2823 0.7777 -0.0703 0.0940 19.1890 0.3803
20   0.0167 0.0419  0.3973 0.6911 -0.0655 0.0988 19.1392 0.3833
   estimate     se   zval   pval  ci.lb  ci.ub       Q     Qp
1    0.1455 0.0428 3.3990 0.0007 0.0616 0.2294 20.8980 0.2846
2    0.1578 0.0428 3.6854 0.0002 0.0739 0.2418 22.1095 0.2272
3    0.1498 0.0428 3.5013 0.0005 0.0660 0.2337 21.7015 0.2455
4    0.1514 0.0428 3.5334 0.0004 0.0674 0.2353 21.9008 0.2364
5    0.1500 0.0428 3.5016 0.0005 0.0660 0.2339 21.7322 0.2441
6    0.1629 0.0428 3.8031 0.0001 0.0789 0.2468 21.6428 0.2482
7    0.1560 0.0428 3.6413 0.0003 0.0720 0.2399 22.1421 0.2257
8    0.1662 0.0428 3.8813 0.0001 0.0823 0.2502 21.0291 0.2779
9    0.1450 0.0428 3.3872 0.0007 0.0611 0.2289 20.7675 0.2913
10   0.1437 0.0428 3.3571 0.0008 0.0598 0.2276 20.4382 0.3087
11   0.1517 0.0428 3.5421 0.0004 0.0678 0.2356 21.9295 0.2351
12   0.1398 0.0428 3.2649 0.0011 0.0559 0.2237 19.2545 0.3763
13   0.1643 0.0428 3.8365 0.0001 0.0804 0.2483 21.4104 0.2592
14   0.1666 0.0428 3.8886 0.0001 0.0826 0.2505 20.9594 0.2815
15   0.1571 0.0428 3.6684 0.0002 0.0732 0.2411 22.1309 0.2262
16   0.1542 0.0428 3.6002 0.0003 0.0703 0.2382 22.1039 0.2274
17   0.1800 0.0428 4.2035 0.0000 0.0961 0.2639 15.8825 0.6007
18   0.1473 0.0428 3.4408 0.0006 0.0634 0.2312 21.2974 0.2647
19   0.1754 0.0428 4.0963 0.0000 0.0915 0.2594 18.0843 0.4501
20   0.1573 0.0428 3.6726 0.0002 0.0733 0.2412 22.1269 0.2264
   estimate     se    zval   pval   ci.lb  ci.ub       Q     Qp
1   -0.0123 0.0297 -0.4127 0.6798 -0.0704 0.0459 17.7081 0.4750
2   -0.0145 0.0297 -0.4875 0.6259 -0.0726 0.0437 17.5589 0.4850
3   -0.0219 0.0297 -0.7364 0.4615 -0.0800 0.0363 15.4428 0.6314
4   -0.0064 0.0297 -0.2168 0.8283 -0.0646 0.0517 17.0382 0.5205
5   -0.0121 0.0297 -0.4060 0.6848 -0.0702 0.0461 17.7105 0.4749
6   -0.0066 0.0297 -0.2229 0.8236 -0.0648 0.0516 17.0825 0.5174
7   -0.0188 0.0297 -0.6320 0.5274 -0.0769 0.0394 16.6372 0.5482
8   -0.0016 0.0297 -0.0524 0.9582 -0.0597 0.0566 15.3009 0.6412
9   -0.0138 0.0297 -0.4642 0.6425 -0.0720 0.0444 17.6295 0.4803
10  -0.0018 0.0297 -0.0606 0.9517 -0.0600 0.0564 15.4012 0.6343
11  -0.0163 0.0297 -0.5486 0.5833 -0.0745 0.0419 17.2707 0.5046
12  -0.0211 0.0297 -0.7124 0.4762 -0.0793 0.0370 15.7608 0.6092
13  -0.0124 0.0297 -0.4194 0.6749 -0.0706 0.0457 17.7038 0.4753
14  -0.0163 0.0297 -0.5479 0.5838 -0.0744 0.0419 17.2750 0.5043
15  -0.0095 0.0297 -0.3203 0.7487 -0.0677 0.0487 17.5833 0.4834
16  -0.0068 0.0297 -0.2300 0.8181 -0.0650 0.0514 17.1319 0.5141
17   0.0008 0.0297  0.0259 0.9794 -0.0574 0.0590 14.1207 0.7212
18  -0.0101 0.0297 -0.3394 0.7343 -0.0683 0.0481 17.6370 0.4798
19  -0.0170 0.0297 -0.5711 0.5679 -0.0751 0.0412 17.1277 0.5143
20  -0.0193 0.0297 -0.6504 0.5155 -0.0775 0.0389 16.4578 0.5606
   estimate     se    zval   pval   ci.lb   ci.ub       Q     Qp
1   -0.0915 0.0338 -2.7043 0.0068 -0.1578 -0.0252 14.3581 0.7055
2   -0.0985 0.0338 -2.9116 0.0036 -0.1648 -0.0322 15.2417 0.6453
3   -0.1011 0.0338 -2.9896 0.0028 -0.1675 -0.0348 15.1321 0.6529
4   -0.0955 0.0338 -2.8211 0.0048 -0.1618 -0.0291 15.0654 0.6575
5   -0.0982 0.0338 -2.9012 0.0037 -0.1645 -0.0318 15.2380 0.6456
6   -0.0999 0.0338 -2.9522 0.0032 -0.1662 -0.0336 15.2150 0.6472
7   -0.1140 0.0338 -3.3690 0.0008 -0.1803 -0.0477 11.1309 0.8887
8   -0.0924 0.0338 -2.7310 0.0063 -0.1587 -0.0261 14.5680 0.6914
9   -0.1042 0.0338 -3.0812 0.0021 -0.1706 -0.0379 14.6915 0.6830
10  -0.0952 0.0338 -2.8134 0.0049 -0.1615 -0.0289 15.0356 0.6595
11  -0.0917 0.0338 -2.7111 0.0067 -0.1580 -0.0254 14.4062 0.7023
12  -0.1045 0.0338 -3.0887 0.0020 -0.1708 -0.0382 14.6406 0.6865
13  -0.1113 0.0338 -3.2907 0.0010 -0.1777 -0.0450 12.4217 0.8247
14  -0.1008 0.0338 -2.9789 0.0029 -0.1671 -0.0345 15.1615 0.6508
15  -0.0970 0.0338 -2.8676 0.0041 -0.1633 -0.0307 15.1960 0.6485
16  -0.0882 0.0339 -2.6048 0.0092 -0.1545 -0.0218 13.3602 0.7697
17  -0.1020 0.0338 -3.0133 0.0026 -0.1683 -0.0356 15.0502 0.6585
18  -0.0916 0.0338 -2.7058 0.0068 -0.1579 -0.0252 14.3709 0.7046
19  -0.0902 0.0338 -2.6654 0.0077 -0.1565 -0.0239 13.9888 0.7298
20  -0.1050 0.0338 -3.1049 0.0019 -0.1714 -0.0387 14.5223 0.6945
   estimate     se    zval   pval   ci.lb   ci.ub       Q     Qp
1   -0.0583 0.0299 -1.9473 0.0515 -0.1169  0.0004 22.0943 0.2278
2   -0.0557 0.0299 -1.8607 0.0628 -0.1143  0.0030 21.7962 0.2412
3   -0.0655 0.0299 -2.1901 0.0285 -0.1242 -0.0069 21.3263 0.2633
4   -0.0484 0.0299 -1.6180 0.1057 -0.1071  0.0102 19.3580 0.3701
5   -0.0581 0.0299 -1.9422 0.0521 -0.1168  0.0005 22.0850 0.2282
6   -0.0594 0.0299 -1.9855 0.0471 -0.1181 -0.0008 22.1299 0.2263
7   -0.0622 0.0299 -2.0795 0.0376 -0.1209 -0.0036 21.9689 0.2334
8   -0.0441 0.0299 -1.4726 0.1409 -0.1028  0.0146 16.8742 0.5318
9   -0.0610 0.0299 -2.0385 0.0415 -0.1197 -0.0023 22.0826 0.2283
10  -0.0563 0.0299 -1.8818 0.0599 -0.1150  0.0023 21.8971 0.2366
11  -0.0618 0.0299 -2.0636 0.0391 -0.1204 -0.0031 22.0208 0.2311
12  -0.0707 0.0299 -2.3613 0.0182 -0.1293 -0.0120 19.3666 0.3696
13  -0.0673 0.0299 -2.2491 0.0245 -0.1260 -0.0087 20.7845 0.2904
14  -0.0741 0.0299 -2.4747 0.0133 -0.1327 -0.0154 17.4133 0.4949
15  -0.0628 0.0299 -2.0999 0.0357 -0.1215 -0.0042 21.8871 0.2370
16  -0.0478 0.0299 -1.5969 0.1103 -0.1065  0.0109 19.0715 0.3874
17  -0.0567 0.0299 -1.8940 0.0582 -0.1153  0.0020 21.9466 0.2344
18  -0.0571 0.0299 -1.9094 0.0562 -0.1158  0.0015 22.0014 0.2319
19  -0.0574 0.0299 -1.9190 0.0550 -0.1161  0.0012 22.0306 0.2306
20  -0.0661 0.0299 -2.2086 0.0272 -0.1248 -0.0074 21.1714 0.2709
   estimate     se    zval   pval   ci.lb   ci.ub       Q     Qp
1   -0.1034 0.0338 -3.0547 0.0023 -0.1697 -0.0371 12.2660 0.8332
2   -0.1004 0.0338 -2.9664 0.0030 -0.1667 -0.0341 12.0335 0.8455
3   -0.1098 0.0338 -3.2442 0.0012 -0.1761 -0.0435 11.7081 0.8619
4   -0.1001 0.0338 -2.9565 0.0031 -0.1664 -0.0337 11.9913 0.8477
5   -0.1047 0.0338 -3.0932 0.0020 -0.1710 -0.0384 12.2691 0.8330
6   -0.1015 0.0338 -2.9996 0.0027 -0.1679 -0.0352 12.1585 0.8389
7   -0.1089 0.0338 -3.2183 0.0013 -0.1752 -0.0426 11.8694 0.8539
8   -0.0894 0.0339 -2.6413 0.0083 -0.1558 -0.0231  8.6066 0.9682
9   -0.1044 0.0338 -3.0851 0.0020 -0.1707 -0.0381 12.2734 0.8328
10  -0.0970 0.0339 -2.8652 0.0042 -0.1633 -0.0306 11.3990 0.8767
11  -0.1045 0.0338 -3.0891 0.0020 -0.1709 -0.0382 12.2716 0.8329
12  -0.1169 0.0338 -3.4531 0.0006 -0.1832 -0.0505  9.4243 0.9491
13  -0.1094 0.0338 -3.2325 0.0012 -0.1757 -0.0431 11.7840 0.8582
14  -0.1140 0.0338 -3.3686 0.0008 -0.1803 -0.0477 10.5578 0.9122
15  -0.0987 0.0338 -2.9176 0.0035 -0.1651 -0.0324 11.7733 0.8587
16  -0.0999 0.0339 -2.9499 0.0032 -0.1662 -0.0335 11.9616 0.8492
17  -0.1017 0.0338 -3.0046 0.0027 -0.1680 -0.0354 12.1735 0.8382
18  -0.1036 0.0338 -3.0607 0.0022 -0.1699 -0.0373 12.2704 0.8330
19  -0.1031 0.0338 -3.0461 0.0023 -0.1694 -0.0368 12.2573 0.8337
20  -0.1106 0.0338 -3.2691 0.0011 -0.1770 -0.0443 11.5274 0.8707
   estimate     se    zval   pval   ci.lb  ci.ub       Q     Qp
1   -0.0480 0.0460 -1.0447 0.2962 -0.1381 0.0421 14.3496 0.7060
2   -0.0490 0.0460 -1.0654 0.2867 -0.1390 0.0411 14.3356 0.7070
3   -0.0543 0.0460 -1.1819 0.2372 -0.1444 0.0358 13.9372 0.7332
4   -0.0530 0.0460 -1.1536 0.2487 -0.1431 0.0371 14.0843 0.7236
5   -0.0457 0.0460 -0.9936 0.3204 -0.1357 0.0444 14.3107 0.7086
6   -0.0438 0.0460 -0.9538 0.3402 -0.1339 0.0462 14.2082 0.7154
7   -0.0474 0.0460 -1.0322 0.3020 -0.1375 0.0426 14.3497 0.7060
8   -0.0302 0.0460 -0.6574 0.5109 -0.1203 0.0599 11.4677 0.8735
9   -0.0362 0.0460 -0.7868 0.4314 -0.1262 0.0539 13.0740 0.7872
10  -0.0529 0.0460 -1.1517 0.2494 -0.1430 0.0371 14.0929 0.7230
11  -0.0599 0.0460 -1.3027 0.1927 -0.1499 0.0302 12.9485 0.7946
12  -0.0623 0.0460 -1.3546 0.1756 -0.1523 0.0278 12.3463 0.8289
13  -0.0572 0.0460 -1.2452 0.2131 -0.1473 0.0329 13.4942 0.7614
14  -0.0605 0.0460 -1.3173 0.1877 -0.1506 0.0295 12.7864 0.8041
15  -0.0360 0.0460 -0.7828 0.4338 -0.1261 0.0541 13.0468 0.7888
16  -0.0395 0.0460 -0.8598 0.3899 -0.1296 0.0506 13.7182 0.7473
17  -0.0352 0.0460 -0.7655 0.4440 -0.1252 0.0549 12.8545 0.8001
18  -0.0423 0.0460 -0.9214 0.3568 -0.1324 0.0477 14.0780 0.7240
19  -0.0477 0.0460 -1.0376 0.2994 -0.1378 0.0424 14.3504 0.7060
20  -0.0532 0.0460 -1.1566 0.2474 -0.1432 0.0369 14.0704 0.7245
   estimate     se    zval   pval   ci.lb  ci.ub       Q     Qp
1   -0.0565 0.0593 -0.9531 0.3405 -0.1727 0.0597 19.5930 0.3562
2   -0.0493 0.0593 -0.8320 0.4054 -0.1655 0.0669 19.8949 0.3388
3   -0.0606 0.0593 -1.0227 0.3064 -0.1768 0.0555 19.1504 0.3826
4   -0.0706 0.0593 -1.1899 0.2341 -0.1868 0.0457 17.3744 0.4975
5   -0.0219 0.0594 -0.3688 0.7123 -0.1383 0.0945 15.9293 0.5975
6   -0.0472 0.0593 -0.7959 0.4261 -0.1633 0.0690 19.8711 0.3401
7   -0.0396 0.0593 -0.6673 0.5046 -0.1558 0.0766 19.3673 0.3695
8   -0.0590 0.0593 -0.9947 0.3199 -0.1751 0.0572 19.3543 0.3703
9   -0.0468 0.0593 -0.7904 0.4293 -0.1630 0.0693 19.8630 0.3406
10  -0.0544 0.0593 -0.9185 0.3584 -0.1706 0.0617 19.7395 0.3477
11  -0.0678 0.0593 -1.1438 0.2527 -0.1839 0.0484 17.9233 0.4607
12  -0.0566 0.0593 -0.9549 0.3396 -0.1728 0.0596 19.5843 0.3567
13  -0.0231 0.0592 -0.3911 0.6957 -0.1392 0.0929 15.7854 0.6075
14  -0.0624 0.0593 -1.0528 0.2924 -0.1785 0.0538 18.8968 0.3982
15  -0.0473 0.0593 -0.7981 0.4248 -0.1635 0.0689 19.8741 0.3399
16  -0.0656 0.0593 -1.1058 0.2688 -0.1817 0.0506 18.3843 0.4306
17  -0.0300 0.0593 -0.5063 0.6127 -0.1461 0.0861 17.7736 0.4707
18  -0.0436 0.0593 -0.7350 0.4623 -0.1597 0.0726 19.7136 0.3492
19  -0.0376 0.0592 -0.6351 0.5254 -0.1537 0.0785 19.1137 0.3849
20  -0.0445 0.0593 -0.7502 0.4532 -0.1606 0.0717 19.7665 0.3461
   estimate     se    zval   pval   ci.lb   ci.ub       Q     Qp
1   -0.1454 0.0528 -2.7561 0.0058 -0.2488 -0.0420 24.5690 0.1373
2   -0.1381 0.0527 -2.6180 0.0088 -0.2415 -0.0347 24.7643 0.1315
3   -0.1457 0.0528 -2.7607 0.0058 -0.2491 -0.0423 24.5495 0.1378
4   -0.1547 0.0528 -2.9314 0.0034 -0.2581 -0.0513 23.2242 0.1821
5   -0.1231 0.0528 -2.3315 0.0197 -0.2266 -0.0196 22.8116 0.1979
6   -0.1365 0.0528 -2.5872 0.0097 -0.2399 -0.0331 24.7048 0.1333
7   -0.1092 0.0528 -2.0666 0.0388 -0.2128 -0.0056 18.4227 0.4281
8   -0.1483 0.0528 -2.8101 0.0050 -0.2517 -0.0449 24.2857 0.1459
9   -0.1330 0.0528 -2.5208 0.0117 -0.2364 -0.0296 24.4455 0.1410
10  -0.1468 0.0528 -2.7813 0.0054 -0.2502 -0.0433 24.4511 0.1408
11  -0.1583 0.0528 -2.9999 0.0027 -0.2617 -0.0549 22.3646 0.2162
12  -0.1495 0.0528 -2.8328 0.0046 -0.2529 -0.0461 24.1316 0.1508
13  -0.1289 0.0527 -2.4449 0.0145 -0.2322 -0.0256 23.8932 0.1586
14  -0.1687 0.0527 -3.2018 0.0014 -0.2720 -0.0654 18.5198 0.4219
15  -0.1349 0.0528 -2.5578 0.0105 -0.2383 -0.0315 24.6086 0.1361
16  -0.1472 0.0528 -2.7899 0.0053 -0.2506 -0.0438 24.4053 0.1422
17  -0.1182 0.0527 -2.2411 0.0250 -0.2216 -0.0148 21.3429 0.2625
18  -0.1360 0.0528 -2.5779 0.0099 -0.2394 -0.0326 24.6806 0.1340
19  -0.1388 0.0528 -2.6317 0.0085 -0.2423 -0.0354 24.7800 0.1311
20  -0.1366 0.0528 -2.5882 0.0096 -0.2400 -0.0331 24.7075 0.1332
   estimate     se    zval   pval   ci.lb  ci.ub       Q     Qp
1   -0.0964 0.0720 -1.3383 0.1808 -0.2375 0.0448 25.5054 0.1116
2   -0.0861 0.0720 -1.1956 0.2319 -0.2272 0.0550 25.7433 0.1058
3   -0.1093 0.0719 -1.5204 0.1284 -0.2502 0.0316 23.9122 0.1579
4   -0.0595 0.0721 -0.8252 0.4092 -0.2007 0.0818 22.5898 0.2068
5   -0.1060 0.0720 -1.4712 0.1412 -0.2471 0.0352 24.5474 0.1379
6   -0.0938 0.0720 -1.3023 0.1928 -0.2349 0.0474 25.6436 0.1082
7   -0.0790 0.0721 -1.0964 0.2729 -0.2202 0.0622 25.4339 0.1134
8   -0.0503 0.0724 -0.6946 0.4873 -0.1922 0.0916 21.1003 0.2744
9   -0.0812 0.0720 -1.1280 0.2593 -0.2224 0.0599 25.5693 0.1100
10  -0.0928 0.0720 -1.2886 0.1975 -0.2339 0.0483 25.6822 0.1072
11  -0.0864 0.0720 -1.1998 0.2302 -0.2276 0.0547 25.7484 0.1057
12  -0.1094 0.0720 -1.5194 0.1287 -0.2506 0.0317 24.0308 0.1540
13  -0.1047 0.0720 -1.4539 0.1460 -0.2459 0.0365 24.7161 0.1329
14  -0.1120 0.0720 -1.5552 0.1199 -0.2530 0.0291 23.5367 0.1708
15  -0.0569 0.0721 -0.7892 0.4300 -0.1983 0.0844 22.1288 0.2263
16  -0.0550 0.0721 -0.7632 0.4453 -0.1963 0.0863 21.5935 0.2505
17  -0.0886 0.0720 -1.2310 0.2183 -0.2298 0.0525 25.7616 0.1053
18  -0.0858 0.0720 -1.1917 0.2334 -0.2270 0.0553 25.7386 0.1059
19  -0.1055 0.0720 -1.4652 0.1429 -0.2467 0.0356 24.6034 0.1362
20  -0.1061 0.0720 -1.4744 0.1404 -0.2472 0.0350 24.4946 0.1395
   estimate     se    zval   pval   ci.lb   ci.ub       Q     Qp
1   -0.1244 0.0413 -3.0145 0.0026 -0.2053 -0.0435 17.9969 0.4559
2   -0.1194 0.0413 -2.8933 0.0038 -0.2002 -0.0385 16.7949 0.5372
3   -0.1369 0.0413 -3.3159 0.0009 -0.2178 -0.0560 18.2928 0.4365
4   -0.1310 0.0413 -3.1728 0.0015 -0.2119 -0.0501 18.6053 0.4165
5   -0.1265 0.0413 -3.0653 0.0022 -0.2074 -0.0456 18.3049 0.4357
6   -0.1263 0.0413 -3.0612 0.0022 -0.2072 -0.0455 18.2802 0.4373
7   -0.1204 0.0413 -2.9170 0.0035 -0.2014 -0.0395 17.1619 0.5120
8   -0.1265 0.0413 -3.0637 0.0022 -0.2074 -0.0456 18.2971 0.4362
9   -0.1310 0.0413 -3.1738 0.0015 -0.2119 -0.0501 18.6059 0.4165
10  -0.1394 0.0413 -3.3780 0.0007 -0.2203 -0.0585 17.9027 0.4621
11  -0.1355 0.0413 -3.2824 0.0010 -0.2164 -0.0546 18.4394 0.4271
12  -0.1377 0.0413 -3.3367 0.0008 -0.2186 -0.0568 18.1796 0.4439
13  -0.1404 0.0413 -3.4009 0.0007 -0.2213 -0.0595 17.7200 0.4742
14  -0.1526 0.0413 -3.6984 0.0002 -0.2334 -0.0717 13.3699 0.7691
15  -0.1206 0.0413 -2.9220 0.0035 -0.2015 -0.0397 17.1681 0.5116
16  -0.1321 0.0413 -3.2010 0.0014 -0.2130 -0.0512 18.6084 0.4163
17  -0.1178 0.0413 -2.8532 0.0043 -0.1987 -0.0369 16.3557 0.5677
18  -0.1298 0.0413 -3.1451 0.0017 -0.2107 -0.0489 18.5715 0.4186
19  -0.1472 0.0413 -3.5657 0.0004 -0.2281 -0.0663 15.7899 0.6072
20  -0.1376 0.0413 -3.3350 0.0009 -0.2185 -0.0568 18.1892 0.4433
   estimate     se    zval   pval   ci.lb  ci.ub       Q     Qp
1   -0.0361 0.0460 -0.7851 0.4324 -0.1262 0.0540 12.6484 0.8120
2   -0.0324 0.0460 -0.7049 0.4809 -0.1225 0.0577 12.4532 0.8230
3   -0.0456 0.0460 -0.9927 0.3209 -0.1358 0.0445 11.9513 0.8497
4   -0.0375 0.0460 -0.8147 0.4153 -0.1276 0.0527 12.6549 0.8117
5   -0.0391 0.0460 -0.8511 0.3947 -0.1293 0.0510 12.6150 0.8139
6   -0.0453 0.0460 -0.9841 0.3251 -0.1354 0.0449 12.0180 0.8463
7   -0.0204 0.0460 -0.4432 0.6576 -0.1105 0.0697  9.9890 0.9323
8   -0.0497 0.0460 -1.0809 0.2797 -0.1399 0.0404 11.1475 0.8880
9   -0.0334 0.0460 -0.7270 0.4672 -0.1236 0.0567 12.5333 0.8185
10  -0.0437 0.0460 -0.9504 0.3419 -0.1338 0.0464 12.2365 0.8348
11  -0.0426 0.0460 -0.9271 0.3539 -0.1328 0.0475 12.3611 0.8280
12  -0.0420 0.0460 -0.9133 0.3611 -0.1321 0.0481 12.4246 0.8246
13  -0.0358 0.0460 -0.7783 0.4364 -0.1259 0.0543 12.6420 0.8124
14  -0.0457 0.0460 -0.9929 0.3207 -0.1358 0.0445 11.9537 0.8496
15  -0.0184 0.0460 -0.4003 0.6889 -0.1085 0.0717  9.3532 0.9510
16  -0.0218 0.0460 -0.4747 0.6350 -0.1120 0.0683 10.4869 0.9148
17  -0.0381 0.0460 -0.8282 0.4076 -0.1282 0.0520 12.6463 0.8121
18  -0.0383 0.0460 -0.8322 0.4053 -0.1284 0.0519 12.6423 0.8124
19  -0.0338 0.0460 -0.7341 0.4629 -0.1239 0.0564 12.5552 0.8173
20  -0.0411 0.0460 -0.8941 0.3713 -0.1313 0.0490 12.4996 0.8204
   estimate     se    zval   pval   ci.lb   ci.ub       Q     Qp
1   -0.3067 0.0640 -4.7880 0.0000 -0.4322 -0.1811 24.7658 0.1315
2   -0.3093 0.0639 -4.8410 0.0000 -0.4345 -0.1840 25.0062 0.1247
3   -0.3200 0.0640 -5.0027 0.0000 -0.4454 -0.1946 25.6226 0.1087
4   -0.3328 0.0641 -5.1930 0.0000 -0.4583 -0.2072 24.8275 0.1297
5   -0.3172 0.0641 -4.9496 0.0000 -0.4428 -0.1916 25.5881 0.1096
6   -0.3061 0.0641 -4.7773 0.0000 -0.4317 -0.1805 24.7193 0.1328
7   -0.3142 0.0640 -4.9056 0.0000 -0.4397 -0.1886 25.4622 0.1127
8   -0.2990 0.0640 -4.6687 0.0000 -0.4245 -0.1735 23.4647 0.1734
9   -0.2861 0.0641 -4.4613 0.0000 -0.4118 -0.1604 20.2968 0.3164
10  -0.3232 0.0640 -5.0464 0.0000 -0.4488 -0.1977 25.5684 0.1100
11  -0.3295 0.0641 -5.1418 0.0000 -0.4551 -0.2039 25.1814 0.1200
12  -0.3310 0.0641 -5.1658 0.0000 -0.4566 -0.2054 25.0289 0.1241
13  -0.3464 0.0641 -5.4062 0.0000 -0.4720 -0.2208 22.2380 0.2216
14  -0.3320 0.0641 -5.1820 0.0000 -0.4576 -0.2064 24.9137 0.1273
15  -0.3128 0.0641 -4.8811 0.0000 -0.4384 -0.1872 25.3802 0.1148
16  -0.3156 0.0641 -4.9216 0.0000 -0.4414 -0.1899 25.5393 0.1108
17  -0.3200 0.0640 -5.0034 0.0000 -0.4454 -0.1947 25.6226 0.1087
18  -0.3109 0.0641 -4.8541 0.0000 -0.4365 -0.1854 25.2339 0.1186
19  -0.3667 0.0641 -5.7184 0.0000 -0.4923 -0.2410 15.3772 0.6359
20  -0.3185 0.0640 -4.9738 0.0000 -0.4440 -0.1930 25.6128 0.1089
   estimate     se    zval   pval   ci.lb  ci.ub       Q     Qp
1    0.0007 0.0285  0.0237 0.9811 -0.0552 0.0566 12.7138 0.8083
2    0.0027 0.0285  0.0943 0.9249 -0.0532 0.0586 12.4334 0.8241
3   -0.0016 0.0285 -0.0554 0.9558 -0.0575 0.0543 12.7914 0.8038
4    0.0076 0.0285  0.2681 0.7886 -0.0483 0.0636 10.8962 0.8987
5   -0.0060 0.0285 -0.2091 0.8344 -0.0619 0.0499 12.2259 0.8354
6   -0.0049 0.0285 -0.1711 0.8641 -0.0608 0.0510 12.4534 0.8230
7    0.0019 0.0285  0.0653 0.9479 -0.0540 0.0578 12.5727 0.8163
8    0.0044 0.0285  0.1534 0.8781 -0.0515 0.0603 12.0463 0.8448
9   -0.0075 0.0285 -0.2634 0.7923 -0.0634 0.0484 11.7998 0.8574
10   0.0027 0.0285  0.0944 0.9248 -0.0532 0.0586 12.4328 0.8241
11  -0.0022 0.0285 -0.0763 0.9392 -0.0581 0.0537 12.7700 0.8051
12  -0.0132 0.0285 -0.4642 0.6425 -0.0692 0.0427  9.2248 0.9543
13  -0.0080 0.0285 -0.2814 0.7784 -0.0639 0.0479 11.6336 0.8656
14  -0.0036 0.0285 -0.1245 0.9009 -0.0595 0.0524 12.6541 0.8117
15   0.0060 0.0285  0.2112 0.8328 -0.0499 0.0619 11.5314 0.8705
16   0.0062 0.0285  0.2173 0.8280 -0.0497 0.0621 11.4716 0.8733
17  -0.0006 0.0285 -0.0196 0.9844 -0.0565 0.0553 12.7873 0.8040
18  -0.0050 0.0285 -0.1768 0.8597 -0.0609 0.0509 12.4229 0.8247
19  -0.0010 0.0285 -0.0358 0.9714 -0.0569 0.0549 12.7955 0.8036
20  -0.0016 0.0285 -0.0564 0.9550 -0.0575 0.0543 12.7907 0.8039
   estimate     se   zval   pval   ci.lb  ci.ub       Q     Qp
1    0.0600 0.0357 1.6791 0.0931 -0.0100 0.1300 32.1213 0.0213
2    0.0616 0.0357 1.7240 0.0847 -0.0084 0.1316 32.1556 0.0211
3    0.0554 0.0357 1.5503 0.1211 -0.0146 0.1254 31.5750 0.0247
4    0.0844 0.0358 2.3617 0.0182  0.0144 0.1545 24.0804 0.1524
5    0.0471 0.0357 1.3179 0.1875 -0.0230 0.1172 28.9924 0.0485
6    0.0523 0.0357 1.4649 0.1430 -0.0177 0.1224 30.8553 0.0299
7    0.0711 0.0357 1.9906 0.0465  0.0011 0.1411 30.6888 0.0313
8    0.0676 0.0357 1.8915 0.0586 -0.0024 0.1376 31.5655 0.0247
9    0.0590 0.0357 1.6507 0.0988 -0.0110 0.1290 32.0579 0.0216
10   0.0755 0.0357 2.1128 0.0346  0.0055 0.1455 29.0740 0.0475
11   0.0556 0.0357 1.5569 0.1195 -0.0144 0.1256 31.6211 0.0244
12   0.0483 0.0357 1.3522 0.1763 -0.0217 0.1184 29.4776 0.0428
13   0.0574 0.0357 1.6071 0.1080 -0.0126 0.1274 31.8983 0.0226
14   0.0578 0.0357 1.6172 0.1058 -0.0122 0.1278 31.9418 0.0223
15   0.0783 0.0357 2.1903 0.0285  0.0082 0.1483 27.7510 0.0659
16   0.0783 0.0357 2.1913 0.0284  0.0083 0.1484 27.7435 0.0661
17   0.0539 0.0357 1.5082 0.1315 -0.0161 0.1239 31.2549 0.0269
18   0.0533 0.0357 1.4923 0.1356 -0.0167 0.1234 31.1202 0.0279
19   0.0540 0.0357 1.5113 0.1307 -0.0160 0.1240 31.2800 0.0267
20   0.0583 0.0357 1.6318 0.1027 -0.0117 0.1283 31.9976 0.0220
   estimate     se    zval   pval   ci.lb   ci.ub       Q     Qp
1   -0.2151 0.0394 -5.4540 0.0000 -0.2924 -0.1378 13.8462 0.7391
2   -0.2100 0.0394 -5.3258 0.0000 -0.2873 -0.1327 13.1909 0.7801
3   -0.2179 0.0394 -5.5252 0.0000 -0.2952 -0.1406 13.9233 0.7341
4   -0.2344 0.0394 -5.9429 0.0000 -0.3117 -0.1571 10.3004 0.9217
5   -0.2198 0.0394 -5.5728 0.0000 -0.2971 -0.1425 13.8616 0.7381
6   -0.2138 0.0394 -5.4206 0.0000 -0.2912 -0.1365 13.7435 0.7457
7   -0.2201 0.0394 -5.5795 0.0000 -0.2974 -0.1428 13.8460 0.7391
8   -0.2018 0.0394 -5.1189 0.0000 -0.2790 -0.1245 10.6315 0.9093
9   -0.2023 0.0394 -5.1277 0.0000 -0.2796 -0.1250 10.9343 0.8971
10  -0.2169 0.0394 -5.4998 0.0000 -0.2943 -0.1396 13.9188 0.7344
11  -0.2208 0.0394 -5.5973 0.0000 -0.2980 -0.1435 13.7963 0.7423
12  -0.2217 0.0394 -5.6224 0.0000 -0.2990 -0.1444 13.7027 0.7483
13  -0.2233 0.0394 -5.6614 0.0000 -0.3006 -0.1460 13.5063 0.7607
14  -0.2244 0.0394 -5.6902 0.0000 -0.3017 -0.1471 13.3238 0.7720
15  -0.2126 0.0394 -5.3912 0.0000 -0.2899 -0.1353 13.5976 0.7549
16  -0.2261 0.0394 -5.7313 0.0000 -0.3034 -0.1488 13.0058 0.7912
17  -0.2150 0.0394 -5.4517 0.0000 -0.2923 -0.1377 13.8394 0.7395
18  -0.2120 0.0394 -5.3753 0.0000 -0.2893 -0.1347 13.5262 0.7594
19  -0.2230 0.0394 -5.6542 0.0000 -0.3003 -0.1457 13.5477 0.7581
20  -0.2208 0.0394 -5.5994 0.0000 -0.2981 -0.1435 13.7886 0.7428
   estimate     se    zval   pval   ci.lb  ci.ub      Q     Qp
1   -0.0435 0.0613 -0.7088 0.4784 -0.1637 0.0767 9.3142 0.9520
2   -0.0451 0.0613 -0.7359 0.4618 -0.1653 0.0751 9.2400 0.9539
3   -0.0429 0.0613 -0.6987 0.4847 -0.1631 0.0774 9.3344 0.9515
4   -0.0341 0.0613 -0.5565 0.5779 -0.1543 0.0861 9.1845 0.9553
5   -0.0473 0.0613 -0.7710 0.4407 -0.1675 0.0729 9.1002 0.9574
6   -0.0520 0.0613 -0.8479 0.3965 -0.1722 0.0682 8.6223 0.9679
7   -0.0269 0.0614 -0.4377 0.6616 -0.1472 0.0934 8.4681 0.9708
8   -0.0220 0.0613 -0.3589 0.7197 -0.1421 0.0981 7.5852 0.9842
9   -0.0337 0.0613 -0.5499 0.5824 -0.1539 0.0865 9.1578 0.9560
10  -0.0433 0.0613 -0.7064 0.4799 -0.1635 0.0769 9.3195 0.9519
11  -0.0471 0.0613 -0.7672 0.4430 -0.1673 0.0732 9.1181 0.9569
12  -0.0450 0.0613 -0.7343 0.4628 -0.1652 0.0752 9.2453 0.9538
13  -0.0255 0.0614 -0.4156 0.6777 -0.1458 0.0948 8.2558 0.9746
14  -0.0360 0.0613 -0.5868 0.5573 -0.1562 0.0842 9.2842 0.9528
15  -0.0399 0.0613 -0.6505 0.5154 -0.1601 0.0803 9.3744 0.9504
16  -0.0340 0.0613 -0.5547 0.5791 -0.1542 0.0862 9.1774 0.9555
17  -0.0337 0.0613 -0.5499 0.5824 -0.1539 0.0865 9.1582 0.9560
18  -0.0527 0.0613 -0.8588 0.3905 -0.1729 0.0675 8.5332 0.9696
19  -0.0618 0.0613 -1.0073 0.3138 -0.1820 0.0584 6.8837 0.9911
20  -0.0356 0.0613 -0.5810 0.5613 -0.1558 0.0846 9.2681 0.9532
   estimate     se    zval   pval   ci.lb   ci.ub       Q     Qp
1   -0.1226 0.0434 -2.8233 0.0048 -0.2077 -0.0375 25.0864 0.1226
2   -0.1228 0.0434 -2.8273 0.0047 -0.2079 -0.0377 25.0968 0.1223
3   -0.1313 0.0434 -3.0242 0.0025 -0.2164 -0.0462 24.9700 0.1257
4   -0.1309 0.0434 -3.0148 0.0026 -0.2160 -0.0458 25.0115 0.1246
5   -0.1238 0.0434 -2.8509 0.0044 -0.2089 -0.0387 25.1661 0.1204
6   -0.1142 0.0434 -2.6282 0.0086 -0.1993 -0.0290 23.6943 0.1653
7   -0.1142 0.0434 -2.6294 0.0086 -0.1993 -0.0291 23.6877 0.1655
8   -0.1342 0.0434 -3.0896 0.0020 -0.2193 -0.0491 24.5843 0.1368
9   -0.1205 0.0434 -2.7739 0.0055 -0.2056 -0.0353 24.8676 0.1286
10  -0.1231 0.0434 -2.8345 0.0046 -0.2082 -0.0380 25.1212 0.1216
11  -0.1403 0.0434 -3.2298 0.0012 -0.2254 -0.0551 23.1815 0.1837
12  -0.1316 0.0434 -3.0293 0.0025 -0.2167 -0.0464 24.9460 0.1264
13  -0.1342 0.0434 -3.0899 0.0020 -0.2193 -0.0491 24.5819 0.1369
14  -0.1548 0.0434 -3.5684 0.0004 -0.2398 -0.0698 16.1913 0.5792
15  -0.1113 0.0434 -2.5629 0.0104 -0.1964 -0.0262 22.8278 0.1973
16  -0.1276 0.0434 -2.9387 0.0033 -0.2127 -0.0425 25.2166 0.1191
17  -0.1111 0.0434 -2.5593 0.0105 -0.1962 -0.0260 22.7691 0.1996
18  -0.1147 0.0434 -2.6408 0.0083 -0.1999 -0.0296 23.8318 0.1606
19  -0.1428 0.0434 -3.2873 0.0010 -0.2279 -0.0576 22.3828 0.2154
20  -0.1209 0.0434 -2.7835 0.0054 -0.2060 -0.0358 24.9220 0.1271
   estimate     se    zval   pval   ci.lb   ci.ub       Q     Qp
1   -0.1606 0.0560 -2.8669 0.0041 -0.2704 -0.0508 39.4509 0.0025
2   -0.1551 0.0560 -2.7720 0.0056 -0.2648 -0.0454 39.0971 0.0028
3   -0.1619 0.0560 -2.8911 0.0038 -0.2717 -0.0522 39.4755 0.0025
4   -0.1780 0.0560 -3.1763 0.0015 -0.2878 -0.0681 38.0328 0.0038
5   -0.1639 0.0560 -2.9261 0.0034 -0.2737 -0.0541 39.4717 0.0025
6   -0.1510 0.0560 -2.6976 0.0070 -0.2607 -0.0413 38.5770 0.0032
7   -0.1408 0.0559 -2.5185 0.0118 -0.2503 -0.0312 36.1225 0.0068
8   -0.1300 0.0560 -2.3202 0.0203 -0.2399 -0.0202 32.7952 0.0177
9   -0.1359 0.0560 -2.4277 0.0152 -0.2456 -0.0262 34.7999 0.0100
10  -0.1849 0.0560 -3.2996 0.0010 -0.2947 -0.0751 36.4177 0.0062
11  -0.1898 0.0560 -3.3876 0.0007 -0.2997 -0.0800 34.9181 0.0097
12  -0.1801 0.0560 -3.2156 0.0013 -0.2899 -0.0703 37.5778 0.0044
13  -0.1753 0.0560 -3.1284 0.0018 -0.2851 -0.0655 38.4980 0.0033
14  -0.1918 0.0560 -3.4286 0.0006 -0.3015 -0.0822 33.8735 0.0131
15  -0.1444 0.0560 -2.5790 0.0099 -0.2541 -0.0347 37.2754 0.0048
16  -0.1611 0.0560 -2.8758 0.0040 -0.2709 -0.0513 39.4630 0.0025
17  -0.1427 0.0560 -2.5469 0.0109 -0.2525 -0.0329 36.9485 0.0053
18  -0.1652 0.0560 -2.9479 0.0032 -0.2750 -0.0553 39.4444 0.0025
19  -0.1847 0.0560 -3.2970 0.0010 -0.2945 -0.0749 36.4555 0.0062
20  -0.1584 0.0560 -2.8265 0.0047 -0.2682 -0.0486 39.3573 0.0026
   estimate     se    zval   pval   ci.lb  ci.ub       Q     Qp
1   -0.0082 0.0290 -0.2815 0.7783 -0.0649 0.0486 21.7446 0.2435
2   -0.0022 0.0290 -0.0749 0.9403 -0.0589 0.0546 22.0036 0.2318
3   -0.0078 0.0290 -0.2705 0.7868 -0.0646 0.0489 21.8014 0.2409
4    0.0083 0.0290  0.2860 0.7749 -0.0485 0.0651 18.3720 0.4314
5   -0.0109 0.0290 -0.3774 0.7059 -0.0677 0.0458 21.0448 0.2772
6   -0.0090 0.0290 -0.3096 0.7569 -0.0657 0.0478 21.5777 0.2513
7   -0.0022 0.0290 -0.0770 0.9386 -0.0590 0.0545 22.0098 0.2315
8    0.0016 0.0290  0.0535 0.9573 -0.0552 0.0583 21.3056 0.2643
9   -0.0037 0.0290 -0.1295 0.8970 -0.0605 0.0530 22.1014 0.2275
10  -0.0000 0.0290 -0.0000 1.0000 -0.0568 0.0568 21.6759 0.2467
11  -0.0060 0.0290 -0.2073 0.8358 -0.0628 0.0508 22.0344 0.2305
12  -0.0137 0.0290 -0.4742 0.6353 -0.0705 0.0430 19.9647 0.3348
13   0.0003 0.0290  0.0116 0.9907 -0.0564 0.0571 21.6047 0.2500
14  -0.0175 0.0290 -0.6051 0.5451 -0.0743 0.0392 17.8961 0.4625
15   0.0029 0.0290  0.1004 0.9200 -0.0539 0.0597 20.8846 0.2853
16   0.0109 0.0290  0.3745 0.7080 -0.0459 0.0676 16.7171 0.5426
17  -0.0097 0.0290 -0.3332 0.7390 -0.0664 0.0471 21.4127 0.2591
18  -0.0061 0.0290 -0.2119 0.8322 -0.0629 0.0506 22.0228 0.2310
19  -0.0006 0.0290 -0.0204 0.9837 -0.0574 0.0562 21.7872 0.2416
20  -0.0113 0.0290 -0.3911 0.6957 -0.0681 0.0454 20.9156 0.2837
   estimate     se    zval   pval   ci.lb   ci.ub       Q     Qp
1   -0.0727 0.0290 -2.5094 0.0121 -0.1295 -0.0159 11.8486 0.8550
2   -0.0732 0.0290 -2.5285 0.0115 -0.1300 -0.0165 11.9224 0.8512
3   -0.0770 0.0290 -2.6587 0.0078 -0.1338 -0.0202 12.0333 0.8455
4   -0.0701 0.0290 -2.4186 0.0156 -0.1268 -0.0133 11.3021 0.8811
5   -0.0770 0.0290 -2.6583 0.0079 -0.1338 -0.0202 12.0339 0.8455
6   -0.0779 0.0290 -2.6886 0.0072 -0.1347 -0.0211 11.9630 0.8491
7   -0.0742 0.0290 -2.5615 0.0104 -0.1310 -0.0174 12.0146 0.8465
8   -0.0750 0.0290 -2.5900 0.0096 -0.1318 -0.0183 12.0592 0.8442
9   -0.0774 0.0290 -2.6711 0.0076 -0.1342 -0.0206 12.0084 0.8468
10  -0.0704 0.0290 -2.4293 0.0151 -0.1272 -0.0136 11.3891 0.8771
11  -0.0777 0.0290 -2.6813 0.0073 -0.1344 -0.0209 11.9833 0.8481
12  -0.0806 0.0290 -2.7818 0.0054 -0.1374 -0.0238 11.5137 0.8713
13  -0.0900 0.0290 -3.1060 0.0019 -0.1468 -0.0332  7.2546 0.9878
14  -0.0841 0.0290 -2.9046 0.0037 -0.1409 -0.0274 10.3921 0.9184
15  -0.0680 0.0290 -2.3456 0.0190 -0.1247 -0.0112 10.6274 0.9095
16  -0.0717 0.0290 -2.4761 0.0133 -0.1285 -0.0150 11.6884 0.8629
17  -0.0701 0.0290 -2.4206 0.0155 -0.1269 -0.0133 11.3191 0.8803
18  -0.0720 0.0290 -2.4851 0.0130 -0.1288 -0.0152 11.7321 0.8608
19  -0.0803 0.0290 -2.7736 0.0055 -0.1371 -0.0236 11.5674 0.8688
20  -0.0756 0.0290 -2.6084 0.0091 -0.1323 -0.0188 12.0707 0.8436
   estimate     se    zval   pval   ci.lb   ci.ub       Q     Qp
1   -0.0701 0.0294 -2.3829 0.0172 -0.1278 -0.0124 15.7342 0.6111
2   -0.0726 0.0294 -2.4676 0.0136 -0.1303 -0.0149 15.8166 0.6053
3   -0.0725 0.0294 -2.4629 0.0138 -0.1302 -0.0148 15.8195 0.6051
4   -0.0629 0.0294 -2.1372 0.0326 -0.1206 -0.0052 13.8684 0.7376
5   -0.0729 0.0294 -2.4760 0.0133 -0.1306 -0.0152 15.8091 0.6059
6   -0.0778 0.0294 -2.6442 0.0082 -0.1355 -0.0201 15.0639 0.6576
7   -0.0742 0.0294 -2.5221 0.0117 -0.1319 -0.0165 15.7176 0.6122
8   -0.0762 0.0294 -2.5889 0.0096 -0.1339 -0.0185 15.4340 0.6320
9   -0.0756 0.0294 -2.5687 0.0102 -0.1333 -0.0179 15.5385 0.6247
10  -0.0624 0.0294 -2.1203 0.0340 -0.1201 -0.0047 13.6827 0.7495
11  -0.0720 0.0294 -2.4469 0.0144 -0.1297 -0.0143 15.8230 0.6049
12  -0.0769 0.0294 -2.6122 0.0090 -0.1346 -0.0192 15.2933 0.6417
13  -0.0872 0.0294 -2.9635 0.0030 -0.1449 -0.0295 10.5414 0.9128
14  -0.0768 0.0294 -2.6098 0.0091 -0.1345 -0.0191 15.3087 0.6407
15  -0.0638 0.0294 -2.1661 0.0303 -0.1215 -0.0061 14.2325 0.7138
16  -0.0631 0.0294 -2.1420 0.0322 -0.1208 -0.0054 13.9435 0.7328
17  -0.0692 0.0294 -2.3504 0.0188 -0.1269 -0.0115 15.6279 0.6185
18  -0.0679 0.0294 -2.3079 0.0210 -0.1256 -0.0102 15.4191 0.6330
19  -0.0767 0.0294 -2.6057 0.0092 -0.1344 -0.0190 15.3349 0.6389
20  -0.0710 0.0294 -2.4130 0.0158 -0.1287 -0.0133 15.7964 0.6068
   estimate     se   zval   pval   ci.lb  ci.ub       Q     Qp
1    0.0303 0.0354 0.8553 0.3924 -0.0391 0.0997 29.6543 0.0409
2    0.0389 0.0354 1.0992 0.2717 -0.0305 0.1083 29.1656 0.0464
3    0.0254 0.0354 0.7188 0.4723 -0.0439 0.0948 28.8804 0.0499
4    0.0439 0.0354 1.2386 0.2155 -0.0255 0.1133 27.8256 0.0648
5    0.0236 0.0354 0.6674 0.5045 -0.0458 0.0930 28.4103 0.0561
6    0.0218 0.0354 0.6162 0.5378 -0.0476 0.0912 27.8104 0.0650
7    0.0421 0.0354 1.1880 0.2348 -0.0273 0.1115 28.3951 0.0563
8    0.0399 0.0354 1.1266 0.2599 -0.0295 0.1093 28.9636 0.0488
9    0.0334 0.0354 0.9428 0.3458 -0.0360 0.1028 29.7536 0.0399
10   0.0359 0.0354 1.0142 0.3105 -0.0335 0.1053 29.6070 0.0414
11   0.0282 0.0354 0.7961 0.4260 -0.0412 0.0976 29.4144 0.0435
12   0.0193 0.0354 0.5436 0.5867 -0.0502 0.0887 26.8364 0.0821
13   0.0363 0.0354 1.0253 0.3052 -0.0331 0.1057 29.5659 0.0419
14   0.0164 0.0354 0.4622 0.6439 -0.0530 0.0858 25.4746 0.1124
15   0.0542 0.0354 1.5298 0.1261 -0.0152 0.1236 22.5833 0.2071
16   0.0505 0.0354 1.4265 0.1537 -0.0189 0.1200 24.8378 0.1294
17   0.0254 0.0354 0.7175 0.4731 -0.0440 0.0948 28.8731 0.0500
18   0.0270 0.0354 0.7613 0.4465 -0.0424 0.0964 29.2061 0.0459
19   0.0375 0.0354 1.0598 0.2892 -0.0319 0.1069 29.4063 0.0436
20   0.0268 0.0354 0.7562 0.4495 -0.0426 0.0962 29.1706 0.0463
   estimate     se    zval   pval   ci.lb   ci.ub       Q     Qp
1   -0.1633 0.0420 -3.8869 0.0001 -0.2457 -0.0810 13.1803 0.7808
2   -0.1643 0.0420 -3.9129 0.0001 -0.2466 -0.0820 13.3154 0.7725
3   -0.1654 0.0420 -3.9402 0.0001 -0.2477 -0.0831 13.4765 0.7625
4   -0.1769 0.0420 -4.2111 0.0000 -0.2593 -0.0946 13.4044 0.7670
5   -0.1678 0.0420 -3.9924 0.0001 -0.2501 -0.0854 13.7103 0.7478
6   -0.1663 0.0420 -3.9581 0.0001 -0.2487 -0.0840 13.5891 0.7555
7   -0.1632 0.0420 -3.8859 0.0001 -0.2456 -0.0809 13.1587 0.7821
8   -0.1711 0.0420 -4.0716 0.0000 -0.2534 -0.0887 13.8203 0.7407
9   -0.1606 0.0420 -3.8231 0.0001 -0.2430 -0.0783 12.6325 0.8129
10  -0.1901 0.0420 -4.5246 0.0000 -0.2725 -0.1078  9.6392 0.9430
11  -0.1757 0.0420 -4.1816 0.0000 -0.2581 -0.0934 13.5570 0.7575
12  -0.1727 0.0420 -4.1106 0.0000 -0.2551 -0.0904 13.7823 0.7432
13  -0.1809 0.0420 -4.3042 0.0000 -0.2632 -0.0985 12.6957 0.8093
14  -0.1734 0.0420 -4.1266 0.0000 -0.2557 -0.0910 13.7494 0.7453
15  -0.1771 0.0420 -4.2146 0.0000 -0.2595 -0.0947 13.3842 0.7683
16  -0.1691 0.0420 -4.0255 0.0001 -0.2515 -0.0868 13.7863 0.7429
17  -0.1577 0.0420 -3.7522 0.0002 -0.2401 -0.0753 11.8787 0.8534
18  -0.1714 0.0420 -4.0782 0.0000 -0.2537 -0.0890 13.8181 0.7409
19  -0.1844 0.0420 -4.3896 0.0000 -0.2668 -0.1021 11.7410 0.8603
20  -0.1659 0.0420 -3.9495 0.0001 -0.2483 -0.0836 13.5456 0.7582
>     
>   
> 
> 
> 
> 
> ### EXIT
> warnings ()
Warning messages:
1: In plot.window(...) : "plotfb" is not a graphical parameter
2: In plot.xy(xy, type, ...) : "plotfb" is not a graphical parameter
3: In axis(side = side, at = at, labels = labels, ...) :
  "plotfb" is not a graphical parameter
4: In axis(side = side, at = at, labels = labels, ...) :
  "plotfb" is not a graphical parameter
5: In box(...) : "plotfb" is not a graphical parameter
6: In title(...) : "plotfb" is not a graphical parameter
7: In axis(...) : "plotfb" is not a graphical parameter
8: In int_abline(a = a, b = b, h = h, v = v, untf = untf,  ... :
  "plotfb" is not a graphical parameter
9: In int_abline(a = a, b = b, h = h, v = v, untf = untf,  ... :
  "plotfb" is not a graphical parameter
10: In plot.xy(xy.coords(x, y), type = type, ...) :
  "plotfb" is not a graphical parameter
11: In plot.xy(xy.coords(x, y), type = type, ...) :
  "plotfb" is not a graphical parameter
12: In plot.xy(xy.coords(x, y), type = type, ...) :
  "plotfb" is not a graphical parameter
13: In plot.window(...) : "plotfb" is not a graphical parameter
14: In plot.xy(xy, type, ...) : "plotfb" is not a graphical parameter
15: In axis(side = side, at = at, labels = labels, ...) :
  "plotfb" is not a graphical parameter
16: In axis(side = side, at = at, labels = labels, ...) :
  "plotfb" is not a graphical parameter
17: In box(...) : "plotfb" is not a graphical parameter
18: In title(...) : "plotfb" is not a graphical parameter
19: In axis(...) : "plotfb" is not a graphical parameter
20: In int_abline(a = a, b = b, h = h, v = v, untf = untf,  ... :
  "plotfb" is not a graphical parameter
21: In int_abline(a = a, b = b, h = h, v = v, untf = untf,  ... :
  "plotfb" is not a graphical parameter
22: In int_abline(a = a, b = b, h = h, v = v, untf = untf,  ... :
  "plotfb" is not a graphical parameter
23: In plot.xy(xy.coords(x, y), type = type, ...) :
  "plotfb" is not a graphical parameter
24: In plot.xy(xy.coords(x, y), type = type, ...) :
  "plotfb" is not a graphical parameter
25: In plot.xy(xy.coords(x, y), type = type, ...) :
  "plotfb" is not a graphical parameter
26: In plot.window(...) : "plotfb" is not a graphical parameter
27: In plot.xy(xy, type, ...) : "plotfb" is not a graphical parameter
28: In axis(side = side, at = at, labels = labels, ...) :
  "plotfb" is not a graphical parameter
29: In axis(side = side, at = at, labels = labels, ...) :
  "plotfb" is not a graphical parameter
30: In box(...) : "plotfb" is not a graphical parameter
31: In title(...) : "plotfb" is not a graphical parameter
32: In axis(...) : "plotfb" is not a graphical parameter
33: In int_abline(a = a, b = b, h = h, v = v, untf = untf,  ... :
  "plotfb" is not a graphical parameter
34: In plot.xy(xy.coords(x, y), type = type, ...) :
  "plotfb" is not a graphical parameter
35: In plot.xy(xy.coords(x, y), type = type, ...) :
  "plotfb" is not a graphical parameter
36: In plot.xy(xy.coords(x, y), type = type, ...) :
  "plotfb" is not a graphical parameter
37: In plot.window(...) : "plotfb" is not a graphical parameter
38: In plot.xy(xy, type, ...) : "plotfb" is not a graphical parameter
39: In axis(side = side, at = at, labels = labels, ...) :
  "plotfb" is not a graphical parameter
40: In axis(side = side, at = at, labels = labels, ...) :
  "plotfb" is not a graphical parameter
41: In box(...) : "plotfb" is not a graphical parameter
42: In title(...) : "plotfb" is not a graphical parameter
43: In axis(...) : "plotfb" is not a graphical parameter
44: In int_abline(a = a, b = b, h = h, v = v, untf = untf,  ... :
  "plotfb" is not a graphical parameter
45: In plot.xy(xy.coords(x, y), type = type, ...) :
  "plotfb" is not a graphical parameter
46: In plot.xy(xy.coords(x, y), type = type, ...) :
  "plotfb" is not a graphical parameter
47: In plot.xy(xy.coords(x, y), type = type, ...) :
  "plotfb" is not a graphical parameter
48: In plot.window(...) : "plotfb" is not a graphical parameter
49: In plot.xy(xy, type, ...) : "plotfb" is not a graphical parameter
50: In axis(side = side, at = at, labels = labels, ...) :
  "plotfb" is not a graphical parameter
> sessionInfo ()
R version 3.3.0 (2016-05-03)
Platform: x86_64-pc-linux-gnu (64-bit)
Running under: Ubuntu 14.04.4 LTS

locale:
 [1] LC_CTYPE=en_US.UTF-8       LC_NUMERIC=C              
 [3] LC_TIME=es_ES.UTF-8        LC_COLLATE=en_US.UTF-8    
 [5] LC_MONETARY=es_ES.UTF-8    LC_MESSAGES=en_US.UTF-8   
 [7] LC_PAPER=es_ES.UTF-8       LC_NAME=C                 
 [9] LC_ADDRESS=C               LC_TELEPHONE=C            
[11] LC_MEASUREMENT=es_ES.UTF-8 LC_IDENTIFICATION=C       

attached base packages:
[1] parallel  stats     graphics  grDevices utils     datasets  methods  
[8] base     

other attached packages:
[1] reshape_0.8.5       ggplot2_2.1.0       mdgsa_1.2.0        
[4] RSQLite_1.0.0       DBI_0.4-1           metafor_1.9-8      
[7] Matrix_1.2-6        Biobase_2.30.0      BiocGenerics_0.16.1

loaded via a namespace (and not attached):
 [1] Rcpp_0.12.5          lattice_0.20-33      IRanges_2.4.8       
 [4] GO.db_3.2.2          plyr_1.8.3           grid_3.3.0          
 [7] gtable_0.2.0         stats4_3.3.0         scales_0.4.0        
[10] S4Vectors_0.8.11     KEGG.db_3.2.2        labeling_0.3        
[13] munsell_0.4.3        colorspace_1.2-6     AnnotationDbi_1.32.3
[16] cluster_2.0.4       
> q ("no")
> proc.time()
   user  system elapsed 
270.587   3.180 296.917 
